<html>
<body>
<pre>
<h1>µVision Build Log</h1>
<h2>Tool Versions:</h2>
IDE-Version: ¦ÌVision V5.38.0.0
Copyright (C) 2022 ARM Ltd and ARM Germany GmbH. All rights reserved.
License Information: bear shang, jingwei, LIC=DSNXV-PIUAJ-TLSCD-8XP0T-N20WR-GYLXP
 
Tool Versions:
Toolchain:       MDK-ARM Professional  Version: 5.38.0.0
Toolchain Path:  C:\Keil_v5\ARM\ARMCLANG\Bin
C Compiler:      ArmClang.exe V6.19
Assembler:       Armasm.exe V6.19
Linker/Locator:  ArmLink.exe V6.19
Library Manager: ArmAr.exe V6.19
Hex Converter:   FromElf.exe V6.19
CPU DLL:         SARMCM3.DLL V5.38.0.0
Dialog DLL:      DCM.DLL V1.17.5.0
Target DLL:      CMSIS_AGDI.dll V1.33.15.0
Dialog DLL:      TCM.DLL V1.56.4.0
 
<h2>Project:</h2>
D:\Project\hwzx\drone\motor_drv\Software\V0.3\at32m412_lv_motor_ev\at32m412\bldc_1shunt_sensorless\mdk_v5\bldc_1shunt_sensorless.uvprojx
Project File Date:  12/12/2025

<h2>Output:</h2>
*** Using Compiler 'V6.19', folder: 'C:\Keil_v5\ARM\ARMCLANG\Bin'
Build target 'bldc_1shunt_sensorless'
compiling at32m412_416_clock.c...
compiling main.c...
compiling mc_delay.c...
compiling mc_curr_fdbk.c...
compiling mc_bldc.c...
compiling mc_isr.c...
compiling mc_hwio.c...
compiling mc_comm_uart.c...
compiling mc_pid_controller.c...
compiling mc_bldc_globals.c...
compiling mc_math.c...
compiling mc_bldc_sensorless.c...
compiling motor_control_bldc.c...
compiling mc_flash_data_table_bldc.c...
compiling mc_bldc_esc_state_sensorless.c...
compiling user_interface_bldc.c...
linking...
Program Size: Code=34308 RO-data=1676 RW-data=796 ZI-data=5164  
FromELF: creating hex file...
".\Objects\bldc_1shunt_sensorless.axf" - 0 Error(s), 0 Warning(s).

<h2>Software Packages used:</h2>

Package Vendor: ArteryTek
                
                ArteryTek.AT32M412_416_DFP.2.0.2
                ArteryTek AT32M412_416 Series Device Support,Drivers

<h2>Collection of Component include folders:</h2>
  D:/KeilPacks/Arm/Packs/ArteryTek/AT32M412_416_DFP/2.0.2/Device/Include

<h2>Collection of Component Files used:</h2>
Build Time Elapsed:  00:00:01
</pre>
</body>
</html>
