<!doctype html public "-//w3c//dtd html 4.0 transitional//en">
<html><head>
<title>Static Call Graph - [.\Objects\bldc_1shunt_sensorless.axf]</title></head>
<body><HR>
<H1>Static Call Graph for image .\Objects\bldc_1shunt_sensorless.axf</H1><HR>
<BR><P>#&#060CALLGRAPH&#062# ARM Linker, 6190004: Last Updated: Mon Oct 27 13:39:13 2025
<BR><P>
<H3>Maximum Stack Usage =        416 bytes + Unknown(Cycles, Untraceable Function Pointers)</H3><H3>
Call chain for Maximum Stack Depth:</H3>
SysTick_Handler &rArr; ESC_State_Task &rArr; motor_parameter_id_process &rArr; param_id_process &rArr; __hardfp_log &rArr; __kernel_poly &rArr; __aeabi_dmul &rArr; _double_epilogue &rArr; _double_round
<P>
<H3>
Mutually Recursive functions
</H3> <LI><a href="#[20]">CAN1_ERR_IRQHandler</a>&nbsp;&nbsp;&nbsp;&rArr;&nbsp;&nbsp;&nbsp;<a href="#[20]">CAN1_ERR_IRQHandler</a><BR>
 <LI><a href="#[4]">BusFault_Handler</a>&nbsp;&nbsp;&nbsp;&rArr;&nbsp;&nbsp;&nbsp;<a href="#[4]">BusFault_Handler</a><BR>
 <LI><a href="#[2]">HardFault_Handler</a>&nbsp;&nbsp;&nbsp;&rArr;&nbsp;&nbsp;&nbsp;<a href="#[2]">HardFault_Handler</a><BR>
 <LI><a href="#[3]">MemManage_Handler</a>&nbsp;&nbsp;&nbsp;&rArr;&nbsp;&nbsp;&nbsp;<a href="#[3]">MemManage_Handler</a><BR>
 <LI><a href="#[5]">UsageFault_Handler</a>&nbsp;&nbsp;&nbsp;&rArr;&nbsp;&nbsp;&nbsp;<a href="#[5]">UsageFault_Handler</a><BR>
</UL>
<P>
<H3>
Function Pointers
</H3><UL>
 <LI><a href="#[1c]">ADC1_2_IRQHandler</a> from mc_isr.o(.text.ADC1_2_IRQHandler) referenced from startup_at32m412_416.o(RESET)
 <LI><a href="#[4]">BusFault_Handler</a> from at32m412_416_int.o(.text.BusFault_Handler) referenced from startup_at32m412_416.o(RESET)
 <LI><a href="#[20]">CAN1_ERR_IRQHandler</a> from startup_at32m412_416.o(.text) referenced from startup_at32m412_416.o(RESET)
 <LI><a href="#[1e]">CAN1_RX_IRQHandler</a> from startup_at32m412_416.o(.text) referenced from startup_at32m412_416.o(RESET)
 <LI><a href="#[1f]">CAN1_STAT_IRQHandler</a> from startup_at32m412_416.o(.text) referenced from startup_at32m412_416.o(RESET)
 <LI><a href="#[1d]">CAN1_TX_IRQHandler</a> from startup_at32m412_416.o(.text) referenced from startup_at32m412_416.o(RESET)
 <LI><a href="#[34]">CMP2_1_IRQHandler</a> from startup_at32m412_416.o(.text) referenced from startup_at32m412_416.o(RESET)
 <LI><a href="#[f]">CRM_IRQHandler</a> from startup_at32m412_416.o(.text) referenced from startup_at32m412_416.o(RESET)
 <LI><a href="#[15]">DMA1_Channel1_IRQHandler</a> from startup_at32m412_416.o(.text) referenced from startup_at32m412_416.o(RESET)
 <LI><a href="#[16]">DMA1_Channel2_IRQHandler</a> from startup_at32m412_416.o(.text) referenced from startup_at32m412_416.o(RESET)
 <LI><a href="#[17]">DMA1_Channel3_IRQHandler</a> from startup_at32m412_416.o(.text) referenced from startup_at32m412_416.o(RESET)
 <LI><a href="#[18]">DMA1_Channel4_IRQHandler</a> from startup_at32m412_416.o(.text) referenced from startup_at32m412_416.o(RESET)
 <LI><a href="#[19]">DMA1_Channel5_IRQHandler</a> from startup_at32m412_416.o(.text) referenced from startup_at32m412_416.o(RESET)
 <LI><a href="#[1a]">DMA1_Channel6_IRQHandler</a> from startup_at32m412_416.o(.text) referenced from startup_at32m412_416.o(RESET)
 <LI><a href="#[1b]">DMA1_Channel7_IRQHandler</a> from startup_at32m412_416.o(.text) referenced from startup_at32m412_416.o(RESET)
 <LI><a href="#[36]">DMAMUX_IRQHandler</a> from startup_at32m412_416.o(.text) referenced from startup_at32m412_416.o(RESET)
 <LI><a href="#[7]">DebugMon_Handler</a> from at32m412_416_int.o(.text.DebugMon_Handler) referenced from startup_at32m412_416.o(RESET)
 <LI><a href="#[31]">ERTCAlarm_IRQHandler</a> from startup_at32m412_416.o(.text) referenced from startup_at32m412_416.o(RESET)
 <LI><a href="#[d]">ERTC_WKUP_IRQHandler</a> from startup_at32m412_416.o(.text) referenced from startup_at32m412_416.o(RESET)
 <LI><a href="#[10]">EXINT0_IRQHandler</a> from startup_at32m412_416.o(.text) referenced from startup_at32m412_416.o(RESET)
 <LI><a href="#[30]">EXINT15_10_IRQHandler</a> from startup_at32m412_416.o(.text) referenced from startup_at32m412_416.o(RESET)
 <LI><a href="#[11]">EXINT1_IRQHandler</a> from startup_at32m412_416.o(.text) referenced from startup_at32m412_416.o(RESET)
 <LI><a href="#[12]">EXINT2_IRQHandler</a> from startup_at32m412_416.o(.text) referenced from startup_at32m412_416.o(RESET)
 <LI><a href="#[13]">EXINT3_IRQHandler</a> from startup_at32m412_416.o(.text) referenced from startup_at32m412_416.o(RESET)
 <LI><a href="#[14]">EXINT4_IRQHandler</a> from startup_at32m412_416.o(.text) referenced from startup_at32m412_416.o(RESET)
 <LI><a href="#[21]">EXINT9_5_IRQHandler</a> from startup_at32m412_416.o(.text) referenced from startup_at32m412_416.o(RESET)
 <LI><a href="#[e]">FLASH_IRQHandler</a> from startup_at32m412_416.o(.text) referenced from startup_at32m412_416.o(RESET)
 <LI><a href="#[35]">FPU_IRQHandler</a> from startup_at32m412_416.o(.text) referenced from startup_at32m412_416.o(RESET)
 <LI><a href="#[2]">HardFault_Handler</a> from at32m412_416_int.o(.text.HardFault_Handler) referenced from startup_at32m412_416.o(RESET)
 <LI><a href="#[29]">I2C1_ERR_IRQHandler</a> from startup_at32m412_416.o(.text) referenced from startup_at32m412_416.o(RESET)
 <LI><a href="#[28]">I2C1_EVT_IRQHandler</a> from startup_at32m412_416.o(.text) referenced from startup_at32m412_416.o(RESET)
 <LI><a href="#[2b]">I2C2_ERR_IRQHandler</a> from startup_at32m412_416.o(.text) referenced from startup_at32m412_416.o(RESET)
 <LI><a href="#[2a]">I2C2_EVT_IRQHandler</a> from startup_at32m412_416.o(.text) referenced from startup_at32m412_416.o(RESET)
 <LI><a href="#[3]">MemManage_Handler</a> from at32m412_416_int.o(.text.MemManage_Handler) referenced from startup_at32m412_416.o(RESET)
 <LI><a href="#[1]">NMI_Handler</a> from at32m412_416_int.o(.text.NMI_Handler) referenced from startup_at32m412_416.o(RESET)
 <LI><a href="#[b]">PVM_IRQHandler</a> from startup_at32m412_416.o(.text) referenced from startup_at32m412_416.o(RESET)
 <LI><a href="#[8]">PendSV_Handler</a> from at32m412_416_int.o(.text.PendSV_Handler) referenced from startup_at32m412_416.o(RESET)
 <LI><a href="#[0]">Reset_Handler</a> from startup_at32m412_416.o(.text) referenced from startup_at32m412_416.o(RESET)
 <LI><a href="#[2c]">SPI1_IRQHandler</a> from startup_at32m412_416.o(.text) referenced from startup_at32m412_416.o(RESET)
 <LI><a href="#[2d]">SPI2_IRQHandler</a> from startup_at32m412_416.o(.text) referenced from startup_at32m412_416.o(RESET)
 <LI><a href="#[6]">SVC_Handler</a> from at32m412_416_int.o(.text.SVC_Handler) referenced from startup_at32m412_416.o(RESET)
 <LI><a href="#[9]">SysTick_Handler</a> from mc_isr.o(.text.SysTick_Handler) referenced from startup_at32m412_416.o(RESET)
 <LI><a href="#[38]">SystemInit</a> from system_at32m412_416.o(.text.SystemInit) referenced from startup_at32m412_416.o(.text)
 <LI><a href="#[c]">TAMP_STAMP_IRQHandler</a> from startup_at32m412_416.o(.text) referenced from startup_at32m412_416.o(RESET)
 <LI><a href="#[22]">TMR1_BRK_TMR9_IRQHandler</a> from mc_isr.o(.text.TMR1_BRK_TMR9_IRQHandler) referenced from startup_at32m412_416.o(RESET)
 <LI><a href="#[25]">TMR1_CH_IRQHandler</a> from mc_isr.o(.text.TMR1_CH_IRQHandler) referenced from startup_at32m412_416.o(RESET)
 <LI><a href="#[23]">TMR1_OVF_TMR10_IRQHandler</a> from mc_isr.o(.text.TMR1_OVF_TMR10_IRQHandler) referenced from startup_at32m412_416.o(RESET)
 <LI><a href="#[24]">TMR1_TRG_HALL_TMR11_IRQHandler</a> from mc_isr.o(.text.TMR1_TRG_HALL_TMR11_IRQHandler) referenced from startup_at32m412_416.o(RESET)
 <LI><a href="#[26]">TMR3_GLOBAL_IRQHandler</a> from mc_isr.o(.text.TMR3_GLOBAL_IRQHandler) referenced from startup_at32m412_416.o(RESET)
 <LI><a href="#[27]">TMR4_GLOBAL_IRQHandler</a> from startup_at32m412_416.o(.text) referenced from startup_at32m412_416.o(RESET)
 <LI><a href="#[32]">TMR6_DAC_GLOBAL_IRQHandler</a> from startup_at32m412_416.o(.text) referenced from startup_at32m412_416.o(RESET)
 <LI><a href="#[33]">TMR7_GLOBAL_IRQHandler</a> from startup_at32m412_416.o(.text) referenced from startup_at32m412_416.o(RESET)
 <LI><a href="#[2e]">USART1_IRQHandler</a> from mc_comm_uart.o(.text.USART1_IRQHandler) referenced from startup_at32m412_416.o(RESET)
 <LI><a href="#[2f]">USART2_IRQHandler</a> from startup_at32m412_416.o(.text) referenced from startup_at32m412_416.o(RESET)
 <LI><a href="#[5]">UsageFault_Handler</a> from at32m412_416_int.o(.text.UsageFault_Handler) referenced from startup_at32m412_416.o(RESET)
 <LI><a href="#[a]">WWDT_IRQHandler</a> from startup_at32m412_416.o(.text) referenced from startup_at32m412_416.o(RESET)
 <LI><a href="#[39]">__main</a> from entry.o(.ARM.Collect$$$$00000000) referenced from startup_at32m412_416.o(.text)
 <LI><a href="#[37]">main</a> from main.o(.text.main) referenced from entry9a.o(.ARM.Collect$$$$0000000B)
</UL>
<P>
<H3>
Global Symbols
</H3>
<P><STRONG><a name="[39]"></a>__main</STRONG> (Thumb, 0 bytes, Stack size unknown bytes, entry.o(.ARM.Collect$$$$00000000))
<BR>[Address Reference Count : 1]<UL><LI> startup_at32m412_416.o(.text)
</UL>
<P><STRONG><a name="[136]"></a>_main_stk</STRONG> (Thumb, 0 bytes, Stack size unknown bytes, entry2.o(.ARM.Collect$$$$00000001))

<P><STRONG><a name="[3a]"></a>_main_scatterload</STRONG> (Thumb, 0 bytes, Stack size unknown bytes, entry5.o(.ARM.Collect$$$$00000004))
<BR><BR>[Calls]<UL><LI><a href="#[3b]">&gt;&gt;</a>&nbsp;&nbsp;&nbsp;__scatterload
</UL>

<P><STRONG><a name="[51]"></a>__main_after_scatterload</STRONG> (Thumb, 0 bytes, Stack size unknown bytes, entry5.o(.ARM.Collect$$$$00000004))
<BR><BR>[Called By]<UL><LI><a href="#[3b]">&gt;&gt;</a>&nbsp;&nbsp;&nbsp;__scatterload
</UL>

<P><STRONG><a name="[137]"></a>_main_clock</STRONG> (Thumb, 0 bytes, Stack size unknown bytes, entry7b.o(.ARM.Collect$$$$00000008))

<P><STRONG><a name="[138]"></a>_main_cpp_init</STRONG> (Thumb, 0 bytes, Stack size unknown bytes, entry8b.o(.ARM.Collect$$$$0000000A))

<P><STRONG><a name="[139]"></a>_main_init</STRONG> (Thumb, 0 bytes, Stack size unknown bytes, entry9a.o(.ARM.Collect$$$$0000000B))

<P><STRONG><a name="[13a]"></a>__rt_final_cpp</STRONG> (Thumb, 0 bytes, Stack size unknown bytes, entry10a.o(.ARM.Collect$$$$0000000D))

<P><STRONG><a name="[13b]"></a>__rt_final_exit</STRONG> (Thumb, 0 bytes, Stack size unknown bytes, entry11a.o(.ARM.Collect$$$$0000000F))

<P><STRONG><a name="[0]"></a>Reset_Handler</STRONG> (Thumb, 8 bytes, Stack size 0 bytes, startup_at32m412_416.o(.text))
<BR>[Address Reference Count : 1]<UL><LI> startup_at32m412_416.o(RESET)
</UL>
<P><STRONG><a name="[20]"></a>CAN1_ERR_IRQHandler</STRONG> (Thumb, 0 bytes, Stack size 0 bytes, startup_at32m412_416.o(.text))
<BR><BR>[Calls]<UL><LI><a href="#[20]">&gt;&gt;</a>&nbsp;&nbsp;&nbsp;CAN1_ERR_IRQHandler
</UL>
<BR>[Called By]<UL><LI><a href="#[20]">&gt;&gt;</a>&nbsp;&nbsp;&nbsp;CAN1_ERR_IRQHandler
</UL>
<BR>[Address Reference Count : 1]<UL><LI> startup_at32m412_416.o(RESET)
</UL>
<P><STRONG><a name="[1e]"></a>CAN1_RX_IRQHandler</STRONG> (Thumb, 0 bytes, Stack size 0 bytes, startup_at32m412_416.o(.text))
<BR>[Address Reference Count : 1]<UL><LI> startup_at32m412_416.o(RESET)
</UL>
<P><STRONG><a name="[1f]"></a>CAN1_STAT_IRQHandler</STRONG> (Thumb, 0 bytes, Stack size 0 bytes, startup_at32m412_416.o(.text))
<BR>[Address Reference Count : 1]<UL><LI> startup_at32m412_416.o(RESET)
</UL>
<P><STRONG><a name="[1d]"></a>CAN1_TX_IRQHandler</STRONG> (Thumb, 0 bytes, Stack size 0 bytes, startup_at32m412_416.o(.text))
<BR>[Address Reference Count : 1]<UL><LI> startup_at32m412_416.o(RESET)
</UL>
<P><STRONG><a name="[34]"></a>CMP2_1_IRQHandler</STRONG> (Thumb, 0 bytes, Stack size 0 bytes, startup_at32m412_416.o(.text))
<BR>[Address Reference Count : 1]<UL><LI> startup_at32m412_416.o(RESET)
</UL>
<P><STRONG><a name="[f]"></a>CRM_IRQHandler</STRONG> (Thumb, 0 bytes, Stack size 0 bytes, startup_at32m412_416.o(.text))
<BR>[Address Reference Count : 1]<UL><LI> startup_at32m412_416.o(RESET)
</UL>
<P><STRONG><a name="[15]"></a>DMA1_Channel1_IRQHandler</STRONG> (Thumb, 0 bytes, Stack size 0 bytes, startup_at32m412_416.o(.text))
<BR>[Address Reference Count : 1]<UL><LI> startup_at32m412_416.o(RESET)
</UL>
<P><STRONG><a name="[16]"></a>DMA1_Channel2_IRQHandler</STRONG> (Thumb, 0 bytes, Stack size 0 bytes, startup_at32m412_416.o(.text))
<BR>[Address Reference Count : 1]<UL><LI> startup_at32m412_416.o(RESET)
</UL>
<P><STRONG><a name="[17]"></a>DMA1_Channel3_IRQHandler</STRONG> (Thumb, 0 bytes, Stack size 0 bytes, startup_at32m412_416.o(.text))
<BR>[Address Reference Count : 1]<UL><LI> startup_at32m412_416.o(RESET)
</UL>
<P><STRONG><a name="[18]"></a>DMA1_Channel4_IRQHandler</STRONG> (Thumb, 0 bytes, Stack size 0 bytes, startup_at32m412_416.o(.text))
<BR>[Address Reference Count : 1]<UL><LI> startup_at32m412_416.o(RESET)
</UL>
<P><STRONG><a name="[19]"></a>DMA1_Channel5_IRQHandler</STRONG> (Thumb, 0 bytes, Stack size 0 bytes, startup_at32m412_416.o(.text))
<BR>[Address Reference Count : 1]<UL><LI> startup_at32m412_416.o(RESET)
</UL>
<P><STRONG><a name="[1a]"></a>DMA1_Channel6_IRQHandler</STRONG> (Thumb, 0 bytes, Stack size 0 bytes, startup_at32m412_416.o(.text))
<BR>[Address Reference Count : 1]<UL><LI> startup_at32m412_416.o(RESET)
</UL>
<P><STRONG><a name="[1b]"></a>DMA1_Channel7_IRQHandler</STRONG> (Thumb, 0 bytes, Stack size 0 bytes, startup_at32m412_416.o(.text))
<BR>[Address Reference Count : 1]<UL><LI> startup_at32m412_416.o(RESET)
</UL>
<P><STRONG><a name="[36]"></a>DMAMUX_IRQHandler</STRONG> (Thumb, 0 bytes, Stack size 0 bytes, startup_at32m412_416.o(.text))
<BR>[Address Reference Count : 1]<UL><LI> startup_at32m412_416.o(RESET)
</UL>
<P><STRONG><a name="[31]"></a>ERTCAlarm_IRQHandler</STRONG> (Thumb, 0 bytes, Stack size 0 bytes, startup_at32m412_416.o(.text))
<BR>[Address Reference Count : 1]<UL><LI> startup_at32m412_416.o(RESET)
</UL>
<P><STRONG><a name="[d]"></a>ERTC_WKUP_IRQHandler</STRONG> (Thumb, 0 bytes, Stack size 0 bytes, startup_at32m412_416.o(.text))
<BR>[Address Reference Count : 1]<UL><LI> startup_at32m412_416.o(RESET)
</UL>
<P><STRONG><a name="[10]"></a>EXINT0_IRQHandler</STRONG> (Thumb, 0 bytes, Stack size 0 bytes, startup_at32m412_416.o(.text))
<BR>[Address Reference Count : 1]<UL><LI> startup_at32m412_416.o(RESET)
</UL>
<P><STRONG><a name="[30]"></a>EXINT15_10_IRQHandler</STRONG> (Thumb, 0 bytes, Stack size 0 bytes, startup_at32m412_416.o(.text))
<BR>[Address Reference Count : 1]<UL><LI> startup_at32m412_416.o(RESET)
</UL>
<P><STRONG><a name="[11]"></a>EXINT1_IRQHandler</STRONG> (Thumb, 0 bytes, Stack size 0 bytes, startup_at32m412_416.o(.text))
<BR>[Address Reference Count : 1]<UL><LI> startup_at32m412_416.o(RESET)
</UL>
<P><STRONG><a name="[12]"></a>EXINT2_IRQHandler</STRONG> (Thumb, 0 bytes, Stack size 0 bytes, startup_at32m412_416.o(.text))
<BR>[Address Reference Count : 1]<UL><LI> startup_at32m412_416.o(RESET)
</UL>
<P><STRONG><a name="[13]"></a>EXINT3_IRQHandler</STRONG> (Thumb, 0 bytes, Stack size 0 bytes, startup_at32m412_416.o(.text))
<BR>[Address Reference Count : 1]<UL><LI> startup_at32m412_416.o(RESET)
</UL>
<P><STRONG><a name="[14]"></a>EXINT4_IRQHandler</STRONG> (Thumb, 0 bytes, Stack size 0 bytes, startup_at32m412_416.o(.text))
<BR>[Address Reference Count : 1]<UL><LI> startup_at32m412_416.o(RESET)
</UL>
<P><STRONG><a name="[21]"></a>EXINT9_5_IRQHandler</STRONG> (Thumb, 0 bytes, Stack size 0 bytes, startup_at32m412_416.o(.text))
<BR>[Address Reference Count : 1]<UL><LI> startup_at32m412_416.o(RESET)
</UL>
<P><STRONG><a name="[e]"></a>FLASH_IRQHandler</STRONG> (Thumb, 0 bytes, Stack size 0 bytes, startup_at32m412_416.o(.text))
<BR>[Address Reference Count : 1]<UL><LI> startup_at32m412_416.o(RESET)
</UL>
<P><STRONG><a name="[35]"></a>FPU_IRQHandler</STRONG> (Thumb, 0 bytes, Stack size 0 bytes, startup_at32m412_416.o(.text))
<BR>[Address Reference Count : 1]<UL><LI> startup_at32m412_416.o(RESET)
</UL>
<P><STRONG><a name="[29]"></a>I2C1_ERR_IRQHandler</STRONG> (Thumb, 0 bytes, Stack size 0 bytes, startup_at32m412_416.o(.text))
<BR>[Address Reference Count : 1]<UL><LI> startup_at32m412_416.o(RESET)
</UL>
<P><STRONG><a name="[28]"></a>I2C1_EVT_IRQHandler</STRONG> (Thumb, 0 bytes, Stack size 0 bytes, startup_at32m412_416.o(.text))
<BR>[Address Reference Count : 1]<UL><LI> startup_at32m412_416.o(RESET)
</UL>
<P><STRONG><a name="[2b]"></a>I2C2_ERR_IRQHandler</STRONG> (Thumb, 0 bytes, Stack size 0 bytes, startup_at32m412_416.o(.text))
<BR>[Address Reference Count : 1]<UL><LI> startup_at32m412_416.o(RESET)
</UL>
<P><STRONG><a name="[2a]"></a>I2C2_EVT_IRQHandler</STRONG> (Thumb, 0 bytes, Stack size 0 bytes, startup_at32m412_416.o(.text))
<BR>[Address Reference Count : 1]<UL><LI> startup_at32m412_416.o(RESET)
</UL>
<P><STRONG><a name="[b]"></a>PVM_IRQHandler</STRONG> (Thumb, 0 bytes, Stack size 0 bytes, startup_at32m412_416.o(.text))
<BR>[Address Reference Count : 1]<UL><LI> startup_at32m412_416.o(RESET)
</UL>
<P><STRONG><a name="[2c]"></a>SPI1_IRQHandler</STRONG> (Thumb, 0 bytes, Stack size 0 bytes, startup_at32m412_416.o(.text))
<BR>[Address Reference Count : 1]<UL><LI> startup_at32m412_416.o(RESET)
</UL>
<P><STRONG><a name="[2d]"></a>SPI2_IRQHandler</STRONG> (Thumb, 0 bytes, Stack size 0 bytes, startup_at32m412_416.o(.text))
<BR>[Address Reference Count : 1]<UL><LI> startup_at32m412_416.o(RESET)
</UL>
<P><STRONG><a name="[c]"></a>TAMP_STAMP_IRQHandler</STRONG> (Thumb, 0 bytes, Stack size 0 bytes, startup_at32m412_416.o(.text))
<BR>[Address Reference Count : 1]<UL><LI> startup_at32m412_416.o(RESET)
</UL>
<P><STRONG><a name="[27]"></a>TMR4_GLOBAL_IRQHandler</STRONG> (Thumb, 0 bytes, Stack size 0 bytes, startup_at32m412_416.o(.text))
<BR>[Address Reference Count : 1]<UL><LI> startup_at32m412_416.o(RESET)
</UL>
<P><STRONG><a name="[32]"></a>TMR6_DAC_GLOBAL_IRQHandler</STRONG> (Thumb, 0 bytes, Stack size 0 bytes, startup_at32m412_416.o(.text))
<BR>[Address Reference Count : 1]<UL><LI> startup_at32m412_416.o(RESET)
</UL>
<P><STRONG><a name="[33]"></a>TMR7_GLOBAL_IRQHandler</STRONG> (Thumb, 0 bytes, Stack size 0 bytes, startup_at32m412_416.o(.text))
<BR>[Address Reference Count : 1]<UL><LI> startup_at32m412_416.o(RESET)
</UL>
<P><STRONG><a name="[2f]"></a>USART2_IRQHandler</STRONG> (Thumb, 0 bytes, Stack size 0 bytes, startup_at32m412_416.o(.text))
<BR>[Address Reference Count : 1]<UL><LI> startup_at32m412_416.o(RESET)
</UL>
<P><STRONG><a name="[a]"></a>WWDT_IRQHandler</STRONG> (Thumb, 0 bytes, Stack size 0 bytes, startup_at32m412_416.o(.text))
<BR>[Address Reference Count : 1]<UL><LI> startup_at32m412_416.o(RESET)
</UL>
<P><STRONG><a name="[3c]"></a>__aeabi_uldivmod</STRONG> (Thumb, 98 bytes, Stack size 40 bytes, uldiv.o(.text))
<BR><BR>[Stack]<UL><LI>Max Depth = 40<LI>Call Chain = __aeabi_uldivmod
</UL>
<BR>[Calls]<UL><LI><a href="#[3d]">&gt;&gt;</a>&nbsp;&nbsp;&nbsp;__aeabi_llsr
<LI><a href="#[3e]">&gt;&gt;</a>&nbsp;&nbsp;&nbsp;__aeabi_llsl
</UL>
<BR>[Called By]<UL><LI><a href="#[bd]">&gt;&gt;</a>&nbsp;&nbsp;&nbsp;crm_clocks_freq_get
<LI><a href="#[112]">&gt;&gt;</a>&nbsp;&nbsp;&nbsp;system_core_clock_update
</UL>

<P><STRONG><a name="[12a]"></a>__aeabi_memcpy</STRONG> (Thumb, 36 bytes, Stack size 0 bytes, memcpya.o(.text))
<BR><BR>[Called By]<UL><LI><a href="#[92]">&gt;&gt;</a>&nbsp;&nbsp;&nbsp;ui_save_monitor_data
<LI><a href="#[98]">&gt;&gt;</a>&nbsp;&nbsp;&nbsp;ui_rx_receive_handler
</UL>

<P><STRONG><a name="[13c]"></a>__aeabi_memcpy4</STRONG> (Thumb, 0 bytes, Stack size 0 bytes, memcpya.o(.text), UNUSED)

<P><STRONG><a name="[13d]"></a>__aeabi_memcpy8</STRONG> (Thumb, 0 bytes, Stack size 0 bytes, memcpya.o(.text), UNUSED)

<P><STRONG><a name="[40]"></a>__aeabi_memset</STRONG> (Thumb, 14 bytes, Stack size 0 bytes, memseta.o(.text), UNUSED)
<BR><BR>[Called By]<UL><LI><a href="#[41]">&gt;&gt;</a>&nbsp;&nbsp;&nbsp;_memset$wrapper
<LI><a href="#[3f]">&gt;&gt;</a>&nbsp;&nbsp;&nbsp;__aeabi_memclr
</UL>

<P><STRONG><a name="[13e]"></a>__aeabi_memset4</STRONG> (Thumb, 0 bytes, Stack size 0 bytes, memseta.o(.text), UNUSED)

<P><STRONG><a name="[13f]"></a>__aeabi_memset8</STRONG> (Thumb, 0 bytes, Stack size 0 bytes, memseta.o(.text), UNUSED)

<P><STRONG><a name="[3f]"></a>__aeabi_memclr</STRONG> (Thumb, 4 bytes, Stack size 0 bytes, memseta.o(.text), UNUSED)
<BR><BR>[Calls]<UL><LI><a href="#[40]">&gt;&gt;</a>&nbsp;&nbsp;&nbsp;__aeabi_memset
</UL>

<P><STRONG><a name="[12b]"></a>__aeabi_memclr4</STRONG> (Thumb, 0 bytes, Stack size 0 bytes, memseta.o(.text))
<BR><BR>[Called By]<UL><LI><a href="#[7e]">&gt;&gt;</a>&nbsp;&nbsp;&nbsp;write_flash_cmd
</UL>

<P><STRONG><a name="[140]"></a>__aeabi_memclr8</STRONG> (Thumb, 0 bytes, Stack size 0 bytes, memseta.o(.text), UNUSED)

<P><STRONG><a name="[41]"></a>_memset$wrapper</STRONG> (Thumb, 18 bytes, Stack size 8 bytes, memseta.o(.text), UNUSED)
<BR><BR>[Calls]<UL><LI><a href="#[40]">&gt;&gt;</a>&nbsp;&nbsp;&nbsp;__aeabi_memset
</UL>

<P><STRONG><a name="[42]"></a>calloc</STRONG> (Thumb, 28 bytes, Stack size 8 bytes, calloc.o(.text))
<BR><BR>[Stack]<UL><LI>Max Depth = 28<LI>Call Chain = calloc &rArr; malloc
</UL>
<BR>[Calls]<UL><LI><a href="#[43]">&gt;&gt;</a>&nbsp;&nbsp;&nbsp;malloc
</UL>
<BR>[Called By]<UL><LI><a href="#[ef]">&gt;&gt;</a>&nbsp;&nbsp;&nbsp;moving_average
</UL>

<P><STRONG><a name="[44]"></a>__aeabi_dadd</STRONG> (Thumb, 322 bytes, Stack size 48 bytes, dadd.o(.text))
<BR><BR>[Stack]<UL><LI>Max Depth = 88<LI>Call Chain = __aeabi_dadd &rArr; _double_epilogue &rArr; _double_round
</UL>
<BR>[Calls]<UL><LI><a href="#[45]">&gt;&gt;</a>&nbsp;&nbsp;&nbsp;__aeabi_lasr
<LI><a href="#[3e]">&gt;&gt;</a>&nbsp;&nbsp;&nbsp;__aeabi_llsl
<LI><a href="#[47]">&gt;&gt;</a>&nbsp;&nbsp;&nbsp;_double_round
<LI><a href="#[46]">&gt;&gt;</a>&nbsp;&nbsp;&nbsp;_double_epilogue
</UL>
<BR>[Called By]<UL><LI><a href="#[48]">&gt;&gt;</a>&nbsp;&nbsp;&nbsp;__aeabi_dsub
<LI><a href="#[ee]">&gt;&gt;</a>&nbsp;&nbsp;&nbsp;param_id_process
<LI><a href="#[cd]">&gt;&gt;</a>&nbsp;&nbsp;&nbsp;lowpass_filter_init
<LI><a href="#[131]">&gt;&gt;</a>&nbsp;&nbsp;&nbsp;__kernel_poly
<LI><a href="#[12c]">&gt;&gt;</a>&nbsp;&nbsp;&nbsp;__mathlib_dbl_infnan
<LI><a href="#[c0]">&gt;&gt;</a>&nbsp;&nbsp;&nbsp;__hardfp_round
<LI><a href="#[bf]">&gt;&gt;</a>&nbsp;&nbsp;&nbsp;__hardfp_log2
<LI><a href="#[49]">&gt;&gt;</a>&nbsp;&nbsp;&nbsp;__aeabi_drsub
<LI><a href="#[103]">&gt;&gt;</a>&nbsp;&nbsp;&nbsp;__hardfp_log
</UL>

<P><STRONG><a name="[48]"></a>__aeabi_dsub</STRONG> (Thumb, 6 bytes, Stack size 0 bytes, dadd.o(.text))
<BR><BR>[Stack]<UL><LI>Max Depth = 88<LI>Call Chain = __aeabi_dsub &rArr; __aeabi_dadd &rArr; _double_epilogue &rArr; _double_round
</UL>
<BR>[Calls]<UL><LI><a href="#[44]">&gt;&gt;</a>&nbsp;&nbsp;&nbsp;__aeabi_dadd
</UL>
<BR>[Called By]<UL><LI><a href="#[77]">&gt;&gt;</a>&nbsp;&nbsp;&nbsp;current_auto_tuning
<LI><a href="#[ee]">&gt;&gt;</a>&nbsp;&nbsp;&nbsp;param_id_process
<LI><a href="#[c0]">&gt;&gt;</a>&nbsp;&nbsp;&nbsp;__hardfp_round
<LI><a href="#[103]">&gt;&gt;</a>&nbsp;&nbsp;&nbsp;__hardfp_log
</UL>

<P><STRONG><a name="[49]"></a>__aeabi_drsub</STRONG> (Thumb, 6 bytes, Stack size 0 bytes, dadd.o(.text))
<BR><BR>[Stack]<UL><LI>Max Depth = 88<LI>Call Chain = __aeabi_drsub &rArr; __aeabi_dadd &rArr; _double_epilogue &rArr; _double_round
</UL>
<BR>[Calls]<UL><LI><a href="#[44]">&gt;&gt;</a>&nbsp;&nbsp;&nbsp;__aeabi_dadd
</UL>
<BR>[Called By]<UL><LI><a href="#[103]">&gt;&gt;</a>&nbsp;&nbsp;&nbsp;__hardfp_log
</UL>

<P><STRONG><a name="[4a]"></a>__aeabi_dmul</STRONG> (Thumb, 228 bytes, Stack size 48 bytes, dmul.o(.text))
<BR><BR>[Stack]<UL><LI>Max Depth = 88<LI>Call Chain = __aeabi_dmul &rArr; _double_epilogue &rArr; _double_round
</UL>
<BR>[Calls]<UL><LI><a href="#[46]">&gt;&gt;</a>&nbsp;&nbsp;&nbsp;_double_epilogue
</UL>
<BR>[Called By]<UL><LI><a href="#[8b]">&gt;&gt;</a>&nbsp;&nbsp;&nbsp;param_identify
<LI><a href="#[77]">&gt;&gt;</a>&nbsp;&nbsp;&nbsp;current_auto_tuning
<LI><a href="#[ee]">&gt;&gt;</a>&nbsp;&nbsp;&nbsp;param_id_process
<LI><a href="#[5b]">&gt;&gt;</a>&nbsp;&nbsp;&nbsp;param_clear
<LI><a href="#[cd]">&gt;&gt;</a>&nbsp;&nbsp;&nbsp;lowpass_filter_init
<LI><a href="#[131]">&gt;&gt;</a>&nbsp;&nbsp;&nbsp;__kernel_poly
<LI><a href="#[133]">&gt;&gt;</a>&nbsp;&nbsp;&nbsp;frexp
<LI><a href="#[bf]">&gt;&gt;</a>&nbsp;&nbsp;&nbsp;__hardfp_log2
<LI><a href="#[103]">&gt;&gt;</a>&nbsp;&nbsp;&nbsp;__hardfp_log
</UL>

<P><STRONG><a name="[4b]"></a>__aeabi_ddiv</STRONG> (Thumb, 222 bytes, Stack size 32 bytes, ddiv.o(.text))
<BR><BR>[Stack]<UL><LI>Max Depth = 40<LI>Call Chain = __aeabi_ddiv &rArr; _double_round
</UL>
<BR>[Calls]<UL><LI><a href="#[47]">&gt;&gt;</a>&nbsp;&nbsp;&nbsp;_double_round
</UL>
<BR>[Called By]<UL><LI><a href="#[77]">&gt;&gt;</a>&nbsp;&nbsp;&nbsp;current_auto_tuning
<LI><a href="#[ee]">&gt;&gt;</a>&nbsp;&nbsp;&nbsp;param_id_process
<LI><a href="#[5b]">&gt;&gt;</a>&nbsp;&nbsp;&nbsp;param_clear
<LI><a href="#[cd]">&gt;&gt;</a>&nbsp;&nbsp;&nbsp;lowpass_filter_init
<LI><a href="#[12e]">&gt;&gt;</a>&nbsp;&nbsp;&nbsp;__mathlib_dbl_invalid
<LI><a href="#[12f]">&gt;&gt;</a>&nbsp;&nbsp;&nbsp;__mathlib_dbl_divzero
<LI><a href="#[bf]">&gt;&gt;</a>&nbsp;&nbsp;&nbsp;__hardfp_log2
<LI><a href="#[103]">&gt;&gt;</a>&nbsp;&nbsp;&nbsp;__hardfp_log
</UL>

<P><STRONG><a name="[104]"></a>__aeabi_dcmplt</STRONG> (Thumb, 54 bytes, Stack size 12 bytes, dcmplt.o(.text))
<BR><BR>[Stack]<UL><LI>Max Depth = 12<LI>Call Chain = __aeabi_dcmplt
</UL>
<BR>[Called By]<UL><LI><a href="#[8b]">&gt;&gt;</a>&nbsp;&nbsp;&nbsp;param_identify
</UL>

<P><STRONG><a name="[102]"></a>__aeabi_dcmpgt</STRONG> (Thumb, 54 bytes, Stack size 12 bytes, dcmpgt.o(.text))
<BR><BR>[Stack]<UL><LI>Max Depth = 12<LI>Call Chain = __aeabi_dcmpgt
</UL>
<BR>[Called By]<UL><LI><a href="#[ee]">&gt;&gt;</a>&nbsp;&nbsp;&nbsp;param_id_process
</UL>

<P><STRONG><a name="[4c]"></a>__aeabi_i2d</STRONG> (Thumb, 34 bytes, Stack size 16 bytes, dflti.o(.text))
<BR><BR>[Stack]<UL><LI>Max Depth = 56<LI>Call Chain = __aeabi_i2d &rArr; _double_epilogue &rArr; _double_round
</UL>
<BR>[Calls]<UL><LI><a href="#[46]">&gt;&gt;</a>&nbsp;&nbsp;&nbsp;_double_epilogue
</UL>
<BR>[Called By]<UL><LI><a href="#[8b]">&gt;&gt;</a>&nbsp;&nbsp;&nbsp;param_identify
<LI><a href="#[77]">&gt;&gt;</a>&nbsp;&nbsp;&nbsp;current_auto_tuning
<LI><a href="#[ee]">&gt;&gt;</a>&nbsp;&nbsp;&nbsp;param_id_process
<LI><a href="#[5b]">&gt;&gt;</a>&nbsp;&nbsp;&nbsp;param_clear
<LI><a href="#[cd]">&gt;&gt;</a>&nbsp;&nbsp;&nbsp;lowpass_filter_init
<LI><a href="#[bf]">&gt;&gt;</a>&nbsp;&nbsp;&nbsp;__hardfp_log2
<LI><a href="#[103]">&gt;&gt;</a>&nbsp;&nbsp;&nbsp;__hardfp_log
</UL>

<P><STRONG><a name="[4d]"></a>__aeabi_d2iz</STRONG> (Thumb, 62 bytes, Stack size 16 bytes, dfixi.o(.text))
<BR><BR>[Stack]<UL><LI>Max Depth = 16<LI>Call Chain = __aeabi_d2iz
</UL>
<BR>[Calls]<UL><LI><a href="#[3d]">&gt;&gt;</a>&nbsp;&nbsp;&nbsp;__aeabi_llsr
</UL>
<BR>[Called By]<UL><LI><a href="#[77]">&gt;&gt;</a>&nbsp;&nbsp;&nbsp;current_auto_tuning
<LI><a href="#[5b]">&gt;&gt;</a>&nbsp;&nbsp;&nbsp;param_clear
<LI><a href="#[cd]">&gt;&gt;</a>&nbsp;&nbsp;&nbsp;lowpass_filter_init
</UL>

<P><STRONG><a name="[be]"></a>__aeabi_f2d</STRONG> (Thumb, 38 bytes, Stack size 0 bytes, f2d.o(.text))
<BR><BR>[Called By]<UL><LI><a href="#[77]">&gt;&gt;</a>&nbsp;&nbsp;&nbsp;current_auto_tuning
<LI><a href="#[ee]">&gt;&gt;</a>&nbsp;&nbsp;&nbsp;param_id_process
</UL>

<P><STRONG><a name="[4e]"></a>__aeabi_d2f</STRONG> (Thumb, 56 bytes, Stack size 8 bytes, d2f.o(.text))
<BR><BR>[Stack]<UL><LI>Max Depth = 8<LI>Call Chain = __aeabi_d2f
</UL>
<BR>[Calls]<UL><LI><a href="#[4f]">&gt;&gt;</a>&nbsp;&nbsp;&nbsp;_float_round
</UL>
<BR>[Called By]<UL><LI><a href="#[77]">&gt;&gt;</a>&nbsp;&nbsp;&nbsp;current_auto_tuning
<LI><a href="#[ee]">&gt;&gt;</a>&nbsp;&nbsp;&nbsp;param_id_process
</UL>

<P><STRONG><a name="[3e]"></a>__aeabi_llsl</STRONG> (Thumb, 30 bytes, Stack size 0 bytes, llshl.o(.text))
<BR><BR>[Called By]<UL><LI><a href="#[44]">&gt;&gt;</a>&nbsp;&nbsp;&nbsp;__aeabi_dadd
<LI><a href="#[46]">&gt;&gt;</a>&nbsp;&nbsp;&nbsp;_double_epilogue
<LI><a href="#[3c]">&gt;&gt;</a>&nbsp;&nbsp;&nbsp;__aeabi_uldivmod
<LI><a href="#[50]">&gt;&gt;</a>&nbsp;&nbsp;&nbsp;_drnd
</UL>

<P><STRONG><a name="[141]"></a>_ll_shift_l</STRONG> (Thumb, 0 bytes, Stack size 0 bytes, llshl.o(.text), UNUSED)

<P><STRONG><a name="[3d]"></a>__aeabi_llsr</STRONG> (Thumb, 32 bytes, Stack size 0 bytes, llushr.o(.text))
<BR><BR>[Called By]<UL><LI><a href="#[4d]">&gt;&gt;</a>&nbsp;&nbsp;&nbsp;__aeabi_d2iz
<LI><a href="#[46]">&gt;&gt;</a>&nbsp;&nbsp;&nbsp;_double_epilogue
<LI><a href="#[3c]">&gt;&gt;</a>&nbsp;&nbsp;&nbsp;__aeabi_uldivmod
<LI><a href="#[50]">&gt;&gt;</a>&nbsp;&nbsp;&nbsp;_drnd
</UL>

<P><STRONG><a name="[142]"></a>_ll_ushift_r</STRONG> (Thumb, 0 bytes, Stack size 0 bytes, llushr.o(.text), UNUSED)

<P><STRONG><a name="[45]"></a>__aeabi_lasr</STRONG> (Thumb, 36 bytes, Stack size 0 bytes, llsshr.o(.text))
<BR><BR>[Called By]<UL><LI><a href="#[44]">&gt;&gt;</a>&nbsp;&nbsp;&nbsp;__aeabi_dadd
</UL>

<P><STRONG><a name="[143]"></a>_ll_sshift_r</STRONG> (Thumb, 0 bytes, Stack size 0 bytes, llsshr.o(.text), UNUSED)

<P><STRONG><a name="[144]"></a>__I$use$fp</STRONG> (Thumb, 0 bytes, Stack size 0 bytes, iusefp.o(.text), UNUSED)

<P><STRONG><a name="[4f]"></a>_float_round</STRONG> (Thumb, 18 bytes, Stack size 0 bytes, fepilogue.o(.text))
<BR><BR>[Called By]<UL><LI><a href="#[4e]">&gt;&gt;</a>&nbsp;&nbsp;&nbsp;__aeabi_d2f
</UL>

<P><STRONG><a name="[145]"></a>_float_epilogue</STRONG> (Thumb, 92 bytes, Stack size 4 bytes, fepilogue.o(.text), UNUSED)

<P><STRONG><a name="[47]"></a>_double_round</STRONG> (Thumb, 30 bytes, Stack size 8 bytes, depilogue.o(.text))
<BR><BR>[Stack]<UL><LI>Max Depth = 8<LI>Call Chain = _double_round
</UL>
<BR>[Called By]<UL><LI><a href="#[44]">&gt;&gt;</a>&nbsp;&nbsp;&nbsp;__aeabi_dadd
<LI><a href="#[4b]">&gt;&gt;</a>&nbsp;&nbsp;&nbsp;__aeabi_ddiv
<LI><a href="#[46]">&gt;&gt;</a>&nbsp;&nbsp;&nbsp;_double_epilogue
<LI><a href="#[50]">&gt;&gt;</a>&nbsp;&nbsp;&nbsp;_drnd
</UL>

<P><STRONG><a name="[46]"></a>_double_epilogue</STRONG> (Thumb, 156 bytes, Stack size 32 bytes, depilogue.o(.text))
<BR><BR>[Stack]<UL><LI>Max Depth = 40<LI>Call Chain = _double_epilogue &rArr; _double_round
</UL>
<BR>[Calls]<UL><LI><a href="#[3d]">&gt;&gt;</a>&nbsp;&nbsp;&nbsp;__aeabi_llsr
<LI><a href="#[3e]">&gt;&gt;</a>&nbsp;&nbsp;&nbsp;__aeabi_llsl
<LI><a href="#[47]">&gt;&gt;</a>&nbsp;&nbsp;&nbsp;_double_round
</UL>
<BR>[Called By]<UL><LI><a href="#[4a]">&gt;&gt;</a>&nbsp;&nbsp;&nbsp;__aeabi_dmul
<LI><a href="#[44]">&gt;&gt;</a>&nbsp;&nbsp;&nbsp;__aeabi_dadd
<LI><a href="#[4c]">&gt;&gt;</a>&nbsp;&nbsp;&nbsp;__aeabi_i2d
</UL>

<P><STRONG><a name="[50]"></a>_drnd</STRONG> (Thumb, 132 bytes, Stack size 24 bytes, drnd.o(.text))
<BR><BR>[Stack]<UL><LI>Max Depth = 32<LI>Call Chain = _drnd &rArr; _double_round
</UL>
<BR>[Calls]<UL><LI><a href="#[3d]">&gt;&gt;</a>&nbsp;&nbsp;&nbsp;__aeabi_llsr
<LI><a href="#[3e]">&gt;&gt;</a>&nbsp;&nbsp;&nbsp;__aeabi_llsl
<LI><a href="#[47]">&gt;&gt;</a>&nbsp;&nbsp;&nbsp;_double_round
</UL>
<BR>[Called By]<UL><LI><a href="#[c0]">&gt;&gt;</a>&nbsp;&nbsp;&nbsp;__hardfp_round
</UL>

<P><STRONG><a name="[130]"></a>__aeabi_cdcmpeq</STRONG> (Thumb, 0 bytes, Stack size 0 bytes, cdcmple.o(.text))
<BR><BR>[Called By]<UL><LI><a href="#[bf]">&gt;&gt;</a>&nbsp;&nbsp;&nbsp;__hardfp_log2
<LI><a href="#[103]">&gt;&gt;</a>&nbsp;&nbsp;&nbsp;__hardfp_log
</UL>

<P><STRONG><a name="[132]"></a>__aeabi_cdcmple</STRONG> (Thumb, 48 bytes, Stack size 0 bytes, cdcmple.o(.text))
<BR><BR>[Called By]<UL><LI><a href="#[c0]">&gt;&gt;</a>&nbsp;&nbsp;&nbsp;__hardfp_round
<LI><a href="#[bf]">&gt;&gt;</a>&nbsp;&nbsp;&nbsp;__hardfp_log2
</UL>

<P><STRONG><a name="[135]"></a>__aeabi_cdrcmple</STRONG> (Thumb, 48 bytes, Stack size 0 bytes, cdrcmple.o(.text))
<BR><BR>[Called By]<UL><LI><a href="#[c0]">&gt;&gt;</a>&nbsp;&nbsp;&nbsp;__hardfp_round
</UL>

<P><STRONG><a name="[3b]"></a>__scatterload</STRONG> (Thumb, 28 bytes, Stack size 0 bytes, init.o(.text))
<BR><BR>[Calls]<UL><LI><a href="#[51]">&gt;&gt;</a>&nbsp;&nbsp;&nbsp;__main_after_scatterload
</UL>
<BR>[Called By]<UL><LI><a href="#[3a]">&gt;&gt;</a>&nbsp;&nbsp;&nbsp;_main_scatterload
</UL>

<P><STRONG><a name="[146]"></a>__scatterload_rt2</STRONG> (Thumb, 0 bytes, Stack size 0 bytes, init.o(.text), UNUSED)

<P><STRONG><a name="[147]"></a>__decompress</STRONG> (Thumb, 0 bytes, Stack size unknown bytes, __dczerorl2.o(.text), UNUSED)

<P><STRONG><a name="[148]"></a>__decompress1</STRONG> (Thumb, 86 bytes, Stack size unknown bytes, __dczerorl2.o(.text), UNUSED)

<P><STRONG><a name="[1c]"></a>ADC1_2_IRQHandler</STRONG> (Thumb, 196 bytes, Stack size 16 bytes, mc_isr.o(.text.ADC1_2_IRQHandler))
<BR><BR>[Stack]<UL><LI>Max Depth = 32<LI>Call Chain = ADC1_2_IRQHandler &rArr; lowpass_filtering
</UL>
<BR>[Calls]<UL><LI><a href="#[56]">&gt;&gt;</a>&nbsp;&nbsp;&nbsp;current_read_bldc
<LI><a href="#[55]">&gt;&gt;</a>&nbsp;&nbsp;&nbsp;reset_ma_buffer
<LI><a href="#[54]">&gt;&gt;</a>&nbsp;&nbsp;&nbsp;adc_preempt_conversion_data_get
<LI><a href="#[53]">&gt;&gt;</a>&nbsp;&nbsp;&nbsp;adc_flag_clear
<LI><a href="#[52]">&gt;&gt;</a>&nbsp;&nbsp;&nbsp;adc_flag_get
<LI><a href="#[57]">&gt;&gt;</a>&nbsp;&nbsp;&nbsp;lowpass_filtering
</UL>
<BR>[Address Reference Count : 1]<UL><LI> startup_at32m412_416.o(RESET)
</UL>
<P><STRONG><a name="[4]"></a>BusFault_Handler</STRONG> (Thumb, 2 bytes, Stack size 0 bytes, at32m412_416_int.o(.text.BusFault_Handler))
<BR><BR>[Calls]<UL><LI><a href="#[4]">&gt;&gt;</a>&nbsp;&nbsp;&nbsp;BusFault_Handler
</UL>
<BR>[Called By]<UL><LI><a href="#[4]">&gt;&gt;</a>&nbsp;&nbsp;&nbsp;BusFault_Handler
</UL>
<BR>[Address Reference Count : 1]<UL><LI> startup_at32m412_416.o(RESET)
</UL>
<P><STRONG><a name="[7]"></a>DebugMon_Handler</STRONG> (Thumb, 2 bytes, Stack size 0 bytes, at32m412_416_int.o(.text.DebugMon_Handler))
<BR>[Address Reference Count : 1]<UL><LI> startup_at32m412_416.o(RESET)
</UL>
<P><STRONG><a name="[58]"></a>ESC_State_Init</STRONG> (Thumb, 772 bytes, Stack size 16 bytes, mc_bldc_esc_state_sensorless.o(.text.ESC_State_Init))
<BR><BR>[Stack]<UL><LI>Max Depth = 144<LI>Call Chain = ESC_State_Init &rArr; param_clear &rArr; __aeabi_dmul &rArr; _double_epilogue &rArr; _double_round
</UL>
<BR>[Calls]<UL><LI><a href="#[6c]">&gt;&gt;</a>&nbsp;&nbsp;&nbsp;motor_parameter_ID_config
<LI><a href="#[61]">&gt;&gt;</a>&nbsp;&nbsp;&nbsp;bldc_sensorless_detectEMF_config
<LI><a href="#[6a]">&gt;&gt;</a>&nbsp;&nbsp;&nbsp;tmr_counter_value_set
<LI><a href="#[5a]">&gt;&gt;</a>&nbsp;&nbsp;&nbsp;led_off
<LI><a href="#[66]">&gt;&gt;</a>&nbsp;&nbsp;&nbsp;led_on
<LI><a href="#[5c]">&gt;&gt;</a>&nbsp;&nbsp;&nbsp;cmp_blanking_config
<LI><a href="#[63]">&gt;&gt;</a>&nbsp;&nbsp;&nbsp;adc_preempt_channel_set
<LI><a href="#[65]">&gt;&gt;</a>&nbsp;&nbsp;&nbsp;dma_channel_enable
<LI><a href="#[6b]">&gt;&gt;</a>&nbsp;&nbsp;&nbsp;tmr_output_enable
<LI><a href="#[69]">&gt;&gt;</a>&nbsp;&nbsp;&nbsp;tmr_event_sw_trigger
<LI><a href="#[64]">&gt;&gt;</a>&nbsp;&nbsp;&nbsp;tmr_counter_enable
<LI><a href="#[67]">&gt;&gt;</a>&nbsp;&nbsp;&nbsp;motor_cw_init
<LI><a href="#[5b]">&gt;&gt;</a>&nbsp;&nbsp;&nbsp;param_clear
<LI><a href="#[5f]">&gt;&gt;</a>&nbsp;&nbsp;&nbsp;set_starting_volt
<LI><a href="#[59]">&gt;&gt;</a>&nbsp;&nbsp;&nbsp;disable_mosfet
<LI><a href="#[60]">&gt;&gt;</a>&nbsp;&nbsp;&nbsp;bldc_detectEMF_param_init
<LI><a href="#[5e]">&gt;&gt;</a>&nbsp;&nbsp;&nbsp;set_next_detect_hall_state
<LI><a href="#[5d]">&gt;&gt;</a>&nbsp;&nbsp;&nbsp;start_up_config
<LI><a href="#[62]">&gt;&gt;</a>&nbsp;&nbsp;&nbsp;start_bldc
<LI><a href="#[68]">&gt;&gt;</a>&nbsp;&nbsp;&nbsp;bldc_output_config
</UL>
<BR>[Called By]<UL><LI><a href="#[37]">&gt;&gt;</a>&nbsp;&nbsp;&nbsp;main
</UL>

<P><STRONG><a name="[6d]"></a>ESC_State_Task</STRONG> (Thumb, 864 bytes, Stack size 8 bytes, mc_bldc_esc_state_sensorless.o(.text.ESC_State_Task))
<BR><BR>[Stack]<UL><LI>Max Depth = 400<LI>Call Chain = ESC_State_Task &rArr; motor_parameter_id_process &rArr; param_id_process &rArr; __hardfp_log &rArr; __kernel_poly &rArr; __aeabi_dmul &rArr; _double_epilogue &rArr; _double_round
</UL>
<BR>[Calls]<UL><LI><a href="#[73]">&gt;&gt;</a>&nbsp;&nbsp;&nbsp;calcValueByVref
<LI><a href="#[75]">&gt;&gt;</a>&nbsp;&nbsp;&nbsp;pid_controller_static_clamp
<LI><a href="#[77]">&gt;&gt;</a>&nbsp;&nbsp;&nbsp;current_auto_tuning
<LI><a href="#[70]">&gt;&gt;</a>&nbsp;&nbsp;&nbsp;motor_parameter_id_process
<LI><a href="#[76]">&gt;&gt;</a>&nbsp;&nbsp;&nbsp;motor_ccw_init
<LI><a href="#[67]">&gt;&gt;</a>&nbsp;&nbsp;&nbsp;motor_cw_init
<LI><a href="#[6f]">&gt;&gt;</a>&nbsp;&nbsp;&nbsp;I_tune_manual
<LI><a href="#[71]">&gt;&gt;</a>&nbsp;&nbsp;&nbsp;rdy_to_close_loop_param
<LI><a href="#[72]">&gt;&gt;</a>&nbsp;&nbsp;&nbsp;open_loop_cmd_ramp
<LI><a href="#[6e]">&gt;&gt;</a>&nbsp;&nbsp;&nbsp;angle_init_func
<LI><a href="#[74]">&gt;&gt;</a>&nbsp;&nbsp;&nbsp;command_ramp
<LI><a href="#[78]">&gt;&gt;</a>&nbsp;&nbsp;&nbsp;set_current_pid_param
</UL>
<BR>[Called By]<UL><LI><a href="#[9]">&gt;&gt;</a>&nbsp;&nbsp;&nbsp;SysTick_Handler
</UL>

<P><STRONG><a name="[2]"></a>HardFault_Handler</STRONG> (Thumb, 2 bytes, Stack size 0 bytes, at32m412_416_int.o(.text.HardFault_Handler))
<BR><BR>[Calls]<UL><LI><a href="#[2]">&gt;&gt;</a>&nbsp;&nbsp;&nbsp;HardFault_Handler
</UL>
<BR>[Called By]<UL><LI><a href="#[2]">&gt;&gt;</a>&nbsp;&nbsp;&nbsp;HardFault_Handler
</UL>
<BR>[Address Reference Count : 1]<UL><LI> startup_at32m412_416.o(RESET)
</UL>
<P><STRONG><a name="[79]"></a>I_offset_init</STRONG> (Thumb, 64 bytes, Stack size 8 bytes, motor_control_bldc.o(.text.I_offset_init))
<BR><BR>[Stack]<UL><LI>Max Depth = 68<LI>Call Chain = I_offset_init &rArr; current_offset_tmr_setting &rArr; gpio_init
</UL>
<BR>[Calls]<UL><LI><a href="#[7c]">&gt;&gt;</a>&nbsp;&nbsp;&nbsp;adc_interrupt_enable
<LI><a href="#[53]">&gt;&gt;</a>&nbsp;&nbsp;&nbsp;adc_flag_clear
<LI><a href="#[7a]">&gt;&gt;</a>&nbsp;&nbsp;&nbsp;current_offset_tmr_setting
<LI><a href="#[7b]">&gt;&gt;</a>&nbsp;&nbsp;&nbsp;current_offset_init
</UL>
<BR>[Called By]<UL><LI><a href="#[37]">&gt;&gt;</a>&nbsp;&nbsp;&nbsp;main
</UL>

<P><STRONG><a name="[6f]"></a>I_tune_manual</STRONG> (Thumb, 176 bytes, Stack size 0 bytes, motor_control_bldc.o(.text.I_tune_manual))
<BR><BR>[Called By]<UL><LI><a href="#[6d]">&gt;&gt;</a>&nbsp;&nbsp;&nbsp;ESC_State_Task
</UL>

<P><STRONG><a name="[3]"></a>MemManage_Handler</STRONG> (Thumb, 2 bytes, Stack size 0 bytes, at32m412_416_int.o(.text.MemManage_Handler))
<BR><BR>[Calls]<UL><LI><a href="#[3]">&gt;&gt;</a>&nbsp;&nbsp;&nbsp;MemManage_Handler
</UL>
<BR>[Called By]<UL><LI><a href="#[3]">&gt;&gt;</a>&nbsp;&nbsp;&nbsp;MemManage_Handler
</UL>
<BR>[Address Reference Count : 1]<UL><LI> startup_at32m412_416.o(RESET)
</UL>
<P><STRONG><a name="[1]"></a>NMI_Handler</STRONG> (Thumb, 2 bytes, Stack size 0 bytes, at32m412_416_int.o(.text.NMI_Handler))
<BR>[Address Reference Count : 1]<UL><LI> startup_at32m412_416.o(RESET)
</UL>
<P><STRONG><a name="[8]"></a>PendSV_Handler</STRONG> (Thumb, 2 bytes, Stack size 0 bytes, at32m412_416_int.o(.text.PendSV_Handler))
<BR>[Address Reference Count : 1]<UL><LI> startup_at32m412_416.o(RESET)
</UL>
<P><STRONG><a name="[7d]"></a>RCP_ExecCmd</STRONG> (Thumb, 862 bytes, Stack size 8 bytes, user_interface_bldc.o(.text.RCP_ExecCmd))
<BR><BR>[Stack]<UL><LI>Max Depth = 80<LI>Call Chain = RCP_ExecCmd &rArr; write_flash_cmd &rArr; flash_write_int
</UL>
<BR>[Calls]<UL><LI><a href="#[7e]">&gt;&gt;</a>&nbsp;&nbsp;&nbsp;write_flash_cmd
</UL>
<BR>[Called By]<UL><LI><a href="#[81]">&gt;&gt;</a>&nbsp;&nbsp;&nbsp;RCP_ReceivedFrameID
</UL>

<P><STRONG><a name="[7f]"></a>RCP_GetReg</STRONG> (Thumb, 1364 bytes, Stack size 16 bytes, user_interface_bldc.o(.text.RCP_GetReg))
<BR><BR>[Stack]<UL><LI>Max Depth = 36<LI>Call Chain = RCP_GetReg &rArr; TCP_SendFrame
</UL>
<BR>[Calls]<UL><LI><a href="#[80]">&gt;&gt;</a>&nbsp;&nbsp;&nbsp;TCP_SendFrame
</UL>
<BR>[Called By]<UL><LI><a href="#[81]">&gt;&gt;</a>&nbsp;&nbsp;&nbsp;RCP_ReceivedFrameID
</UL>

<P><STRONG><a name="[81]"></a>RCP_ReceivedFrameID</STRONG> (Thumb, 552 bytes, Stack size 16 bytes, user_interface_bldc.o(.text.RCP_ReceivedFrameID))
<BR><BR>[Stack]<UL><LI>Max Depth = 96<LI>Call Chain = RCP_ReceivedFrameID &rArr; RCP_ExecCmd &rArr; write_flash_cmd &rArr; flash_write_int
</UL>
<BR>[Calls]<UL><LI><a href="#[83]">&gt;&gt;</a>&nbsp;&nbsp;&nbsp;RCP_SetReg
<LI><a href="#[7f]">&gt;&gt;</a>&nbsp;&nbsp;&nbsp;RCP_GetReg
<LI><a href="#[7d]">&gt;&gt;</a>&nbsp;&nbsp;&nbsp;RCP_ExecCmd
<LI><a href="#[82]">&gt;&gt;</a>&nbsp;&nbsp;&nbsp;RCP_SetMonitorDataAdress
<LI><a href="#[80]">&gt;&gt;</a>&nbsp;&nbsp;&nbsp;TCP_SendFrame
</UL>
<BR>[Called By]<UL><LI><a href="#[98]">&gt;&gt;</a>&nbsp;&nbsp;&nbsp;ui_rx_receive_handler
</UL>

<P><STRONG><a name="[82]"></a>RCP_SetMonitorDataAdress</STRONG> (Thumb, 454 bytes, Stack size 8 bytes, user_interface_bldc.o(.text.RCP_SetMonitorDataAdress))
<BR><BR>[Stack]<UL><LI>Max Depth = 8<LI>Call Chain = RCP_SetMonitorDataAdress
</UL>
<BR>[Called By]<UL><LI><a href="#[81]">&gt;&gt;</a>&nbsp;&nbsp;&nbsp;RCP_ReceivedFrameID
</UL>

<P><STRONG><a name="[83]"></a>RCP_SetReg</STRONG> (Thumb, 4184 bytes, Stack size 16 bytes, user_interface_bldc.o(.text.RCP_SetReg))
<BR><BR>[Stack]<UL><LI>Max Depth = 36<LI>Call Chain = RCP_SetReg &rArr; TCP_SendFrame
</UL>
<BR>[Calls]<UL><LI><a href="#[85]">&gt;&gt;</a>&nbsp;&nbsp;&nbsp;pid_set_ki
<LI><a href="#[84]">&gt;&gt;</a>&nbsp;&nbsp;&nbsp;pid_set_kp
<LI><a href="#[80]">&gt;&gt;</a>&nbsp;&nbsp;&nbsp;TCP_SendFrame
</UL>
<BR>[Called By]<UL><LI><a href="#[81]">&gt;&gt;</a>&nbsp;&nbsp;&nbsp;RCP_ReceivedFrameID
</UL>

<P><STRONG><a name="[6]"></a>SVC_Handler</STRONG> (Thumb, 2 bytes, Stack size 0 bytes, at32m412_416_int.o(.text.SVC_Handler))
<BR>[Address Reference Count : 1]<UL><LI> startup_at32m412_416.o(RESET)
</UL>
<P><STRONG><a name="[9]"></a>SysTick_Handler</STRONG> (Thumb, 320 bytes, Stack size 16 bytes, mc_isr.o(.text.SysTick_Handler))
<BR><BR>[Stack]<UL><LI>Max Depth = 416<LI>Call Chain = SysTick_Handler &rArr; ESC_State_Task &rArr; motor_parameter_id_process &rArr; param_id_process &rArr; __hardfp_log &rArr; __kernel_poly &rArr; __aeabi_dmul &rArr; _double_epilogue &rArr; _double_round
</UL>
<BR>[Calls]<UL><LI><a href="#[87]">&gt;&gt;</a>&nbsp;&nbsp;&nbsp;normal_state_led_blink
<LI><a href="#[73]">&gt;&gt;</a>&nbsp;&nbsp;&nbsp;calcValueByVref
<LI><a href="#[6d]">&gt;&gt;</a>&nbsp;&nbsp;&nbsp;ESC_State_Task
<LI><a href="#[86]">&gt;&gt;</a>&nbsp;&nbsp;&nbsp;external_input_handler
</UL>
<BR>[Address Reference Count : 1]<UL><LI> startup_at32m412_416.o(RESET)
</UL>
<P><STRONG><a name="[38]"></a>SystemInit</STRONG> (Thumb, 110 bytes, Stack size 0 bytes, system_at32m412_416.o(.text.SystemInit))
<BR>[Address Reference Count : 1]<UL><LI> startup_at32m412_416.o(.text)
</UL>
<P><STRONG><a name="[80]"></a>TCP_SendFrame</STRONG> (Thumb, 290 bytes, Stack size 20 bytes, user_interface_bldc.o(.text.TCP_SendFrame))
<BR><BR>[Stack]<UL><LI>Max Depth = 20<LI>Call Chain = TCP_SendFrame
</UL>
<BR>[Called By]<UL><LI><a href="#[83]">&gt;&gt;</a>&nbsp;&nbsp;&nbsp;RCP_SetReg
<LI><a href="#[7f]">&gt;&gt;</a>&nbsp;&nbsp;&nbsp;RCP_GetReg
<LI><a href="#[81]">&gt;&gt;</a>&nbsp;&nbsp;&nbsp;RCP_ReceivedFrameID
<LI><a href="#[2e]">&gt;&gt;</a>&nbsp;&nbsp;&nbsp;USART1_IRQHandler
</UL>

<P><STRONG><a name="[22]"></a>TMR1_BRK_TMR9_IRQHandler</STRONG> (Thumb, 60 bytes, Stack size 8 bytes, mc_isr.o(.text.TMR1_BRK_TMR9_IRQHandler))
<BR><BR>[Stack]<UL><LI>Max Depth = 8<LI>Call Chain = TMR1_BRK_TMR9_IRQHandler
</UL>
<BR>[Calls]<UL><LI><a href="#[88]">&gt;&gt;</a>&nbsp;&nbsp;&nbsp;tmr_flag_clear
</UL>
<BR>[Address Reference Count : 1]<UL><LI> startup_at32m412_416.o(RESET)
</UL>
<P><STRONG><a name="[25]"></a>TMR1_CH_IRQHandler</STRONG> (Thumb, 78 bytes, Stack size 8 bytes, mc_isr.o(.text.TMR1_CH_IRQHandler))
<BR><BR>[Stack]<UL><LI>Max Depth = 8<LI>Call Chain = TMR1_CH_IRQHandler
</UL>
<BR>[Calls]<UL><LI><a href="#[89]">&gt;&gt;</a>&nbsp;&nbsp;&nbsp;tmr_flag_get
<LI><a href="#[88]">&gt;&gt;</a>&nbsp;&nbsp;&nbsp;tmr_flag_clear
</UL>
<BR>[Address Reference Count : 1]<UL><LI> startup_at32m412_416.o(RESET)
</UL>
<P><STRONG><a name="[23]"></a>TMR1_OVF_TMR10_IRQHandler</STRONG> (Thumb, 476 bytes, Stack size 16 bytes, mc_isr.o(.text.TMR1_OVF_TMR10_IRQHandler))
<BR><BR>[Stack]<UL><LI>Max Depth = 128<LI>Call Chain = TMR1_OVF_TMR10_IRQHandler &rArr; param_identify &rArr; __aeabi_dmul &rArr; _double_epilogue &rArr; _double_round
</UL>
<BR>[Calls]<UL><LI><a href="#[92]">&gt;&gt;</a>&nbsp;&nbsp;&nbsp;ui_save_monitor_data
<LI><a href="#[91]">&gt;&gt;</a>&nbsp;&nbsp;&nbsp;tmr_interrupt_enable
<LI><a href="#[90]">&gt;&gt;</a>&nbsp;&nbsp;&nbsp;calc_motor_speed
<LI><a href="#[8f]">&gt;&gt;</a>&nbsp;&nbsp;&nbsp;calc_adc_sample_point
<LI><a href="#[8e]">&gt;&gt;</a>&nbsp;&nbsp;&nbsp;pwm_duty_update
<LI><a href="#[8d]">&gt;&gt;</a>&nbsp;&nbsp;&nbsp;bldc_open_loop_ctrl
<LI><a href="#[75]">&gt;&gt;</a>&nbsp;&nbsp;&nbsp;pid_controller_static_clamp
<LI><a href="#[8c]">&gt;&gt;</a>&nbsp;&nbsp;&nbsp;tmr_channel_value_set
<LI><a href="#[8b]">&gt;&gt;</a>&nbsp;&nbsp;&nbsp;param_identify
<LI><a href="#[8a]">&gt;&gt;</a>&nbsp;&nbsp;&nbsp;adc_ordinary_software_trigger_enable
<LI><a href="#[88]">&gt;&gt;</a>&nbsp;&nbsp;&nbsp;tmr_flag_clear
</UL>
<BR>[Address Reference Count : 1]<UL><LI> startup_at32m412_416.o(RESET)
</UL>
<P><STRONG><a name="[24]"></a>TMR1_TRG_HALL_TMR11_IRQHandler</STRONG> (Thumb, 224 bytes, Stack size 8 bytes, mc_isr.o(.text.TMR1_TRG_HALL_TMR11_IRQHandler))
<BR><BR>[Stack]<UL><LI>Max Depth = 8<LI>Call Chain = TMR1_TRG_HALL_TMR11_IRQHandler
</UL>
<BR>[Calls]<UL><LI><a href="#[93]">&gt;&gt;</a>&nbsp;&nbsp;&nbsp;cmp_init
<LI><a href="#[69]">&gt;&gt;</a>&nbsp;&nbsp;&nbsp;tmr_event_sw_trigger
<LI><a href="#[89]">&gt;&gt;</a>&nbsp;&nbsp;&nbsp;tmr_flag_get
<LI><a href="#[88]">&gt;&gt;</a>&nbsp;&nbsp;&nbsp;tmr_flag_clear
<LI><a href="#[64]">&gt;&gt;</a>&nbsp;&nbsp;&nbsp;tmr_counter_enable
</UL>
<BR>[Address Reference Count : 1]<UL><LI> startup_at32m412_416.o(RESET)
</UL>
<P><STRONG><a name="[26]"></a>TMR3_GLOBAL_IRQHandler</STRONG> (Thumb, 104 bytes, Stack size 8 bytes, mc_isr.o(.text.TMR3_GLOBAL_IRQHandler))
<BR><BR>[Stack]<UL><LI>Max Depth = 40<LI>Call Chain = TMR3_GLOBAL_IRQHandler &rArr; bldc_sensorless_change_phase &rArr; moving_average_update
</UL>
<BR>[Calls]<UL><LI><a href="#[94]">&gt;&gt;</a>&nbsp;&nbsp;&nbsp;bldc_sensorless_change_phase
<LI><a href="#[89]">&gt;&gt;</a>&nbsp;&nbsp;&nbsp;tmr_flag_get
<LI><a href="#[91]">&gt;&gt;</a>&nbsp;&nbsp;&nbsp;tmr_interrupt_enable
<LI><a href="#[88]">&gt;&gt;</a>&nbsp;&nbsp;&nbsp;tmr_flag_clear
</UL>
<BR>[Address Reference Count : 1]<UL><LI> startup_at32m412_416.o(RESET)
</UL>
<P><STRONG><a name="[2e]"></a>USART1_IRQHandler</STRONG> (Thumb, 150 bytes, Stack size 24 bytes, mc_comm_uart.o(.text.USART1_IRQHandler))
<BR><BR>[Stack]<UL><LI>Max Depth = 144<LI>Call Chain = USART1_IRQHandler &rArr; ui_rx_receive_handler &rArr; RCP_ReceivedFrameID &rArr; RCP_ExecCmd &rArr; write_flash_cmd &rArr; flash_write_int
</UL>
<BR>[Calls]<UL><LI><a href="#[97]">&gt;&gt;</a>&nbsp;&nbsp;&nbsp;dma_data_number_get
<LI><a href="#[99]">&gt;&gt;</a>&nbsp;&nbsp;&nbsp;dma_data_number_set
<LI><a href="#[65]">&gt;&gt;</a>&nbsp;&nbsp;&nbsp;dma_channel_enable
<LI><a href="#[80]">&gt;&gt;</a>&nbsp;&nbsp;&nbsp;TCP_SendFrame
<LI><a href="#[98]">&gt;&gt;</a>&nbsp;&nbsp;&nbsp;ui_rx_receive_handler
<LI><a href="#[96]">&gt;&gt;</a>&nbsp;&nbsp;&nbsp;usart_flag_clear
<LI><a href="#[95]">&gt;&gt;</a>&nbsp;&nbsp;&nbsp;usart_flag_get
</UL>
<BR>[Address Reference Count : 1]<UL><LI> startup_at32m412_416.o(RESET)
</UL>
<P><STRONG><a name="[5]"></a>UsageFault_Handler</STRONG> (Thumb, 2 bytes, Stack size 0 bytes, at32m412_416_int.o(.text.UsageFault_Handler))
<BR><BR>[Calls]<UL><LI><a href="#[5]">&gt;&gt;</a>&nbsp;&nbsp;&nbsp;UsageFault_Handler
</UL>
<BR>[Called By]<UL><LI><a href="#[5]">&gt;&gt;</a>&nbsp;&nbsp;&nbsp;UsageFault_Handler
</UL>
<BR>[Address Reference Count : 1]<UL><LI> startup_at32m412_416.o(RESET)
</UL>
<P><STRONG><a name="[a5]"></a>adc_base_config</STRONG> (Thumb, 68 bytes, Stack size 0 bytes, at32m412_416_adc.o(.text.adc_base_config))
<BR><BR>[Called By]<UL><LI><a href="#[9a]">&gt;&gt;</a>&nbsp;&nbsp;&nbsp;adc_ordinary_config
<LI><a href="#[af]">&gt;&gt;</a>&nbsp;&nbsp;&nbsp;adc_preempt_config
</UL>

<P><STRONG><a name="[a4]"></a>adc_base_default_para_init</STRONG> (Thumb, 8 bytes, Stack size 0 bytes, at32m412_416_adc.o(.text.adc_base_default_para_init))
<BR><BR>[Called By]<UL><LI><a href="#[9a]">&gt;&gt;</a>&nbsp;&nbsp;&nbsp;adc_ordinary_config
<LI><a href="#[af]">&gt;&gt;</a>&nbsp;&nbsp;&nbsp;adc_preempt_config
</UL>

<P><STRONG><a name="[aa]"></a>adc_calibration_init</STRONG> (Thumb, 10 bytes, Stack size 0 bytes, at32m412_416_adc.o(.text.adc_calibration_init))
<BR><BR>[Called By]<UL><LI><a href="#[ca]">&gt;&gt;</a>&nbsp;&nbsp;&nbsp;get_int_vref_cal_ratio
<LI><a href="#[9a]">&gt;&gt;</a>&nbsp;&nbsp;&nbsp;adc_ordinary_config
<LI><a href="#[af]">&gt;&gt;</a>&nbsp;&nbsp;&nbsp;adc_preempt_config
</UL>

<P><STRONG><a name="[ab]"></a>adc_calibration_init_status_get</STRONG> (Thumb, 8 bytes, Stack size 0 bytes, at32m412_416_adc.o(.text.adc_calibration_init_status_get))
<BR><BR>[Called By]<UL><LI><a href="#[ca]">&gt;&gt;</a>&nbsp;&nbsp;&nbsp;get_int_vref_cal_ratio
<LI><a href="#[9a]">&gt;&gt;</a>&nbsp;&nbsp;&nbsp;adc_ordinary_config
<LI><a href="#[af]">&gt;&gt;</a>&nbsp;&nbsp;&nbsp;adc_preempt_config
</UL>

<P><STRONG><a name="[ac]"></a>adc_calibration_start</STRONG> (Thumb, 10 bytes, Stack size 0 bytes, at32m412_416_adc.o(.text.adc_calibration_start))
<BR><BR>[Called By]<UL><LI><a href="#[ca]">&gt;&gt;</a>&nbsp;&nbsp;&nbsp;get_int_vref_cal_ratio
<LI><a href="#[9a]">&gt;&gt;</a>&nbsp;&nbsp;&nbsp;adc_ordinary_config
<LI><a href="#[af]">&gt;&gt;</a>&nbsp;&nbsp;&nbsp;adc_preempt_config
</UL>

<P><STRONG><a name="[ad]"></a>adc_calibration_status_get</STRONG> (Thumb, 8 bytes, Stack size 0 bytes, at32m412_416_adc.o(.text.adc_calibration_status_get))
<BR><BR>[Called By]<UL><LI><a href="#[ca]">&gt;&gt;</a>&nbsp;&nbsp;&nbsp;get_int_vref_cal_ratio
<LI><a href="#[9a]">&gt;&gt;</a>&nbsp;&nbsp;&nbsp;adc_ordinary_config
<LI><a href="#[af]">&gt;&gt;</a>&nbsp;&nbsp;&nbsp;adc_preempt_config
</UL>

<P><STRONG><a name="[9d]"></a>adc_common_config</STRONG> (Thumb, 128 bytes, Stack size 0 bytes, at32m412_416_adc.o(.text.adc_common_config))
<BR><BR>[Called By]<UL><LI><a href="#[ca]">&gt;&gt;</a>&nbsp;&nbsp;&nbsp;get_int_vref_cal_ratio
<LI><a href="#[9a]">&gt;&gt;</a>&nbsp;&nbsp;&nbsp;adc_ordinary_config
<LI><a href="#[af]">&gt;&gt;</a>&nbsp;&nbsp;&nbsp;adc_preempt_config
</UL>

<P><STRONG><a name="[9c]"></a>adc_common_default_para_init</STRONG> (Thumb, 8 bytes, Stack size 0 bytes, at32m412_416_adc.o(.text.adc_common_default_para_init))
<BR><BR>[Called By]<UL><LI><a href="#[ca]">&gt;&gt;</a>&nbsp;&nbsp;&nbsp;get_int_vref_cal_ratio
<LI><a href="#[9a]">&gt;&gt;</a>&nbsp;&nbsp;&nbsp;adc_ordinary_config
<LI><a href="#[af]">&gt;&gt;</a>&nbsp;&nbsp;&nbsp;adc_preempt_config
</UL>

<P><STRONG><a name="[a8]"></a>adc_dma_mode_enable</STRONG> (Thumb, 18 bytes, Stack size 0 bytes, at32m412_416_adc.o(.text.adc_dma_mode_enable))
<BR><BR>[Called By]<UL><LI><a href="#[9a]">&gt;&gt;</a>&nbsp;&nbsp;&nbsp;adc_ordinary_config
</UL>

<P><STRONG><a name="[a9]"></a>adc_dma_request_repeat_enable</STRONG> (Thumb, 18 bytes, Stack size 0 bytes, at32m412_416_adc.o(.text.adc_dma_request_repeat_enable))
<BR><BR>[Called By]<UL><LI><a href="#[9a]">&gt;&gt;</a>&nbsp;&nbsp;&nbsp;adc_ordinary_config
</UL>

<P><STRONG><a name="[9b]"></a>adc_enable</STRONG> (Thumb, 10 bytes, Stack size 0 bytes, at32m412_416_adc.o(.text.adc_enable))
<BR><BR>[Called By]<UL><LI><a href="#[61]">&gt;&gt;</a>&nbsp;&nbsp;&nbsp;bldc_sensorless_detectEMF_config
<LI><a href="#[ca]">&gt;&gt;</a>&nbsp;&nbsp;&nbsp;get_int_vref_cal_ratio
<LI><a href="#[9a]">&gt;&gt;</a>&nbsp;&nbsp;&nbsp;adc_ordinary_config
<LI><a href="#[af]">&gt;&gt;</a>&nbsp;&nbsp;&nbsp;adc_preempt_config
</UL>

<P><STRONG><a name="[53]"></a>adc_flag_clear</STRONG> (Thumb, 6 bytes, Stack size 0 bytes, at32m412_416_adc.o(.text.adc_flag_clear))
<BR><BR>[Called By]<UL><LI><a href="#[61]">&gt;&gt;</a>&nbsp;&nbsp;&nbsp;bldc_sensorless_detectEMF_config
<LI><a href="#[1c]">&gt;&gt;</a>&nbsp;&nbsp;&nbsp;ADC1_2_IRQHandler
<LI><a href="#[79]">&gt;&gt;</a>&nbsp;&nbsp;&nbsp;I_offset_init
<LI><a href="#[ca]">&gt;&gt;</a>&nbsp;&nbsp;&nbsp;get_int_vref_cal_ratio
<LI><a href="#[7b]">&gt;&gt;</a>&nbsp;&nbsp;&nbsp;current_offset_init
</UL>

<P><STRONG><a name="[52]"></a>adc_flag_get</STRONG> (Thumb, 10 bytes, Stack size 0 bytes, at32m412_416_adc.o(.text.adc_flag_get))
<BR><BR>[Called By]<UL><LI><a href="#[1c]">&gt;&gt;</a>&nbsp;&nbsp;&nbsp;ADC1_2_IRQHandler
<LI><a href="#[ca]">&gt;&gt;</a>&nbsp;&nbsp;&nbsp;get_int_vref_cal_ratio
<LI><a href="#[7b]">&gt;&gt;</a>&nbsp;&nbsp;&nbsp;current_offset_init
</UL>

<P><STRONG><a name="[7c]"></a>adc_interrupt_enable</STRONG> (Thumb, 26 bytes, Stack size 0 bytes, at32m412_416_adc.o(.text.adc_interrupt_enable))
<BR><BR>[Called By]<UL><LI><a href="#[79]">&gt;&gt;</a>&nbsp;&nbsp;&nbsp;I_offset_init
</UL>

<P><STRONG><a name="[a6]"></a>adc_ordinary_channel_set</STRONG> (Thumb, 706 bytes, Stack size 8 bytes, at32m412_416_adc.o(.text.adc_ordinary_channel_set))
<BR><BR>[Stack]<UL><LI>Max Depth = 8<LI>Call Chain = adc_ordinary_channel_set
</UL>
<BR>[Called By]<UL><LI><a href="#[9a]">&gt;&gt;</a>&nbsp;&nbsp;&nbsp;adc_ordinary_config
</UL>

<P><STRONG><a name="[9a]"></a>adc_ordinary_config</STRONG> (Thumb, 402 bytes, Stack size 72 bytes, mc_hwio.o(.text.adc_ordinary_config))
<BR><BR>[Stack]<UL><LI>Max Depth = 92<LI>Call Chain = adc_ordinary_config &rArr; gpio_init
</UL>
<BR>[Calls]<UL><LI><a href="#[ae]">&gt;&gt;</a>&nbsp;&nbsp;&nbsp;dma_flexible_config
<LI><a href="#[ad]">&gt;&gt;</a>&nbsp;&nbsp;&nbsp;adc_calibration_status_get
<LI><a href="#[ac]">&gt;&gt;</a>&nbsp;&nbsp;&nbsp;adc_calibration_start
<LI><a href="#[ab]">&gt;&gt;</a>&nbsp;&nbsp;&nbsp;adc_calibration_init_status_get
<LI><a href="#[aa]">&gt;&gt;</a>&nbsp;&nbsp;&nbsp;adc_calibration_init
<LI><a href="#[a9]">&gt;&gt;</a>&nbsp;&nbsp;&nbsp;adc_dma_request_repeat_enable
<LI><a href="#[a8]">&gt;&gt;</a>&nbsp;&nbsp;&nbsp;adc_dma_mode_enable
<LI><a href="#[a7]">&gt;&gt;</a>&nbsp;&nbsp;&nbsp;adc_ordinary_conversion_trigger_set
<LI><a href="#[a6]">&gt;&gt;</a>&nbsp;&nbsp;&nbsp;adc_ordinary_channel_set
<LI><a href="#[a5]">&gt;&gt;</a>&nbsp;&nbsp;&nbsp;adc_base_config
<LI><a href="#[a4]">&gt;&gt;</a>&nbsp;&nbsp;&nbsp;adc_base_default_para_init
<LI><a href="#[9d]">&gt;&gt;</a>&nbsp;&nbsp;&nbsp;adc_common_config
<LI><a href="#[9c]">&gt;&gt;</a>&nbsp;&nbsp;&nbsp;adc_common_default_para_init
<LI><a href="#[9b]">&gt;&gt;</a>&nbsp;&nbsp;&nbsp;adc_enable
<LI><a href="#[65]">&gt;&gt;</a>&nbsp;&nbsp;&nbsp;dma_channel_enable
<LI><a href="#[a3]">&gt;&gt;</a>&nbsp;&nbsp;&nbsp;dma_init
<LI><a href="#[a2]">&gt;&gt;</a>&nbsp;&nbsp;&nbsp;dma_default_para_init
<LI><a href="#[a1]">&gt;&gt;</a>&nbsp;&nbsp;&nbsp;dma_reset
<LI><a href="#[a0]">&gt;&gt;</a>&nbsp;&nbsp;&nbsp;gpio_init
<LI><a href="#[9f]">&gt;&gt;</a>&nbsp;&nbsp;&nbsp;gpio_default_para_init
<LI><a href="#[9e]">&gt;&gt;</a>&nbsp;&nbsp;&nbsp;crm_periph_clock_enable
</UL>
<BR>[Called By]<UL><LI><a href="#[37]">&gt;&gt;</a>&nbsp;&nbsp;&nbsp;main
</UL>

<P><STRONG><a name="[a7]"></a>adc_ordinary_conversion_trigger_set</STRONG> (Thumb, 42 bytes, Stack size 0 bytes, at32m412_416_adc.o(.text.adc_ordinary_conversion_trigger_set))
<BR><BR>[Called By]<UL><LI><a href="#[9a]">&gt;&gt;</a>&nbsp;&nbsp;&nbsp;adc_ordinary_config
</UL>

<P><STRONG><a name="[8a]"></a>adc_ordinary_software_trigger_enable</STRONG> (Thumb, 18 bytes, Stack size 0 bytes, at32m412_416_adc.o(.text.adc_ordinary_software_trigger_enable))
<BR><BR>[Called By]<UL><LI><a href="#[23]">&gt;&gt;</a>&nbsp;&nbsp;&nbsp;TMR1_OVF_TMR10_IRQHandler
</UL>

<P><STRONG><a name="[b1]"></a>adc_preempt_channel_length_set</STRONG> (Thumb, 20 bytes, Stack size 0 bytes, at32m412_416_adc.o(.text.adc_preempt_channel_length_set))
<BR><BR>[Called By]<UL><LI><a href="#[6c]">&gt;&gt;</a>&nbsp;&nbsp;&nbsp;motor_parameter_ID_config
<LI><a href="#[61]">&gt;&gt;</a>&nbsp;&nbsp;&nbsp;bldc_sensorless_detectEMF_config
<LI><a href="#[ca]">&gt;&gt;</a>&nbsp;&nbsp;&nbsp;get_int_vref_cal_ratio
<LI><a href="#[af]">&gt;&gt;</a>&nbsp;&nbsp;&nbsp;adc_preempt_config
</UL>

<P><STRONG><a name="[63]"></a>adc_preempt_channel_set</STRONG> (Thumb, 590 bytes, Stack size 8 bytes, at32m412_416_adc.o(.text.adc_preempt_channel_set))
<BR><BR>[Stack]<UL><LI>Max Depth = 8<LI>Call Chain = adc_preempt_channel_set
</UL>
<BR>[Called By]<UL><LI><a href="#[6c]">&gt;&gt;</a>&nbsp;&nbsp;&nbsp;motor_parameter_ID_config
<LI><a href="#[61]">&gt;&gt;</a>&nbsp;&nbsp;&nbsp;bldc_sensorless_detectEMF_config
<LI><a href="#[58]">&gt;&gt;</a>&nbsp;&nbsp;&nbsp;ESC_State_Init
<LI><a href="#[ca]">&gt;&gt;</a>&nbsp;&nbsp;&nbsp;get_int_vref_cal_ratio
<LI><a href="#[af]">&gt;&gt;</a>&nbsp;&nbsp;&nbsp;adc_preempt_config
</UL>

<P><STRONG><a name="[af]"></a>adc_preempt_config</STRONG> (Thumb, 366 bytes, Stack size 40 bytes, mc_hwio.o(.text.adc_preempt_config))
<BR><BR>[Stack]<UL><LI>Max Depth = 60<LI>Call Chain = adc_preempt_config &rArr; gpio_init
</UL>
<BR>[Calls]<UL><LI><a href="#[b5]">&gt;&gt;</a>&nbsp;&nbsp;&nbsp;adc_voltage_monitor_threshold_value_set
<LI><a href="#[b4]">&gt;&gt;</a>&nbsp;&nbsp;&nbsp;adc_voltage_monitor_enable
<LI><a href="#[b3]">&gt;&gt;</a>&nbsp;&nbsp;&nbsp;adc_preempt_conversion_trigger_set
<LI><a href="#[b2]">&gt;&gt;</a>&nbsp;&nbsp;&nbsp;adc_preempt_part_mode_enable
<LI><a href="#[63]">&gt;&gt;</a>&nbsp;&nbsp;&nbsp;adc_preempt_channel_set
<LI><a href="#[b1]">&gt;&gt;</a>&nbsp;&nbsp;&nbsp;adc_preempt_channel_length_set
<LI><a href="#[b0]">&gt;&gt;</a>&nbsp;&nbsp;&nbsp;adc_resolution_set
<LI><a href="#[ad]">&gt;&gt;</a>&nbsp;&nbsp;&nbsp;adc_calibration_status_get
<LI><a href="#[ac]">&gt;&gt;</a>&nbsp;&nbsp;&nbsp;adc_calibration_start
<LI><a href="#[ab]">&gt;&gt;</a>&nbsp;&nbsp;&nbsp;adc_calibration_init_status_get
<LI><a href="#[aa]">&gt;&gt;</a>&nbsp;&nbsp;&nbsp;adc_calibration_init
<LI><a href="#[a5]">&gt;&gt;</a>&nbsp;&nbsp;&nbsp;adc_base_config
<LI><a href="#[a4]">&gt;&gt;</a>&nbsp;&nbsp;&nbsp;adc_base_default_para_init
<LI><a href="#[9d]">&gt;&gt;</a>&nbsp;&nbsp;&nbsp;adc_common_config
<LI><a href="#[9c]">&gt;&gt;</a>&nbsp;&nbsp;&nbsp;adc_common_default_para_init
<LI><a href="#[9b]">&gt;&gt;</a>&nbsp;&nbsp;&nbsp;adc_enable
<LI><a href="#[a0]">&gt;&gt;</a>&nbsp;&nbsp;&nbsp;gpio_init
<LI><a href="#[9f]">&gt;&gt;</a>&nbsp;&nbsp;&nbsp;gpio_default_para_init
<LI><a href="#[9e]">&gt;&gt;</a>&nbsp;&nbsp;&nbsp;crm_periph_clock_enable
</UL>
<BR>[Called By]<UL><LI><a href="#[37]">&gt;&gt;</a>&nbsp;&nbsp;&nbsp;main
<LI><a href="#[70]">&gt;&gt;</a>&nbsp;&nbsp;&nbsp;motor_parameter_id_process
</UL>

<P><STRONG><a name="[54]"></a>adc_preempt_conversion_data_get</STRONG> (Thumb, 38 bytes, Stack size 0 bytes, at32m412_416_adc.o(.text.adc_preempt_conversion_data_get))
<BR><BR>[Called By]<UL><LI><a href="#[56]">&gt;&gt;</a>&nbsp;&nbsp;&nbsp;current_read_bldc
<LI><a href="#[1c]">&gt;&gt;</a>&nbsp;&nbsp;&nbsp;ADC1_2_IRQHandler
<LI><a href="#[ca]">&gt;&gt;</a>&nbsp;&nbsp;&nbsp;get_int_vref_cal_ratio
<LI><a href="#[7b]">&gt;&gt;</a>&nbsp;&nbsp;&nbsp;current_offset_init
</UL>

<P><STRONG><a name="[b3]"></a>adc_preempt_conversion_trigger_set</STRONG> (Thumb, 42 bytes, Stack size 0 bytes, at32m412_416_adc.o(.text.adc_preempt_conversion_trigger_set))
<BR><BR>[Called By]<UL><LI><a href="#[ca]">&gt;&gt;</a>&nbsp;&nbsp;&nbsp;get_int_vref_cal_ratio
<LI><a href="#[af]">&gt;&gt;</a>&nbsp;&nbsp;&nbsp;adc_preempt_config
</UL>

<P><STRONG><a name="[b2]"></a>adc_preempt_part_mode_enable</STRONG> (Thumb, 18 bytes, Stack size 0 bytes, at32m412_416_adc.o(.text.adc_preempt_part_mode_enable))
<BR><BR>[Called By]<UL><LI><a href="#[6c]">&gt;&gt;</a>&nbsp;&nbsp;&nbsp;motor_parameter_ID_config
<LI><a href="#[61]">&gt;&gt;</a>&nbsp;&nbsp;&nbsp;bldc_sensorless_detectEMF_config
<LI><a href="#[ca]">&gt;&gt;</a>&nbsp;&nbsp;&nbsp;get_int_vref_cal_ratio
<LI><a href="#[af]">&gt;&gt;</a>&nbsp;&nbsp;&nbsp;adc_preempt_config
</UL>

<P><STRONG><a name="[cb]"></a>adc_preempt_software_trigger_enable</STRONG> (Thumb, 26 bytes, Stack size 0 bytes, at32m412_416_adc.o(.text.adc_preempt_software_trigger_enable))
<BR><BR>[Called By]<UL><LI><a href="#[ca]">&gt;&gt;</a>&nbsp;&nbsp;&nbsp;get_int_vref_cal_ratio
</UL>

<P><STRONG><a name="[b0]"></a>adc_resolution_set</STRONG> (Thumb, 18 bytes, Stack size 0 bytes, at32m412_416_adc.o(.text.adc_resolution_set))
<BR><BR>[Called By]<UL><LI><a href="#[af]">&gt;&gt;</a>&nbsp;&nbsp;&nbsp;adc_preempt_config
</UL>

<P><STRONG><a name="[b4]"></a>adc_voltage_monitor_enable</STRONG> (Thumb, 32 bytes, Stack size 0 bytes, at32m412_416_adc.o(.text.adc_voltage_monitor_enable))
<BR><BR>[Called By]<UL><LI><a href="#[af]">&gt;&gt;</a>&nbsp;&nbsp;&nbsp;adc_preempt_config
</UL>

<P><STRONG><a name="[b5]"></a>adc_voltage_monitor_threshold_value_set</STRONG> (Thumb, 28 bytes, Stack size 0 bytes, at32m412_416_adc.o(.text.adc_voltage_monitor_threshold_value_set))
<BR><BR>[Called By]<UL><LI><a href="#[af]">&gt;&gt;</a>&nbsp;&nbsp;&nbsp;adc_preempt_config
</UL>

<P><STRONG><a name="[6e]"></a>angle_init_func</STRONG> (Thumb, 62 bytes, Stack size 8 bytes, mc_bldc_sensorless.o(.text.angle_init_func))
<BR><BR>[Stack]<UL><LI>Max Depth = 24<LI>Call Chain = angle_init_func &rArr; disable_mosfet
</UL>
<BR>[Calls]<UL><LI><a href="#[59]">&gt;&gt;</a>&nbsp;&nbsp;&nbsp;disable_mosfet
<LI><a href="#[72]">&gt;&gt;</a>&nbsp;&nbsp;&nbsp;open_loop_cmd_ramp
</UL>
<BR>[Called By]<UL><LI><a href="#[6d]">&gt;&gt;</a>&nbsp;&nbsp;&nbsp;ESC_State_Task
</UL>

<P><STRONG><a name="[60]"></a>bldc_detectEMF_param_init</STRONG> (Thumb, 156 bytes, Stack size 24 bytes, mc_bldc_sensorless.o(.text.bldc_detectEMF_param_init))
<BR><BR>[Stack]<UL><LI>Max Depth = 24<LI>Call Chain = bldc_detectEMF_param_init
</UL>
<BR>[Calls]<UL><LI><a href="#[8c]">&gt;&gt;</a>&nbsp;&nbsp;&nbsp;tmr_channel_value_set
</UL>
<BR>[Called By]<UL><LI><a href="#[58]">&gt;&gt;</a>&nbsp;&nbsp;&nbsp;ESC_State_Init
</UL>

<P><STRONG><a name="[8d]"></a>bldc_open_loop_ctrl</STRONG> (Thumb, 232 bytes, Stack size 16 bytes, mc_bldc.o(.text.bldc_open_loop_ctrl))
<BR><BR>[Stack]<UL><LI>Max Depth = 16<LI>Call Chain = bldc_open_loop_ctrl
</UL>
<BR>[Calls]<UL><LI><a href="#[69]">&gt;&gt;</a>&nbsp;&nbsp;&nbsp;tmr_event_sw_trigger
</UL>
<BR>[Called By]<UL><LI><a href="#[23]">&gt;&gt;</a>&nbsp;&nbsp;&nbsp;TMR1_OVF_TMR10_IRQHandler
</UL>

<P><STRONG><a name="[68]"></a>bldc_output_config</STRONG> (Thumb, 82 bytes, Stack size 8 bytes, mc_bldc.o(.text.bldc_output_config))
<BR><BR>[Stack]<UL><LI>Max Depth = 8<LI>Call Chain = bldc_output_config
</UL>
<BR>[Called By]<UL><LI><a href="#[94]">&gt;&gt;</a>&nbsp;&nbsp;&nbsp;bldc_sensorless_change_phase
<LI><a href="#[58]">&gt;&gt;</a>&nbsp;&nbsp;&nbsp;ESC_State_Init
<LI><a href="#[5d]">&gt;&gt;</a>&nbsp;&nbsp;&nbsp;start_up_config
</UL>

<P><STRONG><a name="[94]"></a>bldc_sensorless_change_phase</STRONG> (Thumb, 318 bytes, Stack size 24 bytes, mc_bldc_sensorless.o(.text.bldc_sensorless_change_phase))
<BR><BR>[Stack]<UL><LI>Max Depth = 32<LI>Call Chain = bldc_sensorless_change_phase &rArr; moving_average_update
</UL>
<BR>[Calls]<UL><LI><a href="#[6a]">&gt;&gt;</a>&nbsp;&nbsp;&nbsp;tmr_counter_value_set
<LI><a href="#[64]">&gt;&gt;</a>&nbsp;&nbsp;&nbsp;tmr_counter_enable
<LI><a href="#[b6]">&gt;&gt;</a>&nbsp;&nbsp;&nbsp;moving_average_update
<LI><a href="#[68]">&gt;&gt;</a>&nbsp;&nbsp;&nbsp;bldc_output_config
</UL>
<BR>[Called By]<UL><LI><a href="#[26]">&gt;&gt;</a>&nbsp;&nbsp;&nbsp;TMR3_GLOBAL_IRQHandler
</UL>

<P><STRONG><a name="[61]"></a>bldc_sensorless_detectEMF_config</STRONG> (Thumb, 274 bytes, Stack size 24 bytes, mc_hwio.o(.text.bldc_sensorless_detectEMF_config))
<BR><BR>[Stack]<UL><LI>Max Depth = 32<LI>Call Chain = bldc_sensorless_detectEMF_config &rArr; adc_preempt_channel_set
</UL>
<BR>[Calls]<UL><LI><a href="#[b7]">&gt;&gt;</a>&nbsp;&nbsp;&nbsp;tmr_channel_dma_select
<LI><a href="#[6a]">&gt;&gt;</a>&nbsp;&nbsp;&nbsp;tmr_counter_value_set
<LI><a href="#[99]">&gt;&gt;</a>&nbsp;&nbsp;&nbsp;dma_data_number_set
<LI><a href="#[b2]">&gt;&gt;</a>&nbsp;&nbsp;&nbsp;adc_preempt_part_mode_enable
<LI><a href="#[63]">&gt;&gt;</a>&nbsp;&nbsp;&nbsp;adc_preempt_channel_set
<LI><a href="#[b1]">&gt;&gt;</a>&nbsp;&nbsp;&nbsp;adc_preempt_channel_length_set
<LI><a href="#[9b]">&gt;&gt;</a>&nbsp;&nbsp;&nbsp;adc_enable
<LI><a href="#[b8]">&gt;&gt;</a>&nbsp;&nbsp;&nbsp;tmr_dma_request_enable
<LI><a href="#[65]">&gt;&gt;</a>&nbsp;&nbsp;&nbsp;dma_channel_enable
<LI><a href="#[53]">&gt;&gt;</a>&nbsp;&nbsp;&nbsp;adc_flag_clear
<LI><a href="#[88]">&gt;&gt;</a>&nbsp;&nbsp;&nbsp;tmr_flag_clear
<LI><a href="#[64]">&gt;&gt;</a>&nbsp;&nbsp;&nbsp;tmr_counter_enable
</UL>
<BR>[Called By]<UL><LI><a href="#[58]">&gt;&gt;</a>&nbsp;&nbsp;&nbsp;ESC_State_Init
</UL>

<P><STRONG><a name="[73]"></a>calcValueByVref</STRONG> (Thumb, 20 bytes, Stack size 0 bytes, motor_control_bldc.o(.text.calcValueByVref))
<BR><BR>[Called By]<UL><LI><a href="#[6d]">&gt;&gt;</a>&nbsp;&nbsp;&nbsp;ESC_State_Task
<LI><a href="#[9]">&gt;&gt;</a>&nbsp;&nbsp;&nbsp;SysTick_Handler
</UL>

<P><STRONG><a name="[8f]"></a>calc_adc_sample_point</STRONG> (Thumb, 128 bytes, Stack size 8 bytes, mc_bldc_kernal.o(.text.calc_adc_sample_point))
<BR><BR>[Stack]<UL><LI>Max Depth = 8<LI>Call Chain = calc_adc_sample_point
</UL>
<BR>[Calls]<UL><LI><a href="#[91]">&gt;&gt;</a>&nbsp;&nbsp;&nbsp;tmr_interrupt_enable
</UL>
<BR>[Called By]<UL><LI><a href="#[23]">&gt;&gt;</a>&nbsp;&nbsp;&nbsp;TMR1_OVF_TMR10_IRQHandler
</UL>

<P><STRONG><a name="[90]"></a>calc_motor_speed</STRONG> (Thumb, 98 bytes, Stack size 0 bytes, motor_control_bldc.o(.text.calc_motor_speed))
<BR><BR>[Calls]<UL><LI><a href="#[55]">&gt;&gt;</a>&nbsp;&nbsp;&nbsp;reset_ma_buffer
</UL>
<BR>[Called By]<UL><LI><a href="#[23]">&gt;&gt;</a>&nbsp;&nbsp;&nbsp;TMR1_OVF_TMR10_IRQHandler
</UL>

<P><STRONG><a name="[b9]"></a>cmp2_config</STRONG> (Thumb, 176 bytes, Stack size 32 bytes, mc_hwio.o(.text.cmp2_config))
<BR><BR>[Stack]<UL><LI>Max Depth = 52<LI>Call Chain = cmp2_config &rArr; gpio_init
</UL>
<BR>[Calls]<UL><LI><a href="#[5c]">&gt;&gt;</a>&nbsp;&nbsp;&nbsp;cmp_blanking_config
<LI><a href="#[bc]">&gt;&gt;</a>&nbsp;&nbsp;&nbsp;cmp_enable
<LI><a href="#[bb]">&gt;&gt;</a>&nbsp;&nbsp;&nbsp;cmp_filter_config
<LI><a href="#[ba]">&gt;&gt;</a>&nbsp;&nbsp;&nbsp;cmp_default_para_init
<LI><a href="#[a0]">&gt;&gt;</a>&nbsp;&nbsp;&nbsp;gpio_init
<LI><a href="#[93]">&gt;&gt;</a>&nbsp;&nbsp;&nbsp;cmp_init
<LI><a href="#[9e]">&gt;&gt;</a>&nbsp;&nbsp;&nbsp;crm_periph_clock_enable
</UL>
<BR>[Called By]<UL><LI><a href="#[37]">&gt;&gt;</a>&nbsp;&nbsp;&nbsp;main
</UL>

<P><STRONG><a name="[5c]"></a>cmp_blanking_config</STRONG> (Thumb, 44 bytes, Stack size 0 bytes, at32m412_416_cmp.o(.text.cmp_blanking_config))
<BR><BR>[Called By]<UL><LI><a href="#[58]">&gt;&gt;</a>&nbsp;&nbsp;&nbsp;ESC_State_Init
<LI><a href="#[b9]">&gt;&gt;</a>&nbsp;&nbsp;&nbsp;cmp2_config
</UL>

<P><STRONG><a name="[ba]"></a>cmp_default_para_init</STRONG> (Thumb, 8 bytes, Stack size 0 bytes, at32m412_416_cmp.o(.text.cmp_default_para_init))
<BR><BR>[Called By]<UL><LI><a href="#[b9]">&gt;&gt;</a>&nbsp;&nbsp;&nbsp;cmp2_config
<LI><a href="#[d7]">&gt;&gt;</a>&nbsp;&nbsp;&nbsp;ocp_cmp_config
</UL>

<P><STRONG><a name="[bc]"></a>cmp_enable</STRONG> (Thumb, 40 bytes, Stack size 0 bytes, at32m412_416_cmp.o(.text.cmp_enable))
<BR><BR>[Called By]<UL><LI><a href="#[b9]">&gt;&gt;</a>&nbsp;&nbsp;&nbsp;cmp2_config
<LI><a href="#[d7]">&gt;&gt;</a>&nbsp;&nbsp;&nbsp;ocp_cmp_config
</UL>

<P><STRONG><a name="[bb]"></a>cmp_filter_config</STRONG> (Thumb, 92 bytes, Stack size 8 bytes, at32m412_416_cmp.o(.text.cmp_filter_config))
<BR><BR>[Stack]<UL><LI>Max Depth = 8<LI>Call Chain = cmp_filter_config
</UL>
<BR>[Called By]<UL><LI><a href="#[b9]">&gt;&gt;</a>&nbsp;&nbsp;&nbsp;cmp2_config
<LI><a href="#[d7]">&gt;&gt;</a>&nbsp;&nbsp;&nbsp;ocp_cmp_config
</UL>

<P><STRONG><a name="[93]"></a>cmp_init</STRONG> (Thumb, 158 bytes, Stack size 0 bytes, at32m412_416_cmp.o(.text.cmp_init))
<BR><BR>[Called By]<UL><LI><a href="#[24]">&gt;&gt;</a>&nbsp;&nbsp;&nbsp;TMR1_TRG_HALL_TMR11_IRQHandler
<LI><a href="#[b9]">&gt;&gt;</a>&nbsp;&nbsp;&nbsp;cmp2_config
<LI><a href="#[d7]">&gt;&gt;</a>&nbsp;&nbsp;&nbsp;ocp_cmp_config
<LI><a href="#[5e]">&gt;&gt;</a>&nbsp;&nbsp;&nbsp;set_next_detect_hall_state
</UL>

<P><STRONG><a name="[74]"></a>command_ramp</STRONG> (Thumb, 56 bytes, Stack size 8 bytes, mc_pid_controller.o(.text.command_ramp))
<BR><BR>[Stack]<UL><LI>Max Depth = 8<LI>Call Chain = command_ramp
</UL>
<BR>[Called By]<UL><LI><a href="#[6d]">&gt;&gt;</a>&nbsp;&nbsp;&nbsp;ESC_State_Task
</UL>

<P><STRONG><a name="[10b]"></a>crm_ahb_div_set</STRONG> (Thumb, 46 bytes, Stack size 0 bytes, at32m412_416_crm.o(.text.crm_ahb_div_set))
<BR><BR>[Called By]<UL><LI><a href="#[ce]">&gt;&gt;</a>&nbsp;&nbsp;&nbsp;system_clock_config
</UL>

<P><STRONG><a name="[10e]"></a>crm_apb1_div_set</STRONG> (Thumb, 26 bytes, Stack size 0 bytes, at32m412_416_crm.o(.text.crm_apb1_div_set))
<BR><BR>[Called By]<UL><LI><a href="#[ce]">&gt;&gt;</a>&nbsp;&nbsp;&nbsp;system_clock_config
</UL>

<P><STRONG><a name="[10d]"></a>crm_apb2_div_set</STRONG> (Thumb, 26 bytes, Stack size 0 bytes, at32m412_416_crm.o(.text.crm_apb2_div_set))
<BR><BR>[Called By]<UL><LI><a href="#[ce]">&gt;&gt;</a>&nbsp;&nbsp;&nbsp;system_clock_config
</UL>

<P><STRONG><a name="[10c]"></a>crm_apb3_div_set</STRONG> (Thumb, 26 bytes, Stack size 0 bytes, at32m412_416_crm.o(.text.crm_apb3_div_set))
<BR><BR>[Called By]<UL><LI><a href="#[ce]">&gt;&gt;</a>&nbsp;&nbsp;&nbsp;system_clock_config
</UL>

<P><STRONG><a name="[10f]"></a>crm_auto_step_mode_enable</STRONG> (Thumb, 24 bytes, Stack size 0 bytes, at32m412_416_crm.o(.text.crm_auto_step_mode_enable))
<BR><BR>[Called By]<UL><LI><a href="#[ce]">&gt;&gt;</a>&nbsp;&nbsp;&nbsp;system_clock_config
</UL>

<P><STRONG><a name="[107]"></a>crm_clock_source_enable</STRONG> (Thumb, 122 bytes, Stack size 0 bytes, at32m412_416_crm.o(.text.crm_clock_source_enable))
<BR><BR>[Called By]<UL><LI><a href="#[ce]">&gt;&gt;</a>&nbsp;&nbsp;&nbsp;system_clock_config
</UL>

<P><STRONG><a name="[bd]"></a>crm_clocks_freq_get</STRONG> (Thumb, 200 bytes, Stack size 16 bytes, at32m412_416_crm.o(.text.crm_clocks_freq_get))
<BR><BR>[Stack]<UL><LI>Max Depth = 56<LI>Call Chain = crm_clocks_freq_get &rArr; __aeabi_uldivmod
</UL>
<BR>[Calls]<UL><LI><a href="#[3c]">&gt;&gt;</a>&nbsp;&nbsp;&nbsp;__aeabi_uldivmod
</UL>
<BR>[Called By]<UL><LI><a href="#[123]">&gt;&gt;</a>&nbsp;&nbsp;&nbsp;usart_init
<LI><a href="#[37]">&gt;&gt;</a>&nbsp;&nbsp;&nbsp;main
</UL>

<P><STRONG><a name="[10a]"></a>crm_flag_get</STRONG> (Thumb, 26 bytes, Stack size 0 bytes, at32m412_416_crm.o(.text.crm_flag_get))
<BR><BR>[Called By]<UL><LI><a href="#[ce]">&gt;&gt;</a>&nbsp;&nbsp;&nbsp;system_clock_config
</UL>

<P><STRONG><a name="[108]"></a>crm_hext_stable_wait</STRONG> (Thumb, 36 bytes, Stack size 0 bytes, at32m412_416_crm.o(.text.crm_hext_stable_wait))
<BR><BR>[Called By]<UL><LI><a href="#[ce]">&gt;&gt;</a>&nbsp;&nbsp;&nbsp;system_clock_config
</UL>

<P><STRONG><a name="[9e]"></a>crm_periph_clock_enable</STRONG> (Thumb, 40 bytes, Stack size 0 bytes, at32m412_416_crm.o(.text.crm_periph_clock_enable))
<BR><BR>[Called By]<UL><LI><a href="#[de]">&gt;&gt;</a>&nbsp;&nbsp;&nbsp;uart_init
<LI><a href="#[dd]">&gt;&gt;</a>&nbsp;&nbsp;&nbsp;tmr_blank_init
<LI><a href="#[dc]">&gt;&gt;</a>&nbsp;&nbsp;&nbsp;tmr_blank_trigger_init
<LI><a href="#[db]">&gt;&gt;</a>&nbsp;&nbsp;&nbsp;tmr_comp_capture_init
<LI><a href="#[ca]">&gt;&gt;</a>&nbsp;&nbsp;&nbsp;get_int_vref_cal_ratio
<LI><a href="#[9a]">&gt;&gt;</a>&nbsp;&nbsp;&nbsp;adc_ordinary_config
<LI><a href="#[af]">&gt;&gt;</a>&nbsp;&nbsp;&nbsp;adc_preempt_config
<LI><a href="#[d9]">&gt;&gt;</a>&nbsp;&nbsp;&nbsp;tmr_pwm_init
<LI><a href="#[d8]">&gt;&gt;</a>&nbsp;&nbsp;&nbsp;tmr_sensorless_change_phase_init
<LI><a href="#[b9]">&gt;&gt;</a>&nbsp;&nbsp;&nbsp;cmp2_config
<LI><a href="#[d7]">&gt;&gt;</a>&nbsp;&nbsp;&nbsp;ocp_cmp_config
<LI><a href="#[d3]">&gt;&gt;</a>&nbsp;&nbsp;&nbsp;pull_up_config
<LI><a href="#[cc]">&gt;&gt;</a>&nbsp;&nbsp;&nbsp;led_init
<LI><a href="#[d1]">&gt;&gt;</a>&nbsp;&nbsp;&nbsp;opa_init
<LI><a href="#[cf]">&gt;&gt;</a>&nbsp;&nbsp;&nbsp;remap_exint_clock_enable_config
<LI><a href="#[ce]">&gt;&gt;</a>&nbsp;&nbsp;&nbsp;system_clock_config
</UL>

<P><STRONG><a name="[109]"></a>crm_pll_config</STRONG> (Thumb, 76 bytes, Stack size 8 bytes, at32m412_416_crm.o(.text.crm_pll_config))
<BR><BR>[Stack]<UL><LI>Max Depth = 8<LI>Call Chain = crm_pll_config
</UL>
<BR>[Called By]<UL><LI><a href="#[ce]">&gt;&gt;</a>&nbsp;&nbsp;&nbsp;system_clock_config
</UL>

<P><STRONG><a name="[106]"></a>crm_reset</STRONG> (Thumb, 110 bytes, Stack size 0 bytes, at32m412_416_crm.o(.text.crm_reset))
<BR><BR>[Called By]<UL><LI><a href="#[ce]">&gt;&gt;</a>&nbsp;&nbsp;&nbsp;system_clock_config
</UL>

<P><STRONG><a name="[110]"></a>crm_sysclk_switch</STRONG> (Thumb, 38 bytes, Stack size 0 bytes, at32m412_416_crm.o(.text.crm_sysclk_switch))
<BR><BR>[Called By]<UL><LI><a href="#[ce]">&gt;&gt;</a>&nbsp;&nbsp;&nbsp;system_clock_config
</UL>

<P><STRONG><a name="[111]"></a>crm_sysclk_switch_status_get</STRONG> (Thumb, 16 bytes, Stack size 0 bytes, at32m412_416_crm.o(.text.crm_sysclk_switch_status_get))
<BR><BR>[Called By]<UL><LI><a href="#[112]">&gt;&gt;</a>&nbsp;&nbsp;&nbsp;system_core_clock_update
<LI><a href="#[ce]">&gt;&gt;</a>&nbsp;&nbsp;&nbsp;system_clock_config
</UL>

<P><STRONG><a name="[77]"></a>current_auto_tuning</STRONG> (Thumb, 464 bytes, Stack size 40 bytes, motor_control_bldc.o(.text.current_auto_tuning))
<BR><BR>[Stack]<UL><LI>Max Depth = 280<LI>Call Chain = current_auto_tuning &rArr; __hardfp_log2 &rArr; log &rArr; __hardfp_log &rArr; __kernel_poly &rArr; __aeabi_dmul &rArr; _double_epilogue &rArr; _double_round
</UL>
<BR>[Calls]<UL><LI><a href="#[48]">&gt;&gt;</a>&nbsp;&nbsp;&nbsp;__aeabi_dsub
<LI><a href="#[4e]">&gt;&gt;</a>&nbsp;&nbsp;&nbsp;__aeabi_d2f
<LI><a href="#[be]">&gt;&gt;</a>&nbsp;&nbsp;&nbsp;__aeabi_f2d
<LI><a href="#[4a]">&gt;&gt;</a>&nbsp;&nbsp;&nbsp;__aeabi_dmul
<LI><a href="#[4d]">&gt;&gt;</a>&nbsp;&nbsp;&nbsp;__aeabi_d2iz
<LI><a href="#[4b]">&gt;&gt;</a>&nbsp;&nbsp;&nbsp;__aeabi_ddiv
<LI><a href="#[4c]">&gt;&gt;</a>&nbsp;&nbsp;&nbsp;__aeabi_i2d
<LI><a href="#[c0]">&gt;&gt;</a>&nbsp;&nbsp;&nbsp;__hardfp_round
<LI><a href="#[bf]">&gt;&gt;</a>&nbsp;&nbsp;&nbsp;__hardfp_log2
</UL>
<BR>[Called By]<UL><LI><a href="#[6d]">&gt;&gt;</a>&nbsp;&nbsp;&nbsp;ESC_State_Task
</UL>

<P><STRONG><a name="[7b]"></a>current_offset_init</STRONG> (Thumb, 232 bytes, Stack size 32 bytes, mc_curr_fdbk.o(.text.current_offset_init))
<BR><BR>[Stack]<UL><LI>Max Depth = 32<LI>Call Chain = current_offset_init
</UL>
<BR>[Calls]<UL><LI><a href="#[54]">&gt;&gt;</a>&nbsp;&nbsp;&nbsp;adc_preempt_conversion_data_get
<LI><a href="#[53]">&gt;&gt;</a>&nbsp;&nbsp;&nbsp;adc_flag_clear
<LI><a href="#[52]">&gt;&gt;</a>&nbsp;&nbsp;&nbsp;adc_flag_get
</UL>
<BR>[Called By]<UL><LI><a href="#[79]">&gt;&gt;</a>&nbsp;&nbsp;&nbsp;I_offset_init
</UL>

<P><STRONG><a name="[7a]"></a>current_offset_tmr_setting</STRONG> (Thumb, 308 bytes, Stack size 40 bytes, motor_control_bldc.o(.text.current_offset_tmr_setting))
<BR><BR>[Stack]<UL><LI>Max Depth = 60<LI>Call Chain = current_offset_tmr_setting &rArr; gpio_init
</UL>
<BR>[Calls]<UL><LI><a href="#[c2]">&gt;&gt;</a>&nbsp;&nbsp;&nbsp;gpio_bits_write
<LI><a href="#[6b]">&gt;&gt;</a>&nbsp;&nbsp;&nbsp;tmr_output_enable
<LI><a href="#[c1]">&gt;&gt;</a>&nbsp;&nbsp;&nbsp;gpio_pin_mux_config
<LI><a href="#[a0]">&gt;&gt;</a>&nbsp;&nbsp;&nbsp;gpio_init
<LI><a href="#[9f]">&gt;&gt;</a>&nbsp;&nbsp;&nbsp;gpio_default_para_init
<LI><a href="#[8c]">&gt;&gt;</a>&nbsp;&nbsp;&nbsp;tmr_channel_value_set
<LI><a href="#[64]">&gt;&gt;</a>&nbsp;&nbsp;&nbsp;tmr_counter_enable
</UL>
<BR>[Called By]<UL><LI><a href="#[79]">&gt;&gt;</a>&nbsp;&nbsp;&nbsp;I_offset_init
</UL>

<P><STRONG><a name="[56]"></a>current_read_bldc</STRONG> (Thumb, 76 bytes, Stack size 8 bytes, mc_curr_fdbk.o(.text.current_read_bldc))
<BR><BR>[Stack]<UL><LI>Max Depth = 8<LI>Call Chain = current_read_bldc
</UL>
<BR>[Calls]<UL><LI><a href="#[54]">&gt;&gt;</a>&nbsp;&nbsp;&nbsp;adc_preempt_conversion_data_get
</UL>
<BR>[Called By]<UL><LI><a href="#[1c]">&gt;&gt;</a>&nbsp;&nbsp;&nbsp;ADC1_2_IRQHandler
</UL>

<P><STRONG><a name="[f3]"></a>dac_1_data_set</STRONG> (Thumb, 18 bytes, Stack size 0 bytes, at32m412_416_dac.o(.text.dac_1_data_set))
<BR><BR>[Called By]<UL><LI><a href="#[d7]">&gt;&gt;</a>&nbsp;&nbsp;&nbsp;ocp_cmp_config
</UL>

<P><STRONG><a name="[f5]"></a>dac_enable</STRONG> (Thumb, 46 bytes, Stack size 0 bytes, at32m412_416_dac.o(.text.dac_enable))
<BR><BR>[Called By]<UL><LI><a href="#[d7]">&gt;&gt;</a>&nbsp;&nbsp;&nbsp;ocp_cmp_config
</UL>

<P><STRONG><a name="[f4]"></a>dac_reference_voltage_select</STRONG> (Thumb, 54 bytes, Stack size 0 bytes, at32m412_416_dac.o(.text.dac_reference_voltage_select))
<BR><BR>[Called By]<UL><LI><a href="#[d7]">&gt;&gt;</a>&nbsp;&nbsp;&nbsp;ocp_cmp_config
</UL>

<P><STRONG><a name="[59]"></a>disable_mosfet</STRONG> (Thumb, 48 bytes, Stack size 16 bytes, motor_control_bldc.o(.text.disable_mosfet))
<BR><BR>[Stack]<UL><LI>Max Depth = 16<LI>Call Chain = disable_mosfet
</UL>
<BR>[Calls]<UL><LI><a href="#[6b]">&gt;&gt;</a>&nbsp;&nbsp;&nbsp;tmr_output_enable
<LI><a href="#[69]">&gt;&gt;</a>&nbsp;&nbsp;&nbsp;tmr_event_sw_trigger
</UL>
<BR>[Called By]<UL><LI><a href="#[58]">&gt;&gt;</a>&nbsp;&nbsp;&nbsp;ESC_State_Init
<LI><a href="#[6e]">&gt;&gt;</a>&nbsp;&nbsp;&nbsp;angle_init_func
</UL>

<P><STRONG><a name="[65]"></a>dma_channel_enable</STRONG> (Thumb, 10 bytes, Stack size 0 bytes, at32m412_416_dma.o(.text.dma_channel_enable))
<BR><BR>[Called By]<UL><LI><a href="#[6c]">&gt;&gt;</a>&nbsp;&nbsp;&nbsp;motor_parameter_ID_config
<LI><a href="#[61]">&gt;&gt;</a>&nbsp;&nbsp;&nbsp;bldc_sensorless_detectEMF_config
<LI><a href="#[92]">&gt;&gt;</a>&nbsp;&nbsp;&nbsp;ui_save_monitor_data
<LI><a href="#[58]">&gt;&gt;</a>&nbsp;&nbsp;&nbsp;ESC_State_Init
<LI><a href="#[df]">&gt;&gt;</a>&nbsp;&nbsp;&nbsp;uart_rx_init
<LI><a href="#[dd]">&gt;&gt;</a>&nbsp;&nbsp;&nbsp;tmr_blank_init
<LI><a href="#[dc]">&gt;&gt;</a>&nbsp;&nbsp;&nbsp;tmr_blank_trigger_init
<LI><a href="#[ca]">&gt;&gt;</a>&nbsp;&nbsp;&nbsp;get_int_vref_cal_ratio
<LI><a href="#[9a]">&gt;&gt;</a>&nbsp;&nbsp;&nbsp;adc_ordinary_config
<LI><a href="#[2e]">&gt;&gt;</a>&nbsp;&nbsp;&nbsp;USART1_IRQHandler
</UL>

<P><STRONG><a name="[97]"></a>dma_data_number_get</STRONG> (Thumb, 6 bytes, Stack size 0 bytes, at32m412_416_dma.o(.text.dma_data_number_get))
<BR><BR>[Called By]<UL><LI><a href="#[2e]">&gt;&gt;</a>&nbsp;&nbsp;&nbsp;USART1_IRQHandler
</UL>

<P><STRONG><a name="[99]"></a>dma_data_number_set</STRONG> (Thumb, 4 bytes, Stack size 0 bytes, at32m412_416_dma.o(.text.dma_data_number_set))
<BR><BR>[Called By]<UL><LI><a href="#[61]">&gt;&gt;</a>&nbsp;&nbsp;&nbsp;bldc_sensorless_detectEMF_config
<LI><a href="#[92]">&gt;&gt;</a>&nbsp;&nbsp;&nbsp;ui_save_monitor_data
<LI><a href="#[ca]">&gt;&gt;</a>&nbsp;&nbsp;&nbsp;get_int_vref_cal_ratio
<LI><a href="#[2e]">&gt;&gt;</a>&nbsp;&nbsp;&nbsp;USART1_IRQHandler
</UL>

<P><STRONG><a name="[a2]"></a>dma_default_para_init</STRONG> (Thumb, 14 bytes, Stack size 0 bytes, at32m412_416_dma.o(.text.dma_default_para_init))
<BR><BR>[Called By]<UL><LI><a href="#[c3]">&gt;&gt;</a>&nbsp;&nbsp;&nbsp;dma_uart_configuration
<LI><a href="#[dd]">&gt;&gt;</a>&nbsp;&nbsp;&nbsp;tmr_blank_init
<LI><a href="#[dc]">&gt;&gt;</a>&nbsp;&nbsp;&nbsp;tmr_blank_trigger_init
<LI><a href="#[9a]">&gt;&gt;</a>&nbsp;&nbsp;&nbsp;adc_ordinary_config
</UL>

<P><STRONG><a name="[ae]"></a>dma_flexible_config</STRONG> (Thumb, 22 bytes, Stack size 0 bytes, at32m412_416_dma.o(.text.dma_flexible_config))
<BR><BR>[Called By]<UL><LI><a href="#[c3]">&gt;&gt;</a>&nbsp;&nbsp;&nbsp;dma_uart_configuration
<LI><a href="#[9a]">&gt;&gt;</a>&nbsp;&nbsp;&nbsp;adc_ordinary_config
</UL>

<P><STRONG><a name="[a3]"></a>dma_init</STRONG> (Thumb, 126 bytes, Stack size 0 bytes, at32m412_416_dma.o(.text.dma_init))
<BR><BR>[Called By]<UL><LI><a href="#[c3]">&gt;&gt;</a>&nbsp;&nbsp;&nbsp;dma_uart_configuration
<LI><a href="#[dd]">&gt;&gt;</a>&nbsp;&nbsp;&nbsp;tmr_blank_init
[...]
<LI><a href="#[8f]">&gt;&gt;</a>&nbsp;&nbsp;&nbsp;calc_adc_sample_point
<LI><a href="#[23]">&gt;&gt;</a>&nbsp;&nbsp;&nbsp;TMR1_OVF_TMR10_IRQHandler
<LI><a href="#[db]">&gt;&gt;</a>&nbsp;&nbsp;&nbsp;tmr_comp_capture_init
<LI><a href="#[d9]">&gt;&gt;</a>&nbsp;&nbsp;&nbsp;tmr_pwm_init
<LI><a href="#[d8]">&gt;&gt;</a>&nbsp;&nbsp;&nbsp;tmr_sensorless_change_phase_init
</UL>

<P><STRONG><a name="[e4]"></a>tmr_one_cycle_mode_enable</STRONG> (Thumb, 18 bytes, Stack size 0 bytes, at32m412_416_tmr.o(.text.tmr_one_cycle_mode_enable))
<BR><BR>[Called By]<UL><LI><a href="#[6c]">&gt;&gt;</a>&nbsp;&nbsp;&nbsp;motor_parameter_ID_config
<LI><a href="#[d9]">&gt;&gt;</a>&nbsp;&nbsp;&nbsp;tmr_pwm_init
</UL>

<P><STRONG><a name="[ea]"></a>tmr_output_channel_buffer_enable</STRONG> (Thumb, 128 bytes, Stack size 0 bytes, at32m412_416_tmr.o(.text.tmr_output_channel_buffer_enable))
<BR><BR>[Called By]<UL><LI><a href="#[6c]">&gt;&gt;</a>&nbsp;&nbsp;&nbsp;motor_parameter_ID_config
<LI><a href="#[dd]">&gt;&gt;</a>&nbsp;&nbsp;&nbsp;tmr_blank_init
<LI><a href="#[dc]">&gt;&gt;</a>&nbsp;&nbsp;&nbsp;tmr_blank_trigger_init
<LI><a href="#[d9]">&gt;&gt;</a>&nbsp;&nbsp;&nbsp;tmr_pwm_init
</UL>

<P><STRONG><a name="[ec]"></a>tmr_output_channel_config</STRONG> (Thumb, 708 bytes, Stack size 8 bytes, at32m412_416_tmr.o(.text.tmr_output_channel_config))
<BR><BR>[Stack]<UL><LI>Max Depth = 8<LI>Call Chain = tmr_output_channel_config
</UL>
<BR>[Called By]<UL><LI><a href="#[6c]">&gt;&gt;</a>&nbsp;&nbsp;&nbsp;motor_parameter_ID_config
<LI><a href="#[dd]">&gt;&gt;</a>&nbsp;&nbsp;&nbsp;tmr_blank_init
<LI><a href="#[dc]">&gt;&gt;</a>&nbsp;&nbsp;&nbsp;tmr_blank_trigger_init
<LI><a href="#[d9]">&gt;&gt;</a>&nbsp;&nbsp;&nbsp;tmr_pwm_init
</UL>

<P><STRONG><a name="[eb]"></a>tmr_output_default_para_init</STRONG> (Thumb, 10 bytes, Stack size 0 bytes, at32m412_416_tmr.o(.text.tmr_output_default_para_init))
<BR><BR>[Called By]<UL><LI><a href="#[6c]">&gt;&gt;</a>&nbsp;&nbsp;&nbsp;motor_parameter_ID_config
<LI><a href="#[dd]">&gt;&gt;</a>&nbsp;&nbsp;&nbsp;tmr_blank_init
<LI><a href="#[dc]">&gt;&gt;</a>&nbsp;&nbsp;&nbsp;tmr_blank_trigger_init
<LI><a href="#[d9]">&gt;&gt;</a>&nbsp;&nbsp;&nbsp;tmr_pwm_init
</UL>

<P><STRONG><a name="[6b]"></a>tmr_output_enable</STRONG> (Thumb, 18 bytes, Stack size 0 bytes, at32m412_416_tmr.o(.text.tmr_output_enable))
<BR><BR>[Called By]<UL><LI><a href="#[6c]">&gt;&gt;</a>&nbsp;&nbsp;&nbsp;motor_parameter_ID_config
<LI><a href="#[58]">&gt;&gt;</a>&nbsp;&nbsp;&nbsp;ESC_State_Init
<LI><a href="#[d9]">&gt;&gt;</a>&nbsp;&nbsp;&nbsp;tmr_pwm_init
<LI><a href="#[70]">&gt;&gt;</a>&nbsp;&nbsp;&nbsp;motor_parameter_id_process
<LI><a href="#[7a]">&gt;&gt;</a>&nbsp;&nbsp;&nbsp;current_offset_tmr_setting
<LI><a href="#[59]">&gt;&gt;</a>&nbsp;&nbsp;&nbsp;disable_mosfet
<LI><a href="#[5d]">&gt;&gt;</a>&nbsp;&nbsp;&nbsp;start_up_config
<LI><a href="#[62]">&gt;&gt;</a>&nbsp;&nbsp;&nbsp;start_bldc
</UL>

<P><STRONG><a name="[e3]"></a>tmr_period_buffer_enable</STRONG> (Thumb, 18 bytes, Stack size 0 bytes, at32m412_416_tmr.o(.text.tmr_period_buffer_enable))
<BR><BR>[Called By]<UL><LI><a href="#[6c]">&gt;&gt;</a>&nbsp;&nbsp;&nbsp;motor_parameter_ID_config
<LI><a href="#[d9]">&gt;&gt;</a>&nbsp;&nbsp;&nbsp;tmr_pwm_init
</UL>

<P><STRONG><a name="[122]"></a>tmr_primary_mode_select</STRONG> (Thumb, 18 bytes, Stack size 0 bytes, at32m412_416_tmr.o(.text.tmr_primary_mode_select))
<BR><BR>[Called By]<UL><LI><a href="#[d9]">&gt;&gt;</a>&nbsp;&nbsp;&nbsp;tmr_pwm_init
</UL>

<P><STRONG><a name="[d9]"></a>tmr_pwm_init</STRONG> (Thumb, 674 bytes, Stack size 72 bytes, mc_hwio.o(.text.tmr_pwm_init))
<BR><BR>[Stack]<UL><LI>Max Depth = 92<LI>Call Chain = tmr_pwm_init &rArr; gpio_init
</UL>
<BR>[Calls]<UL><LI><a href="#[122]">&gt;&gt;</a>&nbsp;&nbsp;&nbsp;tmr_primary_mode_select
<LI><a href="#[121]">&gt;&gt;</a>&nbsp;&nbsp;&nbsp;tmr_sub_sync_mode_set
<LI><a href="#[6b]">&gt;&gt;</a>&nbsp;&nbsp;&nbsp;tmr_output_enable
<LI><a href="#[e4]">&gt;&gt;</a>&nbsp;&nbsp;&nbsp;tmr_one_cycle_mode_enable
<LI><a href="#[e9]">&gt;&gt;</a>&nbsp;&nbsp;&nbsp;tmr_channel_buffer_enable
<LI><a href="#[120]">&gt;&gt;</a>&nbsp;&nbsp;&nbsp;tmr_hall_select
<LI><a href="#[11f]">&gt;&gt;</a>&nbsp;&nbsp;&nbsp;tmr_brk_input_config
<LI><a href="#[11e]">&gt;&gt;</a>&nbsp;&nbsp;&nbsp;tmr_brk_filter_value_set
<LI><a href="#[11d]">&gt;&gt;</a>&nbsp;&nbsp;&nbsp;tmr_brkdt_default_para_init
<LI><a href="#[e8]">&gt;&gt;</a>&nbsp;&nbsp;&nbsp;tmr_clock_source_div_set
<LI><a href="#[ea]">&gt;&gt;</a>&nbsp;&nbsp;&nbsp;tmr_output_channel_buffer_enable
<LI><a href="#[ec]">&gt;&gt;</a>&nbsp;&nbsp;&nbsp;tmr_output_channel_config
<LI><a href="#[eb]">&gt;&gt;</a>&nbsp;&nbsp;&nbsp;tmr_output_default_para_init
<LI><a href="#[e7]">&gt;&gt;</a>&nbsp;&nbsp;&nbsp;tmr_cnt_dir_set
<LI><a href="#[e3]">&gt;&gt;</a>&nbsp;&nbsp;&nbsp;tmr_period_buffer_enable
<LI><a href="#[e6]">&gt;&gt;</a>&nbsp;&nbsp;&nbsp;tmr_base_init
<LI><a href="#[e5]">&gt;&gt;</a>&nbsp;&nbsp;&nbsp;tmr_repetition_counter_set
<LI><a href="#[11c]">&gt;&gt;</a>&nbsp;&nbsp;&nbsp;tmr_brkdt_config
<LI><a href="#[c1]">&gt;&gt;</a>&nbsp;&nbsp;&nbsp;gpio_pin_mux_config
<LI><a href="#[a0]">&gt;&gt;</a>&nbsp;&nbsp;&nbsp;gpio_init
<LI><a href="#[9f]">&gt;&gt;</a>&nbsp;&nbsp;&nbsp;gpio_default_para_init
<LI><a href="#[91]">&gt;&gt;</a>&nbsp;&nbsp;&nbsp;tmr_interrupt_enable
<LI><a href="#[8c]">&gt;&gt;</a>&nbsp;&nbsp;&nbsp;tmr_channel_value_set
<LI><a href="#[88]">&gt;&gt;</a>&nbsp;&nbsp;&nbsp;tmr_flag_clear
<LI><a href="#[64]">&gt;&gt;</a>&nbsp;&nbsp;&nbsp;tmr_counter_enable
<LI><a href="#[9e]">&gt;&gt;</a>&nbsp;&nbsp;&nbsp;crm_periph_clock_enable
</UL>
<BR>[Called By]<UL><LI><a href="#[37]">&gt;&gt;</a>&nbsp;&nbsp;&nbsp;main
<LI><a href="#[70]">&gt;&gt;</a>&nbsp;&nbsp;&nbsp;motor_parameter_id_process
</UL>

<P><STRONG><a name="[e5]"></a>tmr_repetition_counter_set</STRONG> (Thumb, 68 bytes, Stack size 0 bytes, at32m412_416_tmr.o(.text.tmr_repetition_counter_set))
<BR><BR>[Called By]<UL><LI><a href="#[6c]">&gt;&gt;</a>&nbsp;&nbsp;&nbsp;motor_parameter_ID_config
<LI><a href="#[d9]">&gt;&gt;</a>&nbsp;&nbsp;&nbsp;tmr_pwm_init
</UL>

<P><STRONG><a name="[d8]"></a>tmr_sensorless_change_phase_init</STRONG> (Thumb, 72 bytes, Stack size 8 bytes, mc_hwio.o(.text.tmr_sensorless_change_phase_init))
<BR><BR>[Stack]<UL><LI>Max Depth = 8<LI>Call Chain = tmr_sensorless_change_phase_init
</UL>
<BR>[Calls]<UL><LI><a href="#[e7]">&gt;&gt;</a>&nbsp;&nbsp;&nbsp;tmr_cnt_dir_set
<LI><a href="#[e6]">&gt;&gt;</a>&nbsp;&nbsp;&nbsp;tmr_base_init
<LI><a href="#[91]">&gt;&gt;</a>&nbsp;&nbsp;&nbsp;tmr_interrupt_enable
<LI><a href="#[88]">&gt;&gt;</a>&nbsp;&nbsp;&nbsp;tmr_flag_clear
<LI><a href="#[64]">&gt;&gt;</a>&nbsp;&nbsp;&nbsp;tmr_counter_enable
<LI><a href="#[9e]">&gt;&gt;</a>&nbsp;&nbsp;&nbsp;crm_periph_clock_enable
</UL>
<BR>[Called By]<UL><LI><a href="#[37]">&gt;&gt;</a>&nbsp;&nbsp;&nbsp;main
</UL>

<P><STRONG><a name="[114]"></a>tmr_sub_mode_select</STRONG> (Thumb, 26 bytes, Stack size 0 bytes, at32m412_416_tmr.o(.text.tmr_sub_mode_select))
<BR><BR>[Called By]<UL><LI><a href="#[dd]">&gt;&gt;</a>&nbsp;&nbsp;&nbsp;tmr_blank_init
</UL>

<P><STRONG><a name="[121]"></a>tmr_sub_sync_mode_set</STRONG> (Thumb, 18 bytes, Stack size 0 bytes, at32m412_416_tmr.o(.text.tmr_sub_sync_mode_set))
<BR><BR>[Called By]<UL><LI><a href="#[d9]">&gt;&gt;</a>&nbsp;&nbsp;&nbsp;tmr_pwm_init
</UL>

<P><STRONG><a name="[115]"></a>tmr_trigger_input_select</STRONG> (Thumb, 18 bytes, Stack size 0 bytes, at32m412_416_tmr.o(.text.tmr_trigger_input_select))
<BR><BR>[Called By]<UL><LI><a href="#[dd]">&gt;&gt;</a>&nbsp;&nbsp;&nbsp;tmr_blank_init
</UL>

<P><STRONG><a name="[de]"></a>uart_init</STRONG> (Thumb, 178 bytes, Stack size 24 bytes, mc_hwio.o(.text.uart_init))
<BR><BR>[Stack]<UL><LI>Max Depth = 120<LI>Call Chain = uart_init &rArr; usart_init &rArr; crm_clocks_freq_get &rArr; __aeabi_uldivmod
</UL>
<BR>[Calls]<UL><LI><a href="#[129]">&gt;&gt;</a>&nbsp;&nbsp;&nbsp;usart_enable
<LI><a href="#[128]">&gt;&gt;</a>&nbsp;&nbsp;&nbsp;usart_interrupt_enable
<LI><a href="#[127]">&gt;&gt;</a>&nbsp;&nbsp;&nbsp;usart_dma_receiver_enable
<LI><a href="#[126]">&gt;&gt;</a>&nbsp;&nbsp;&nbsp;usart_dma_transmitter_enable
<LI><a href="#[125]">&gt;&gt;</a>&nbsp;&nbsp;&nbsp;usart_receiver_enable
<LI><a href="#[124]">&gt;&gt;</a>&nbsp;&nbsp;&nbsp;usart_transmitter_enable
<LI><a href="#[123]">&gt;&gt;</a>&nbsp;&nbsp;&nbsp;usart_init
<LI><a href="#[c1]">&gt;&gt;</a>&nbsp;&nbsp;&nbsp;gpio_pin_mux_config
<LI><a href="#[a0]">&gt;&gt;</a>&nbsp;&nbsp;&nbsp;gpio_init
<LI><a href="#[9f]">&gt;&gt;</a>&nbsp;&nbsp;&nbsp;gpio_default_para_init
<LI><a href="#[9e]">&gt;&gt;</a>&nbsp;&nbsp;&nbsp;crm_periph_clock_enable
</UL>
<BR>[Called By]<UL><LI><a href="#[37]">&gt;&gt;</a>&nbsp;&nbsp;&nbsp;main
</UL>

<P><STRONG><a name="[df]"></a>uart_rx_init</STRONG> (Thumb, 80 bytes, Stack size 0 bytes, mc_comm_uart.o(.text.uart_rx_init))
<BR><BR>[Calls]<UL><LI><a href="#[65]">&gt;&gt;</a>&nbsp;&nbsp;&nbsp;dma_channel_enable
</UL>
<BR>[Called By]<UL><LI><a href="#[37]">&gt;&gt;</a>&nbsp;&nbsp;&nbsp;main
</UL>

<P><STRONG><a name="[98]"></a>ui_rx_receive_handler</STRONG> (Thumb, 264 bytes, Stack size 24 bytes, user_interface_bldc.o(.text.ui_rx_receive_handler))
<BR><BR>[Stack]<UL><LI>Max Depth = 120<LI>Call Chain = ui_rx_receive_handler &rArr; RCP_ReceivedFrameID &rArr; RCP_ExecCmd &rArr; write_flash_cmd &rArr; flash_write_int
</UL>
<BR>[Calls]<UL><LI><a href="#[81]">&gt;&gt;</a>&nbsp;&nbsp;&nbsp;RCP_ReceivedFrameID
<LI><a href="#[12a]">&gt;&gt;</a>&nbsp;&nbsp;&nbsp;__aeabi_memcpy
</UL>
<BR>[Called By]<UL><LI><a href="#[2e]">&gt;&gt;</a>&nbsp;&nbsp;&nbsp;USART1_IRQHandler
</UL>

<P><STRONG><a name="[92]"></a>ui_save_monitor_data</STRONG> (Thumb, 210 bytes, Stack size 32 bytes, user_interface_bldc.o(.text.ui_save_monitor_data))
<BR><BR>[Stack]<UL><LI>Max Depth = 32<LI>Call Chain = ui_save_monitor_data
</UL>
<BR>[Calls]<UL><LI><a href="#[99]">&gt;&gt;</a>&nbsp;&nbsp;&nbsp;dma_data_number_set
<LI><a href="#[65]">&gt;&gt;</a>&nbsp;&nbsp;&nbsp;dma_channel_enable
<LI><a href="#[12a]">&gt;&gt;</a>&nbsp;&nbsp;&nbsp;__aeabi_memcpy
</UL>
<BR>[Called By]<UL><LI><a href="#[23]">&gt;&gt;</a>&nbsp;&nbsp;&nbsp;TMR1_OVF_TMR10_IRQHandler
</UL>

<P><STRONG><a name="[127]"></a>usart_dma_receiver_enable</STRONG> (Thumb, 18 bytes, Stack size 0 bytes, at32m412_416_usart.o(.text.usart_dma_receiver_enable))
<BR><BR>[Called By]<UL><LI><a href="#[de]">&gt;&gt;</a>&nbsp;&nbsp;&nbsp;uart_init
</UL>

<P><STRONG><a name="[126]"></a>usart_dma_transmitter_enable</STRONG> (Thumb, 18 bytes, Stack size 0 bytes, at32m412_416_usart.o(.text.usart_dma_transmitter_enable))
<BR><BR>[Called By]<UL><LI><a href="#[de]">&gt;&gt;</a>&nbsp;&nbsp;&nbsp;uart_init
</UL>

<P><STRONG><a name="[129]"></a>usart_enable</STRONG> (Thumb, 18 bytes, Stack size 0 bytes, at32m412_416_usart.o(.text.usart_enable))
<BR><BR>[Called By]<UL><LI><a href="#[de]">&gt;&gt;</a>&nbsp;&nbsp;&nbsp;uart_init
</UL>

<P><STRONG><a name="[96]"></a>usart_flag_clear</STRONG> (Thumb, 44 bytes, Stack size 0 bytes, at32m412_416_usart.o(.text.usart_flag_clear))
<BR><BR>[Called By]<UL><LI><a href="#[2e]">&gt;&gt;</a>&nbsp;&nbsp;&nbsp;USART1_IRQHandler
</UL>

<P><STRONG><a name="[95]"></a>usart_flag_get</STRONG> (Thumb, 10 bytes, Stack size 0 bytes, at32m412_416_usart.o(.text.usart_flag_get))
<BR><BR>[Called By]<UL><LI><a href="#[2e]">&gt;&gt;</a>&nbsp;&nbsp;&nbsp;USART1_IRQHandler
</UL>

<P><STRONG><a name="[123]"></a>usart_init</STRONG> (Thumb, 176 bytes, Stack size 40 bytes, at32m412_416_usart.o(.text.usart_init))
<BR><BR>[Stack]<UL><LI>Max Depth = 96<LI>Call Chain = usart_init &rArr; crm_clocks_freq_get &rArr; __aeabi_uldivmod
</UL>
<BR>[Calls]<UL><LI><a href="#[bd]">&gt;&gt;</a>&nbsp;&nbsp;&nbsp;crm_clocks_freq_get
</UL>
<BR>[Called By]<UL><LI><a href="#[de]">&gt;&gt;</a>&nbsp;&nbsp;&nbsp;uart_init
</UL>

<P><STRONG><a name="[128]"></a>usart_interrupt_enable</STRONG> (Thumb, 32 bytes, Stack size 0 bytes, at32m412_416_usart.o(.text.usart_interrupt_enable))
<BR><BR>[Called By]<UL><LI><a href="#[de]">&gt;&gt;</a>&nbsp;&nbsp;&nbsp;uart_init
</UL>

<P><STRONG><a name="[125]"></a>usart_receiver_enable</STRONG> (Thumb, 18 bytes, Stack size 0 bytes, at32m412_416_usart.o(.text.usart_receiver_enable))
<BR><BR>[Called By]<UL><LI><a href="#[de]">&gt;&gt;</a>&nbsp;&nbsp;&nbsp;uart_init
</UL>

<P><STRONG><a name="[124]"></a>usart_transmitter_enable</STRONG> (Thumb, 18 bytes, Stack size 0 bytes, at32m412_416_usart.o(.text.usart_transmitter_enable))
<BR><BR>[Called By]<UL><LI><a href="#[de]">&gt;&gt;</a>&nbsp;&nbsp;&nbsp;uart_init
</UL>

<P><STRONG><a name="[7e]"></a>write_flash_cmd</STRONG> (Thumb, 520 bytes, Stack size 24 bytes, user_interface_bldc.o(.text.write_flash_cmd))
<BR><BR>[Stack]<UL><LI>Max Depth = 72<LI>Call Chain = write_flash_cmd &rArr; flash_write_int
</UL>
<BR>[Calls]<UL><LI><a href="#[c5]">&gt;&gt;</a>&nbsp;&nbsp;&nbsp;flash_write_int
<LI><a href="#[12b]">&gt;&gt;</a>&nbsp;&nbsp;&nbsp;__aeabi_memclr4
</UL>
<BR>[Called By]<UL><LI><a href="#[7d]">&gt;&gt;</a>&nbsp;&nbsp;&nbsp;RCP_ExecCmd
</UL>

<P><STRONG><a name="[103]"></a>__hardfp_log</STRONG> (Thumb, 872 bytes, Stack size 88 bytes, log.o(i.__hardfp_log))
<BR><BR>[Stack]<UL><LI>Max Depth = 200<LI>Call Chain = __hardfp_log &rArr; __kernel_poly &rArr; __aeabi_dmul &rArr; _double_epilogue &rArr; _double_round
</UL>
<BR>[Calls]<UL><LI><a href="#[130]">&gt;&gt;</a>&nbsp;&nbsp;&nbsp;__aeabi_cdcmpeq
<LI><a href="#[48]">&gt;&gt;</a>&nbsp;&nbsp;&nbsp;__aeabi_dsub
<LI><a href="#[4a]">&gt;&gt;</a>&nbsp;&nbsp;&nbsp;__aeabi_dmul
<LI><a href="#[44]">&gt;&gt;</a>&nbsp;&nbsp;&nbsp;__aeabi_dadd
<LI><a href="#[4b]">&gt;&gt;</a>&nbsp;&nbsp;&nbsp;__aeabi_ddiv
<LI><a href="#[4c]">&gt;&gt;</a>&nbsp;&nbsp;&nbsp;__aeabi_i2d
<LI><a href="#[12d]">&gt;&gt;</a>&nbsp;&nbsp;&nbsp;__set_errno
<LI><a href="#[131]">&gt;&gt;</a>&nbsp;&nbsp;&nbsp;__kernel_poly
<LI><a href="#[12e]">&gt;&gt;</a>&nbsp;&nbsp;&nbsp;__mathlib_dbl_invalid
<LI><a href="#[12c]">&gt;&gt;</a>&nbsp;&nbsp;&nbsp;__mathlib_dbl_infnan
<LI><a href="#[12f]">&gt;&gt;</a>&nbsp;&nbsp;&nbsp;__mathlib_dbl_divzero
<LI><a href="#[49]">&gt;&gt;</a>&nbsp;&nbsp;&nbsp;__aeabi_drsub
</UL>
<BR>[Called By]<UL><LI><a href="#[ee]">&gt;&gt;</a>&nbsp;&nbsp;&nbsp;param_id_process
<LI><a href="#[134]">&gt;&gt;</a>&nbsp;&nbsp;&nbsp;log
</UL>

<P><STRONG><a name="[bf]"></a>__hardfp_log2</STRONG> (Thumb, 220 bytes, Stack size 32 bytes, log2.o(i.__hardfp_log2))
<BR><BR>[Stack]<UL><LI>Max Depth = 240<LI>Call Chain = __hardfp_log2 &rArr; log &rArr; __hardfp_log &rArr; __kernel_poly &rArr; __aeabi_dmul &rArr; _double_epilogue &rArr; _double_round
</UL>
<BR>[Calls]<UL><LI><a href="#[130]">&gt;&gt;</a>&nbsp;&nbsp;&nbsp;__aeabi_cdcmpeq
<LI><a href="#[4a]">&gt;&gt;</a>&nbsp;&nbsp;&nbsp;__aeabi_dmul
<LI><a href="#[44]">&gt;&gt;</a>&nbsp;&nbsp;&nbsp;__aeabi_dadd
<LI><a href="#[4b]">&gt;&gt;</a>&nbsp;&nbsp;&nbsp;__aeabi_ddiv
<LI><a href="#[4c]">&gt;&gt;</a>&nbsp;&nbsp;&nbsp;__aeabi_i2d
<LI><a href="#[12d]">&gt;&gt;</a>&nbsp;&nbsp;&nbsp;__set_errno
<LI><a href="#[133]">&gt;&gt;</a>&nbsp;&nbsp;&nbsp;frexp
<LI><a href="#[12e]">&gt;&gt;</a>&nbsp;&nbsp;&nbsp;__mathlib_dbl_invalid
<LI><a href="#[12c]">&gt;&gt;</a>&nbsp;&nbsp;&nbsp;__mathlib_dbl_infnan
<LI><a href="#[132]">&gt;&gt;</a>&nbsp;&nbsp;&nbsp;__aeabi_cdcmple
<LI><a href="#[134]">&gt;&gt;</a>&nbsp;&nbsp;&nbsp;log
</UL>
<BR>[Called By]<UL><LI><a href="#[77]">&gt;&gt;</a>&nbsp;&nbsp;&nbsp;current_auto_tuning
</UL>

<P><STRONG><a name="[c0]"></a>__hardfp_round</STRONG> (Thumb, 194 bytes, Stack size 64 bytes, round.o(i.__hardfp_round))
<BR><BR>[Stack]<UL><LI>Max Depth = 152<LI>Call Chain = __hardfp_round &rArr; __aeabi_dsub &rArr; __aeabi_dadd &rArr; _double_epilogue &rArr; _double_round
</UL>
<BR>[Calls]<UL><LI><a href="#[48]">&gt;&gt;</a>&nbsp;&nbsp;&nbsp;__aeabi_dsub
<LI><a href="#[44]">&gt;&gt;</a>&nbsp;&nbsp;&nbsp;__aeabi_dadd
<LI><a href="#[50]">&gt;&gt;</a>&nbsp;&nbsp;&nbsp;_drnd
<LI><a href="#[135]">&gt;&gt;</a>&nbsp;&nbsp;&nbsp;__aeabi_cdrcmple
<LI><a href="#[132]">&gt;&gt;</a>&nbsp;&nbsp;&nbsp;__aeabi_cdcmple
</UL>
<BR>[Called By]<UL><LI><a href="#[77]">&gt;&gt;</a>&nbsp;&nbsp;&nbsp;current_auto_tuning
</UL>

<P><STRONG><a name="[131]"></a>__kernel_poly</STRONG> (Thumb, 248 bytes, Stack size 24 bytes, poly.o(i.__kernel_poly))
<BR><BR>[Stack]<UL><LI>Max Depth = 112<LI>Call Chain = __kernel_poly &rArr; __aeabi_dmul &rArr; _double_epilogue &rArr; _double_round
</UL>
<BR>[Calls]<UL><LI><a href="#[4a]">&gt;&gt;</a>&nbsp;&nbsp;&nbsp;__aeabi_dmul
<LI><a href="#[44]">&gt;&gt;</a>&nbsp;&nbsp;&nbsp;__aeabi_dadd
</UL>
<BR>[Called By]<UL><LI><a href="#[103]">&gt;&gt;</a>&nbsp;&nbsp;&nbsp;__hardfp_log
</UL>

<P><STRONG><a name="[12f]"></a>__mathlib_dbl_divzero</STRONG> (Thumb, 28 bytes, Stack size 8 bytes, dunder.o(i.__mathlib_dbl_divzero))
<BR><BR>[Stack]<UL><LI>Max Depth = 48<LI>Call Chain = __mathlib_dbl_divzero &rArr; __aeabi_ddiv &rArr; _double_round
</UL>
<BR>[Calls]<UL><LI><a href="#[4b]">&gt;&gt;</a>&nbsp;&nbsp;&nbsp;__aeabi_ddiv
</UL>
<BR>[Called By]<UL><LI><a href="#[103]">&gt;&gt;</a>&nbsp;&nbsp;&nbsp;__hardfp_log
</UL>

<P><STRONG><a name="[12c]"></a>__mathlib_dbl_infnan</STRONG> (Thumb, 20 bytes, Stack size 8 bytes, dunder.o(i.__mathlib_dbl_infnan))
<BR><BR>[Stack]<UL><LI>Max Depth = 96<LI>Call Chain = __mathlib_dbl_infnan &rArr; __aeabi_dadd &rArr; _double_epilogue &rArr; _double_round
</UL>
<BR>[Calls]<UL><LI><a href="#[44]">&gt;&gt;</a>&nbsp;&nbsp;&nbsp;__aeabi_dadd
</UL>
<BR>[Called By]<UL><LI><a href="#[bf]">&gt;&gt;</a>&nbsp;&nbsp;&nbsp;__hardfp_log2
<LI><a href="#[103]">&gt;&gt;</a>&nbsp;&nbsp;&nbsp;__hardfp_log
</UL>

<P><STRONG><a name="[12e]"></a>__mathlib_dbl_invalid</STRONG> (Thumb, 24 bytes, Stack size 8 bytes, dunder.o(i.__mathlib_dbl_invalid))
<BR><BR>[Stack]<UL><LI>Max Depth = 48<LI>Call Chain = __mathlib_dbl_invalid &rArr; __aeabi_ddiv &rArr; _double_round
</UL>
<BR>[Calls]<UL><LI><a href="#[4b]">&gt;&gt;</a>&nbsp;&nbsp;&nbsp;__aeabi_ddiv
</UL>
<BR>[Called By]<UL><LI><a href="#[bf]">&gt;&gt;</a>&nbsp;&nbsp;&nbsp;__hardfp_log2
<LI><a href="#[103]">&gt;&gt;</a>&nbsp;&nbsp;&nbsp;__hardfp_log
</UL>

<P><STRONG><a name="[149]"></a>__scatterload_copy</STRONG> (Thumb, 14 bytes, Stack size unknown bytes, handlers.o(i.__scatterload_copy), UNUSED)

<P><STRONG><a name="[14a]"></a>__scatterload_null</STRONG> (Thumb, 2 bytes, Stack size unknown bytes, handlers.o(i.__scatterload_null), UNUSED)

<P><STRONG><a name="[14b]"></a>__scatterload_zeroinit</STRONG> (Thumb, 14 bytes, Stack size unknown bytes, handlers.o(i.__scatterload_zeroinit), UNUSED)

<P><STRONG><a name="[12d]"></a>__set_errno</STRONG> (Thumb, 6 bytes, Stack size 0 bytes, errno.o(i.__set_errno))
<BR><BR>[Called By]<UL><LI><a href="#[bf]">&gt;&gt;</a>&nbsp;&nbsp;&nbsp;__hardfp_log2
<LI><a href="#[103]">&gt;&gt;</a>&nbsp;&nbsp;&nbsp;__hardfp_log
</UL>

<P><STRONG><a name="[133]"></a>frexp</STRONG> (Thumb, 118 bytes, Stack size 16 bytes, frexp.o(i.frexp))
<BR><BR>[Stack]<UL><LI>Max Depth = 104<LI>Call Chain = frexp &rArr; __aeabi_dmul &rArr; _double_epilogue &rArr; _double_round
</UL>
<BR>[Calls]<UL><LI><a href="#[4a]">&gt;&gt;</a>&nbsp;&nbsp;&nbsp;__aeabi_dmul
</UL>
<BR>[Called By]<UL><LI><a href="#[bf]">&gt;&gt;</a>&nbsp;&nbsp;&nbsp;__hardfp_log2
</UL>

<P><STRONG><a name="[134]"></a>log</STRONG> (Thumb, 16 bytes, Stack size 8 bytes, log.o(i.log))
<BR><BR>[Stack]<UL><LI>Max Depth = 208<LI>Call Chain = log &rArr; __hardfp_log &rArr; __kernel_poly &rArr; __aeabi_dmul &rArr; _double_epilogue &rArr; _double_round
</UL>
<BR>[Calls]<UL><LI><a href="#[103]">&gt;&gt;</a>&nbsp;&nbsp;&nbsp;__hardfp_log
</UL>
<BR>[Called By]<UL><LI><a href="#[bf]">&gt;&gt;</a>&nbsp;&nbsp;&nbsp;__hardfp_log2
</UL>

<P><STRONG><a name="[43]"></a>malloc</STRONG> (Thumb, 92 bytes, Stack size 20 bytes, malloc.o(i.malloc))
<BR><BR>[Stack]<UL><LI>Max Depth = 20<LI>Call Chain = malloc
</UL>
<BR>[Called By]<UL><LI><a href="#[ef]">&gt;&gt;</a>&nbsp;&nbsp;&nbsp;moving_average
<LI><a href="#[42]">&gt;&gt;</a>&nbsp;&nbsp;&nbsp;calloc
</UL>
<P>
<H3>
Local Symbols
</H3><P>
<H3>
Undefined Global Symbols
</H3><HR></body></html>
