Component: Arm Compiler for Embedded 6.19 Tool: armlink [5e73cb00]

==============================================================================

Section Cross References

    at32m412_416_clock.o(.text.system_clock_config) refers to at32m412_416_crm.o(.text.crm_reset) for crm_reset
    at32m412_416_clock.o(.text.system_clock_config) refers to at32m412_416_crm.o(.text.crm_periph_clock_enable) for crm_periph_clock_enable
    at32m412_416_clock.o(.text.system_clock_config) refers to at32m412_416_crm.o(.text.crm_clock_source_enable) for crm_clock_source_enable
    at32m412_416_clock.o(.text.system_clock_config) refers to at32m412_416_crm.o(.text.crm_flag_get) for crm_flag_get
    at32m412_416_clock.o(.text.system_clock_config) refers to at32m412_416_crm.o(.text.crm_pll_config) for crm_pll_config
    at32m412_416_clock.o(.text.system_clock_config) refers to at32m412_416_crm.o(.text.crm_ahb_div_set) for crm_ahb_div_set
    at32m412_416_clock.o(.text.system_clock_config) refers to at32m412_416_crm.o(.text.crm_apb3_div_set) for crm_apb3_div_set
    at32m412_416_clock.o(.text.system_clock_config) refers to at32m412_416_crm.o(.text.crm_apb2_div_set) for crm_apb2_div_set
    at32m412_416_clock.o(.text.system_clock_config) refers to at32m412_416_crm.o(.text.crm_apb1_div_set) for crm_apb1_div_set
    at32m412_416_clock.o(.text.system_clock_config) refers to at32m412_416_crm.o(.text.crm_auto_step_mode_enable) for crm_auto_step_mode_enable
    at32m412_416_clock.o(.text.system_clock_config) refers to at32m412_416_crm.o(.text.crm_sysclk_switch) for crm_sysclk_switch
    at32m412_416_clock.o(.text.system_clock_config) refers to at32m412_416_crm.o(.text.crm_sysclk_switch_status_get) for crm_sysclk_switch_status_get
    at32m412_416_clock.o(.text.system_clock_config) refers to system_at32m412_416.o(.text.system_core_clock_update) for system_core_clock_update
    at32m412_416_clock.o(.ARM.exidx.text.system_clock_config) refers to at32m412_416_clock.o(.text.system_clock_config) for [Anonymous Symbol]
    at32m412_416_int.o(.ARM.exidx.text.NMI_Handler) refers to at32m412_416_int.o(.text.NMI_Handler) for [Anonymous Symbol]
    at32m412_416_int.o(.ARM.exidx.text.HardFault_Handler) refers to at32m412_416_int.o(.text.HardFault_Handler) for [Anonymous Symbol]
    at32m412_416_int.o(.ARM.exidx.text.MemManage_Handler) refers to at32m412_416_int.o(.text.MemManage_Handler) for [Anonymous Symbol]
    at32m412_416_int.o(.ARM.exidx.text.BusFault_Handler) refers to at32m412_416_int.o(.text.BusFault_Handler) for [Anonymous Symbol]
    at32m412_416_int.o(.ARM.exidx.text.UsageFault_Handler) refers to at32m412_416_int.o(.text.UsageFault_Handler) for [Anonymous Symbol]
    at32m412_416_int.o(.ARM.exidx.text.SVC_Handler) refers to at32m412_416_int.o(.text.SVC_Handler) for [Anonymous Symbol]
    at32m412_416_int.o(.ARM.exidx.text.DebugMon_Handler) refers to at32m412_416_int.o(.text.DebugMon_Handler) for [Anonymous Symbol]
    at32m412_416_int.o(.ARM.exidx.text.PendSV_Handler) refers to at32m412_416_int.o(.text.PendSV_Handler) for [Anonymous Symbol]
    main.o(.text.main) refers to at32m412_416_clock.o(.text.system_clock_config) for system_clock_config
    main.o(.text.main) refers to motor_control_bldc.o(.text.remap_exint_clock_enable_config) for remap_exint_clock_enable_config
    main.o(.text.main) refers to mc_delay.o(.text.systick_init) for systick_init
    main.o(.text.main) refers to mc_hwio.o(.text.opa_init) for opa_init
    main.o(.text.main) refers to mc_delay.o(.text.mc_delay_init) for mc_delay_init
    main.o(.text.main) refers to mc_hwio.o(.text.led_init) for led_init
    main.o(.text.main) refers to mc_hwio.o(.text.pull_up_config) for pull_up_config
    main.o(.text.main) refers to mc_hwio.o(.text.nvic_config) for nvic_config
    main.o(.text.main) refers to motor_control_bldc.o(.text.get_fw_id) for get_fw_id
    main.o(.text.main) refers to mc_bldc_globals.o(.bss.firmware_id) for firmware_id
    main.o(.text.main) refers to mc_bldc_kernal.o(.text.mc_param_init) for mc_param_init
    main.o(.text.main) refers to mc_bldc_globals.o(.bss.param_initial_rdy) for param_initial_rdy
    main.o(.text.main) refers to mc_hwio.o(.text.ocp_cmp_config) for ocp_cmp_config
    main.o(.text.main) refers to mc_hwio.o(.text.cmp2_config) for cmp2_config
    main.o(.text.main) refers to mc_hwio.o(.text.tmr_sensorless_change_phase_init) for tmr_sensorless_change_phase_init
    main.o(.text.main) refers to mc_hwio.o(.text.tmr_pwm_init) for tmr_pwm_init
    main.o(.text.main) refers to mc_hwio.o(.text.adc_preempt_config) for adc_preempt_config
    main.o(.text.main) refers to mc_hwio.o(.text.adc_ordinary_config) for adc_ordinary_config
    main.o(.text.main) refers to mc_delay.o(.text.mc_delay_ms) for mc_delay_ms
    main.o(.text.main) refers to mc_bldc_globals.o(.bss.error_code) for error_code
    main.o(.text.main) refers to mc_hwio.o(.text.get_int_vref_cal_ratio) for get_int_vref_cal_ratio
[...]
    adc_preempt_part_mode_enable             0x08003fbd   Thumb Code    18  at32m412_416_adc.o(.text.adc_preempt_part_mode_enable)
    adc_preempt_software_trigger_enable      0x08003fd1   Thumb Code    26  at32m412_416_adc.o(.text.adc_preempt_software_trigger_enable)
    adc_resolution_set                       0x08003fed   Thumb Code    18  at32m412_416_adc.o(.text.adc_resolution_set)
    adc_voltage_monitor_enable               0x08004001   Thumb Code    32  at32m412_416_adc.o(.text.adc_voltage_monitor_enable)
    adc_voltage_monitor_threshold_value_set  0x08004021   Thumb Code    28  at32m412_416_adc.o(.text.adc_voltage_monitor_threshold_value_set)
    angle_init_func                          0x0800403d   Thumb Code    64  mc_bldc_sensorless.o(.text.angle_init_func)
    bldc_detectEMF_param_init                0x0800407d   Thumb Code   156  mc_bldc_sensorless.o(.text.bldc_detectEMF_param_init)
    bldc_open_loop_ctrl                      0x08004119   Thumb Code   232  mc_bldc.o(.text.bldc_open_loop_ctrl)
    bldc_output_config                       0x08004201   Thumb Code    82  mc_bldc.o(.text.bldc_output_config)
    bldc_sensorless_change_phase             0x08004255   Thumb Code   312  mc_bldc_sensorless.o(.text.bldc_sensorless_change_phase)
    bldc_sensorless_detectEMF_config         0x0800438d   Thumb Code   274  mc_hwio.o(.text.bldc_sensorless_detectEMF_config)
    calcValueByVref                          0x080044a1   Thumb Code    20  motor_control_bldc.o(.text.calcValueByVref)
    calc_adc_sample_point                    0x080044b5   Thumb Code   128  mc_bldc_kernal.o(.text.calc_adc_sample_point)
    calc_motor_speed                         0x08004535   Thumb Code    98  motor_control_bldc.o(.text.calc_motor_speed)
    cmp2_config                              0x08004599   Thumb Code   176  mc_hwio.o(.text.cmp2_config)
    cmp_blanking_config                      0x08004649   Thumb Code    44  at32m412_416_cmp.o(.text.cmp_blanking_config)
    cmp_default_para_init                    0x08004675   Thumb Code     8  at32m412_416_cmp.o(.text.cmp_default_para_init)
    cmp_enable                               0x0800467d   Thumb Code    40  at32m412_416_cmp.o(.text.cmp_enable)
    cmp_filter_config                        0x080046a5   Thumb Code    92  at32m412_416_cmp.o(.text.cmp_filter_config)
    cmp_init                                 0x08004701   Thumb Code   158  at32m412_416_cmp.o(.text.cmp_init)
    command_ramp                             0x080047a1   Thumb Code    56  mc_pid_controller.o(.text.command_ramp)
    crm_ahb_div_set                          0x080047d9   Thumb Code    46  at32m412_416_crm.o(.text.crm_ahb_div_set)
    crm_apb1_div_set                         0x08004809   Thumb Code    26  at32m412_416_crm.o(.text.crm_apb1_div_set)
    crm_apb2_div_set                         0x08004825   Thumb Code    26  at32m412_416_crm.o(.text.crm_apb2_div_set)
    crm_apb3_div_set                         0x08004841   Thumb Code    26  at32m412_416_crm.o(.text.crm_apb3_div_set)
    crm_auto_step_mode_enable                0x0800485d   Thumb Code    24  at32m412_416_crm.o(.text.crm_auto_step_mode_enable)
    crm_clock_source_enable                  0x08004875   Thumb Code   122  at32m412_416_crm.o(.text.crm_clock_source_enable)
    crm_clocks_freq_get                      0x080048f1   Thumb Code   200  at32m412_416_crm.o(.text.crm_clocks_freq_get)
    crm_flag_get                             0x080049d1   Thumb Code    26  at32m412_416_crm.o(.text.crm_flag_get)
    crm_periph_clock_enable                  0x080049ed   Thumb Code    40  at32m412_416_crm.o(.text.crm_periph_clock_enable)
    crm_pll_config                           0x08004a15   Thumb Code    76  at32m412_416_crm.o(.text.crm_pll_config)
    crm_reset                                0x08004a61   Thumb Code   110  at32m412_416_crm.o(.text.crm_reset)
    crm_sysclk_switch                        0x08004ad1   Thumb Code    38  at32m412_416_crm.o(.text.crm_sysclk_switch)
    crm_sysclk_switch_status_get             0x08004af9   Thumb Code    16  at32m412_416_crm.o(.text.crm_sysclk_switch_status_get)
    current_auto_tuning                      0x08004b09   Thumb Code   464  motor_control_bldc.o(.text.current_auto_tuning)
    current_offset_init                      0x08004cd9   Thumb Code   232  mc_curr_fdbk.o(.text.current_offset_init)
    current_offset_tmr_setting               0x08004dc1   Thumb Code   296  motor_control_bldc.o(.text.current_offset_tmr_setting)
    current_read_bldc                        0x08004ee9   Thumb Code    76  mc_curr_fdbk.o(.text.current_read_bldc)
    dac_1_data_set                           0x08004f35   Thumb Code    18  at32m412_416_dac.o(.text.dac_1_data_set)
    dac_enable                               0x08004f49   Thumb Code    46  at32m412_416_dac.o(.text.dac_enable)
    dac_reference_voltage_select             0x08004f79   Thumb Code    54  at32m412_416_dac.o(.text.dac_reference_voltage_select)
    debug_apb1_periph_mode_set               0x08004fb1   Thumb Code    24  at32m412_416_debug.o(.text.debug_apb1_periph_mode_set)
    debug_apb2_periph_mode_set               0x08004fc9   Thumb Code    24  at32m412_416_debug.o(.text.debug_apb2_periph_mode_set)
    disable_mosfet                           0x08004fe1   Thumb Code    48  motor_control_bldc.o(.text.disable_mosfet)
    dma_channel_enable                       0x08005011   Thumb Code    10  at32m412_416_dma.o(.text.dma_channel_enable)
    dma_data_number_get                      0x0800501d   Thumb Code     6  at32m412_416_dma.o(.text.dma_data_number_get)
    dma_data_number_set                      0x08005025   Thumb Code     4  at32m412_416_dma.o(.text.dma_data_number_set)
    dma_default_para_init                    0x08005029   Thumb Code    14  at32m412_416_dma.o(.text.dma_default_para_init)
    dma_flexible_config                      0x08005039   Thumb Code    22  at32m412_416_dma.o(.text.dma_flexible_config)
    dma_init                                 0x08005051   Thumb Code   126  at32m412_416_dma.o(.text.dma_init)
    dma_interrupt_enable                     0x080050d1   Thumb Code    16  at32m412_416_dma.o(.text.dma_interrupt_enable)
    dma_reset                                0x080050e1   Thumb Code    66  at32m412_416_dma.o(.text.dma_reset)
    dma_uart_configuration                   0x08005125   Thumb Code   192  mc_comm_uart.o(.text.dma_uart_configuration)
    dmamux_enable                            0x080051e5   Thumb Code    14  at32m412_416_dma.o(.text.dmamux_enable)
    dmamux_generator_config                  0x080051f5   Thumb Code    70  at32m412_416_dma.o(.text.dmamux_generator_config)
    dmamux_generator_default_para_init       0x0800523d   Thumb Code    10  at32m412_416_dma.o(.text.dmamux_generator_default_para_init)
    dmamux_init                              0x08005249   Thumb Code    10  at32m412_416_dma.o(.text.dmamux_init)
    external_input_handler                   0x08005255   Thumb Code   162  motor_control_bldc.o(.text.external_input_handler)
    flash_lock                               0x080052f9   Thumb Code    18  at32m412_416_flash.o(.text.flash_lock)
    flash_sector_erase                       0x0800530d   Thumb Code   130  at32m412_416_flash.o(.text.flash_sector_erase)
    flash_unlock                             0x08005391   Thumb Code    30  at32m412_416_flash.o(.text.flash_unlock)
    flash_word_program                       0x080053b1   Thumb Code   122  at32m412_416_flash.o(.text.flash_word_program)
    flash_write_int                          0x0800542d   Thumb Code   272  user_interface_bldc.o(.text.flash_write_int)
    get_fw_id                                0x0800553d   Thumb Code    12  motor_control_bldc.o(.text.get_fw_id)
    get_int_vref_cal_ratio                   0x08005549   Thumb Code   388  mc_hwio.o(.text.get_int_vref_cal_ratio)
    gpio_bits_write                          0x080056cd   Thumb Code    12  at32m412_416_gpio.o(.text.gpio_bits_write)
    gpio_default_para_init                   0x080056d9   Thumb Code    14  at32m412_416_gpio.o(.text.gpio_default_para_init)
    gpio_init                                0x080056e9   Thumb Code   116  at32m412_416_gpio.o(.text.gpio_init)
    gpio_output_init                         0x0800575d   Thumb Code   202  mc_hwio.o(.text.gpio_output_init)
    gpio_pin_mux_config                      0x08005829   Thumb Code    40  at32m412_416_gpio.o(.text.gpio_pin_mux_config)
    hall_to_tmr_register_setting             0x08005851   Thumb Code   352  motor_control_bldc.o(.text.hall_to_tmr_register_setting)
    led_blink                                0x080059b1   Thumb Code    60  mc_hwio.o(.text.led_blink)
    led_init                                 0x080059ed   Thumb Code    86  mc_hwio.o(.text.led_init)
    led_off                                  0x08005a45   Thumb Code     4  mc_hwio.o(.text.led_off)
    led_on                                   0x08005a49   Thumb Code     4  mc_hwio.o(.text.led_on)
    led_toggle                               0x08005a4d   Thumb Code     8  mc_hwio.o(.text.led_toggle)
    lowpass_filter_init                      0x08005a59   Thumb Code   136  mc_math.o(.text.lowpass_filter_init)
    lowpass_filtering                        0x08005ae1   Thumb Code    64  mc_math.o(.text.lowpass_filtering)
    main                                     0x08005b21   Thumb Code   310  main.o(.text.main)
    mc_delay_init                            0x08005c59   Thumb Code    54  mc_delay.o(.text.mc_delay_init)
    mc_delay_ms                              0x08005c91   Thumb Code    36  mc_delay.o(.text.mc_delay_ms)
    mc_param_init                            0x08005cb5   Thumb Code   630  mc_bldc_kernal.o(.text.mc_param_init)
    motor_ccw_init                           0x08005f2d   Thumb Code   192  motor_control_bldc.o(.text.motor_ccw_init)
    motor_cw_init                            0x08005fed   Thumb Code   166  motor_control_bldc.o(.text.motor_cw_init)
    moving_average                           0x08006095   Thumb Code    36  mc_math.o(.text.moving_average)
    moving_average_update                    0x080060b9   Thumb Code    82  mc_math.o(.text.moving_average_update)
    normal_state_led_blink                   0x0800610d   Thumb Code    54  motor_control_bldc.o(.text.normal_state_led_blink)
    nvic_config                              0x08006145   Thumb Code    84  mc_hwio.o(.text.nvic_config)
    nvic_irq_enable                          0x08006199   Thumb Code   116  at32m412_416_misc.o(.text.nvic_irq_enable)
    nvic_priority_group_config               0x0800620d   Thumb Code    32  at32m412_416_misc.o(.text.nvic_priority_group_config)
    ocp_cmp_config                           0x0800622d   Thumb Code   146  mc_hwio.o(.text.ocp_cmp_config)
    op_calibration_select                    0x080062c1   Thumb Code    18  at32m412_416_op.o(.text.op_calibration_select)
    op_calout_status_get                     0x080062d5   Thumb Code     8  at32m412_416_op.o(.text.op_calout_status_get)
    op_enable                                0x080062dd   Thumb Code    10  at32m412_416_op.o(.text.op_enable)
    op_internal_output_select                0x080062e9   Thumb Code    18  at32m412_416_op.o(.text.op_internal_output_select)
    op_set_functional_mode                   0x080062fd   Thumb Code    38  at32m412_416_op.o(.text.op_set_functional_mode)
    op_set_highspeed_mode_enable             0x08006325   Thumb Code    18  at32m412_416_op.o(.text.op_set_highspeed_mode_enable)
    op_set_input_inverting                   0x08006339   Thumb Code    18  at32m412_416_op.o(.text.op_set_input_inverting)
    op_set_input_non_inverting               0x0800634d   Thumb Code    18  at32m412_416_op.o(.text.op_set_input_non_inverting)
    op_set_mode                              0x08006361   Thumb Code    18  at32m412_416_op.o(.text.op_set_mode)
    op_set_triming_value                     0x08006375   Thumb Code    42  at32m412_416_op.o(.text.op_set_triming_value)
    op_set_trimming_mode                     0x080063a1   Thumb Code    18  at32m412_416_op.o(.text.op_set_trimming_mode)
    opa_calibration                          0x080063b5   Thumb Code   136  mc_hwio.o(.text.opa_calibration)
    opa_init                                 0x0800643d   Thumb Code   170  mc_hwio.o(.text.opa_init)
    open_loop_cmd_ramp                       0x080064e9   Thumb Code    94  motor_control_bldc.o(.text.open_loop_cmd_ramp)
    param_clear                              0x08006549   Thumb Code   328  motor_control_bldc.o(.text.param_clear)
    param_init                               0x08006691   Thumb Code    98  motor_control_bldc.o(.text.param_init)
    pid_controller_static_clamp              0x080066f5   Thumb Code   104  mc_pid_controller.o(.text.pid_controller_static_clamp)
    pid_set_ki                               0x0800675d   Thumb Code     4  mc_pid_controller.o(.text.pid_set_ki)
    pid_set_kp                               0x08006761   Thumb Code     4  mc_pid_controller.o(.text.pid_set_kp)
    pull_up_config                           0x08006765   Thumb Code    60  mc_hwio.o(.text.pull_up_config)
    pwm_duty_update                          0x080067a1   Thumb Code    34  motor_control_bldc.o(.text.pwm_duty_update)
    rdy_to_close_loop_param                  0x080067c5   Thumb Code   100  mc_bldc_sensorless.o(.text.rdy_to_close_loop_param)
    readCurrentPidFromFlash                  0x08006829   Thumb Code    68  mc_pid_controller.o(.text.readCurrentPidFromFlash)
    readSpeedVoltPidFromFlash                0x0800686d   Thumb Code    64  mc_pid_controller.o(.text.readSpeedVoltPidFromFlash)
    remap_exint_clock_enable_config          0x080068ad   Thumb Code    12  motor_control_bldc.o(.text.remap_exint_clock_enable_config)
    reset_ma_buffer                          0x080068b9   Thumb Code    10  mc_math.o(.text.reset_ma_buffer)
    set_current_pid_param                    0x080068c5   Thumb Code    32  mc_pid_controller.o(.text.set_current_pid_param)
    set_next_detect_hall_state               0x080068e5   Thumb Code    96  mc_bldc_sensorless.o(.text.set_next_detect_hall_state)
    set_starting_volt                        0x08006945   Thumb Code    48  mc_bldc_sensorless.o(.text.set_starting_volt)
    start_bldc                               0x08006975   Thumb Code   232  mc_bldc.o(.text.start_bldc)
    start_up_config                          0x08006a5d   Thumb Code   114  mc_bldc_sensorless.o(.text.start_up_config)
    system_clock_config                      0x08006ad1   Thumb Code   158  at32m412_416_clock.o(.text.system_clock_config)
    system_core_clock_update                 0x08006b71   Thumb Code   172  system_at32m412_416.o(.text.system_core_clock_update)
    systick_clock_source_config              0x08006c35   Thumb Code    24  at32m412_416_misc.o(.text.systick_clock_source_config)
    systick_init                             0x08006c4d   Thumb Code    68  mc_delay.o(.text.systick_init)
    tmr_base_init                            0x08006c91   Thumb Code    14  at32m412_416_tmr.o(.text.tmr_base_init)
    tmr_blank_init                           0x08006ca1   Thumb Code   224  mc_hwio.o(.text.tmr_blank_init)
    tmr_blank_trigger_init                   0x08006d81   Thumb Code   268  mc_hwio.o(.text.tmr_blank_trigger_init)
    tmr_brk_filter_value_set                 0x08006e8d   Thumb Code    18  at32m412_416_tmr.o(.text.tmr_brk_filter_value_set)
    tmr_brk_input_config                     0x08006ea1   Thumb Code   134  at32m412_416_tmr.o(.text.tmr_brk_input_config)
    tmr_brkdt_config                         0x08006f29   Thumb Code   122  at32m412_416_tmr.o(.text.tmr_brkdt_config)
    tmr_brkdt_default_para_init              0x08006fa5   Thumb Code    10  at32m412_416_tmr.o(.text.tmr_brkdt_default_para_init)
    tmr_channel_buffer_enable                0x08006fb1   Thumb Code    10  at32m412_416_tmr.o(.text.tmr_channel_buffer_enable)
    tmr_channel_dma_select                   0x08006fbd   Thumb Code    18  at32m412_416_tmr.o(.text.tmr_channel_dma_select)
    tmr_channel_value_set                    0x08006fd1   Thumb Code    78  at32m412_416_tmr.o(.text.tmr_channel_value_set)
    tmr_clock_source_div_set                 0x08007021   Thumb Code    18  at32m412_416_tmr.o(.text.tmr_clock_source_div_set)
    tmr_cnt_dir_set                          0x08007035   Thumb Code    18  at32m412_416_tmr.o(.text.tmr_cnt_dir_set)
    tmr_comp_capture_init                    0x08007049   Thumb Code   110  mc_hwio.o(.text.tmr_comp_capture_init)
    tmr_counter_enable                       0x080070b9   Thumb Code    10  at32m412_416_tmr.o(.text.tmr_counter_enable)
    tmr_counter_value_set                    0x080070c5   Thumb Code     4  at32m412_416_tmr.o(.text.tmr_counter_value_set)
    tmr_dma_request_enable                   0x080070c9   Thumb Code    26  at32m412_416_tmr.o(.text.tmr_dma_request_enable)
    tmr_event_sw_trigger                     0x080070e5   Thumb Code     8  at32m412_416_tmr.o(.text.tmr_event_sw_trigger)
    tmr_flag_clear                           0x080070ed   Thumb Code     6  at32m412_416_tmr.o(.text.tmr_flag_clear)
    tmr_flag_get                             0x080070f5   Thumb Code    10  at32m412_416_tmr.o(.text.tmr_flag_get)
    tmr_hall_select                          0x08007101   Thumb Code    18  at32m412_416_tmr.o(.text.tmr_hall_select)
    tmr_input_ch_select                      0x08007115   Thumb Code     8  at32m412_416_tmr.o(.text.tmr_input_ch_select)
    tmr_input_channel_init                   0x0800711d   Thumb Code   448  at32m412_416_tmr.o(.text.tmr_input_channel_init)
    tmr_interrupt_enable                     0x080072dd   Thumb Code    26  at32m412_416_tmr.o(.text.tmr_interrupt_enable)
    tmr_one_cycle_mode_enable                0x080072f9   Thumb Code    18  at32m412_416_tmr.o(.text.tmr_one_cycle_mode_enable)
    tmr_output_channel_buffer_enable         0x0800730d   Thumb Code   128  at32m412_416_tmr.o(.text.tmr_output_channel_buffer_enable)
    tmr_output_channel_config                0x0800738d   Thumb Code   708  at32m412_416_tmr.o(.text.tmr_output_channel_config)
    tmr_output_default_para_init             0x08007651   Thumb Code    10  at32m412_416_tmr.o(.text.tmr_output_default_para_init)
    tmr_output_enable                        0x0800765d   Thumb Code    18  at32m412_416_tmr.o(.text.tmr_output_enable)
    tmr_period_buffer_enable                 0x08007671   Thumb Code    18  at32m412_416_tmr.o(.text.tmr_period_buffer_enable)
    tmr_primary_mode_select                  0x08007685   Thumb Code    18  at32m412_416_tmr.o(.text.tmr_primary_mode_select)
    tmr_pwm_init                             0x08007699   Thumb Code   672  mc_hwio.o(.text.tmr_pwm_init)
    tmr_repetition_counter_set               0x08007939   Thumb Code    68  at32m412_416_tmr.o(.text.tmr_repetition_counter_set)
    tmr_sensorless_change_phase_init         0x0800797d   Thumb Code    72  mc_hwio.o(.text.tmr_sensorless_change_phase_init)
    tmr_sub_mode_select                      0x080079c5   Thumb Code    26  at32m412_416_tmr.o(.text.tmr_sub_mode_select)
    tmr_sub_sync_mode_set                    0x080079e1   Thumb Code    18  at32m412_416_tmr.o(.text.tmr_sub_sync_mode_set)
    tmr_trigger_input_select                 0x080079f5   Thumb Code    18  at32m412_416_tmr.o(.text.tmr_trigger_input_select)
    uart_init                                0x08007a09   Thumb Code   178  mc_hwio.o(.text.uart_init)
    uart_rx_init                             0x08007abd   Thumb Code    80  mc_comm_uart.o(.text.uart_rx_init)
    ui_rx_receive_handler                    0x08007b0d   Thumb Code   264  user_interface_bldc.o(.text.ui_rx_receive_handler)
    ui_save_monitor_data                     0x08007c15   Thumb Code   210  user_interface_bldc.o(.text.ui_save_monitor_data)
    usart_dma_receiver_enable                0x08007ce9   Thumb Code    18  at32m412_416_usart.o(.text.usart_dma_receiver_enable)
    usart_dma_transmitter_enable             0x08007cfd   Thumb Code    18  at32m412_416_usart.o(.text.usart_dma_transmitter_enable)
    usart_enable                             0x08007d11   Thumb Code    18  at32m412_416_usart.o(.text.usart_enable)
    usart_flag_clear                         0x08007d25   Thumb Code    44  at32m412_416_usart.o(.text.usart_flag_clear)
    usart_flag_get                           0x08007d51   Thumb Code    10  at32m412_416_usart.o(.text.usart_flag_get)
    usart_init                               0x08007d5d   Thumb Code   176  at32m412_416_usart.o(.text.usart_init)
    usart_interrupt_enable                   0x08007e0d   Thumb Code    32  at32m412_416_usart.o(.text.usart_interrupt_enable)
    usart_receiver_enable                    0x08007e2d   Thumb Code    18  at32m412_416_usart.o(.text.usart_receiver_enable)
    usart_transmitter_enable                 0x08007e41   Thumb Code    18  at32m412_416_usart.o(.text.usart_transmitter_enable)
    write_flash_cmd                          0x08007e55   Thumb Code   520  user_interface_bldc.o(.text.write_flash_cmd)
    __hardfp_log                             0x08008061   Thumb Code   872  log.o(i.__hardfp_log)
    __hardfp_log2                            0x08008429   Thumb Code   220  log2.o(i.__hardfp_log2)
    __hardfp_round                           0x08008529   Thumb Code   194  round.o(i.__hardfp_round)
    __kernel_poly                            0x08008609   Thumb Code   248  poly.o(i.__kernel_poly)
    __mathlib_dbl_divzero                    0x08008701   Thumb Code    28  dunder.o(i.__mathlib_dbl_divzero)
    __mathlib_dbl_infnan                     0x08008731   Thumb Code    20  dunder.o(i.__mathlib_dbl_infnan)
    __mathlib_dbl_invalid                    0x08008749   Thumb Code    24  dunder.o(i.__mathlib_dbl_invalid)
    __scatterload_copy                       0x08008769   Thumb Code    14  handlers.o(i.__scatterload_copy)
    __scatterload_null                       0x08008777   Thumb Code     2  handlers.o(i.__scatterload_null)
    __scatterload_zeroinit                   0x08008779   Thumb Code    14  handlers.o(i.__scatterload_zeroinit)
    __set_errno                              0x08008789   Thumb Code     6  errno.o(i.__set_errno)
    frexp                                    0x08008799   Thumb Code   118  frexp.o(i.frexp)
    log                                      0x08008825   Thumb Code    16  log.o(i.log)
    malloc                                   0x08008835   Thumb Code    92  malloc.o(i.malloc)
    __mathlib_zero                           0x080088d8   Data           8  qnan.o(.constdata)
    emf_detect_cmp_channel                   0x080088e8   Data           7  mc_bldc_globals.o(.rodata.emf_detect_cmp_channel)
    emf_detect_cmp_polarity                  0x080088ef   Data           7  mc_bldc_globals.o(.rodata.emf_detect_cmp_polarity)
    output_hall_state                        0x080088f6   Data          28  mc_bldc_globals.o(.rodata.output_hall_state)
    pwm_pattern                              0x08008912   Data          28  mc_bldc_globals.o(.rodata.pwm_pattern)
    s_fwVer                                  0x0800892e   Data          32  mc_bldc_globals.o(.rodata.s_fwVer)
    Region$$Table$$Base                      0x08008950   Number         0  anon$$obj.o(Region$$Table)
    Region$$Table$$Limit                     0x08008970   Number         0  anon$$obj.o(Region$$Table)
    intCoeffs32                              0x0801fc00   Data         800  mc_flash_data_table_bldc.o(.ARM.__at_0x0801FC00)
    floatCoeffs32                            0x0801ff20   Data         224  mc_flash_data_table_bldc.o(.ARM.__at_0x0801FF20)
    __microlib_freelist                      0x20000000   Data           4  mvars.o(.data)
    __microlib_freelist_initialised          0x20000004   Data           4  mvars.o(.data)
    I_auto_tune                              0x20000010   Data          72  mc_bldc_globals.o(.data.I_auto_tune)
    adc_sample                               0x20000058   Data          64  mc_bldc_globals.o(.data.adc_sample)
    blank                                    0x20000098   Data          12  mc_bldc_globals.o(.data.blank)
    blank_trigger                            0x200000a4   Data           8  mc_bldc_globals.o(.data.blank_trigger)
    buffer_index                             0x200000ac   Data           2  mc_bldc_globals.o(.data.buffer_index)
    current                                  0x200000b0   Data         104  mc_bldc_globals.o(.data.current)
    current_LPF                              0x20000118   Data          32  mc_bldc_globals.o(.data.current_LPF)
    error_code_mask                          0x20000138   Data           2  mc_bldc_globals.o(.data.error_code_mask)
    esc_state_old                            0x2000013a   Data           1  mc_bldc_globals.o(.data.esc_state_old)
    hall                                     0x2000013c   Data          56  mc_bldc_globals.o(.data.hall)
    hall_learn                               0x20000174   Data          72  mc_bldc_globals.o(.data.hall_learn)
    motor_param_ident                        0x200001c0   Data          72  mc_bldc_globals.o(.data.motor_param_ident)
    next_hall_state                          0x20000208   Data          28  mc_bldc_globals.o(.data.next_hall_state)
    pid_spd_volt                             0x20000224   Data          48  mc_bldc_globals.o(.data.pid_spd_volt)
    pwm_pr                                   0x20000254   Data           2  mc_bldc_globals.o(.data.pwm_pr)
    spd_last_cval                            0x20000258   Data           4  mc_bldc_globals.o(.data.spd_last_cval)
    speed_LPF                                0x20000260   Data          32  mc_bldc_globals.o(.data.speed_LPF)
    sync_frame                               0x20000280   Data          10  mc_comm_uart.o(.data.sync_frame)
    system_core_clock                        0x2000028c   Data           4  system_at32m412_416.o(.data.system_core_clock)
    tmr_pwm_channel_mode                     0x20000290   Data          56  mc_bldc_globals.o(.data.tmr_pwm_channel_mode)
    tmr_pwm_output_mode                      0x200002c8   Data          28  mc_bldc_globals.o(.data.tmr_pwm_output_mode)
    ui_receive_cmd_index                     0x200002e4   Data           1  mc_bldc_globals.o(.data.ui_receive_cmd_index)
    ui_usart                                 0x200002e8   Data          48  mc_bldc_globals.o(.data.ui_usart)
    vdc_ratio                                0x20000318   Data           2  mc_bldc_globals.o(.data.vdc_ratio)
    EMF_switch_sample_position               0x20000320   Data           1  mc_bldc_globals.o(.bss.EMF_switch_sample_position)
    I_tune_count                             0x20000322   Data           2  mc_bldc_globals.o(.bss.I_tune_count)
    MonitorRegID_1                           0x20000324   Data           1  user_interface_bldc.o(.bss.MonitorRegID_1)
    MonitorRegID_2                           0x20000325   Data           1  user_interface_bldc.o(.bss.MonitorRegID_2)
    adc_in_tab                               0x2000032a   Data           6  mc_hwio.o(.bss.adc_in_tab)
    bldc_rdy                                 0x20000330   Data           1  mc_bldc_globals.o(.bss.bldc_rdy)
    calc_spd_rdy                             0x20000331   Data           1  mc_bldc_globals.o(.bss.calc_spd_rdy)
    change_phase_flag                        0x20000332   Data           1  mc_bldc_globals.o(.bss.change_phase_flag)
    closeloop_rdy                            0x20000333   Data           1  mc_bldc_globals.o(.bss.closeloop_rdy)
    cmd_response_rdy                         0x20000334   Data           1  mc_bldc_globals.o(.bss.cmd_response_rdy)
    cmp_init_struct                          0x20000335   Data           5  mc_bldc_globals.o(.bss.cmp_init_struct)
    const_current_ctrl                       0x2000033a   Data           1  mc_bldc_globals.o(.bss.const_current_ctrl)
    crm_clocks_freq_struct                   0x2000033c   Data          16  main.o(.bss.crm_clocks_freq_struct)
    ctrl_mode                                0x2000034c   Data           1  mc_bldc_globals.o(.bss.ctrl_mode)
    ctrl_source                              0x2000034d   Data           1  mc_bldc_globals.o(.bss.ctrl_source)
    curr_offset_rdy                          0x2000034e   Data           1  mc_bldc_globals.o(.bss.curr_offset_rdy)
    current_loop_ctrl                        0x2000034f   Data           1  mc_bldc_globals.o(.bss.current_loop_ctrl)
    current_tune_step_period                 0x20000358   Data           2  mc_bldc_globals.o(.bss.current_tune_step_period)
    current_tune_target_current              0x2000035a   Data           2  mc_bldc_globals.o(.bss.current_tune_target_current)
    current_tune_total_period                0x2000035c   Data           2  mc_bldc_globals.o(.bss.current_tune_total_period)
    detect_zcp_flag                          0x2000035e   Data           1  mc_isr.o(.bss.detect_zcp_flag)
    emf_adc_val                              0x20000360   Data           6  mc_isr.o(.bss.emf_adc_val)
    emf_avoid_noise_counter                  0x20000366   Data           2  mc_bldc_globals.o(.bss.emf_avoid_noise_counter)
    error_code                               0x20000368   Data           2  mc_bldc_globals.o(.bss.error_code)
    esc_state                                0x2000036a   Data           1  mc_bldc_globals.o(.bss.esc_state)
    extra_data_buffer                        0x2000036b   Data          36  mc_bldc_globals.o(.bss.extra_data_buffer)
    firmware_id                              0x20000398   Data           1  mc_bldc_globals.o(.bss.firmware_id)
    flash_buf_int                            0x2000039c   Data        1024  user_interface_bldc.o(.bss.flash_buf_int)
    hall_learn_state_table                   0x2000079c   Data          12  mc_bldc_globals.o(.bss.hall_learn_state_table)
    i32_speed_filterd                        0x200007a8   Data           4  mc_bldc_globals.o(.bss.i32_speed_filterd)
    iMosTemperature                          0x200007ac   Data           2  mc_bldc_globals.o(.bss.iMosTemperature)
    ibus_filterd                             0x200007ae   Data           2  mc_bldc_globals.o(.bss.ibus_filterd)
    intCoeffs32_p                            0x200007b0   Data           4  mc_bldc_globals.o(.bss.intCoeffs32_p)
    interval_moving_average_fliter           0x200007b4   Data           4  mc_bldc_globals.o(.bss.interval_moving_average_fliter)
    max_current_pu                           0x200007b8   Data           2  mc_bldc_globals.o(.bss.max_current_pu)
    min_current_pu                           0x200007ba   Data           2  mc_bldc_globals.o(.bss.min_current_pu)
    monitor_data                             0x200007bc   Data           8  mc_bldc_globals.o(.bss.monitor_data)
    monitor_data_buffer                      0x200007c4   Data        1116  mc_bldc_globals.o(.bss.monitor_data_buffer)
    monitor_data_buffer_num                  0x20000c20   Data           1  mc_bldc_globals.o(.bss.monitor_data_buffer_num)
    openloop                                 0x20000c22   Data          22  mc_bldc_globals.o(.bss.openloop)
    param_initial_rdy                        0x20000c38   Data           1  mc_bldc_globals.o(.bss.param_initial_rdy)
    pid_is                                   0x20000c3c   Data          48  mc_bldc_globals.o(.bss.pid_is)
    pid_spd                                  0x20000c6c   Data          48  mc_bldc_globals.o(.bss.pid_spd)
    pwm_comp_value                           0x20000c9c   Data           2  mc_bldc_globals.o(.bss.pwm_comp_value)
    ramp_cnt                                 0x20000c9e   Data           2  motor_control_bldc.o(.bss.ramp_cnt)
    rotor_speed                              0x20000ca0   Data          24  mc_bldc_globals.o(.bss.rotor_speed)
    rx_data_command                          0x20000cb8   Data          13  mc_bldc_globals.o(.bss.rx_data_command)
    save_param_buffer                        0x20000cc8   Data        1024  mc_bldc_globals.o(.bss.save_param_buffer)
    sense_hall_steps                         0x200010c8   Data           2  mc_bldc_globals.o(.bss.sense_hall_steps)
    sp_value                                 0x200010ca   Data           2  mc_bldc_globals.o(.bss.sp_value)
    spd_cval                                 0x200010cc   Data           4  mc_bldc_globals.o(.bss.spd_cval)
    spd_total_cval                           0x200010d0   Data           4  mc_bldc_globals.o(.bss.spd_total_cval)
    speed_ramp                               0x200010d4   Data          12  mc_bldc_globals.o(.bss.speed_ramp)
    start_current_cmd                        0x200010e0   Data           2  mc_bldc_globals.o(.bss.start_current_cmd)
    start_period                             0x200010e2   Data           2  mc_bldc_globals.o(.bss.start_period)
    start_state                              0x200010e4   Data           1  mc_bldc_globals.o(.bss.start_state)
    start_stop_btn_flag                      0x200010e5   Data           1  mc_bldc_globals.o(.bss.start_stop_btn_flag)
    start_volt_cmd                           0x200010e6   Data           2  mc_bldc_globals.o(.bss.start_volt_cmd)
    sys_counter                              0x200010e8   Data           2  mc_bldc_globals.o(.bss.sys_counter)
    tx_data_response                         0x200010ea   Data          40  mc_bldc_globals.o(.bss.tx_data_response)
    ui_wave_param                            0x20001112   Data          20  mc_bldc_globals.o(.bss.ui_wave_param)
    usart_data_idx                           0x20001126   Data           6  mc_bldc_globals.o(.bss.usart_data_idx)
    usart_rx_buffer                          0x2000112c   Data          12  mc_comm_uart.o(.bss.usart_rx_buffer)
    volt_cmd                                 0x20001138   Data           2  mc_bldc_globals.o(.bss.volt_cmd)
    zcp_highspd_fall                         0x2000113a   Data           2  mc_bldc_globals.o(.bss.zcp_highspd_fall)
    zcp_highspd_rise                         0x2000113c   Data           2  mc_bldc_globals.o(.bss.zcp_highspd_rise)
    zcp_lowspd_fall                          0x2000113e   Data           2  mc_bldc_globals.o(.bss.zcp_lowspd_fall)
    zcp_lowspd_rise                          0x20001140   Data           2  mc_bldc_globals.o(.bss.zcp_lowspd_rise)
    __heap_base                              0x20001148   Data           0  startup_at32m412_416.o(HEAP)
    __heap_limit                             0x20001348   Data           0  startup_at32m412_416.o(HEAP)
    __initial_sp                             0x20001748   Data           0  startup_at32m412_416.o(STACK)



==============================================================================

Memory Map of the image

  Image Entry point : 0x080001bd

  Load Region LR_IROM1 (Base: 0x08000000, Size: 0x00008c90, Max: 0x0001fc00, ABSOLUTE, COMPRESSED[0x00008aa8])

    Execution Region ER_IROM1 (Exec base: 0x08000000, Load base: 0x08000000, Size: 0x00008970, Max: 0x0001fc00, ABSOLUTE)

    Exec Addr    Load Addr    Size         Type   Attr      Idx    E Section Name        Object

    0x08000000   0x08000000   0x000001bc   Data   RO         1443    RESET               startup_at32m412_416.o
    0x080001bc   0x080001bc   0x00000000   Code   RO         1935  * .ARM.Collect$$$$00000000  mc_w.l(entry.o)
    0x080001bc   0x080001bc   0x00000004   Code   RO         2280    .ARM.Collect$$$$00000001  mc_w.l(entry2.o)
    0x080001c0   0x080001c0   0x00000004   Code   RO         2283    .ARM.Collect$$$$00000004  mc_w.l(entry5.o)
    0x080001c4   0x080001c4   0x00000000   Code   RO         2285    .ARM.Collect$$$$00000008  mc_w.l(entry7b.o)
    0x080001c4   0x080001c4   0x00000000   Code   RO         2287    .ARM.Collect$$$$0000000A  mc_w.l(entry8b.o)
    0x080001c4   0x080001c4   0x00000008   Code   RO         2288    .ARM.Collect$$$$0000000B  mc_w.l(entry9a.o)
    0x080001cc   0x080001cc   0x00000000   Code   RO         2290    .ARM.Collect$$$$0000000D  mc_w.l(entry10a.o)
    0x080001cc   0x080001cc   0x00000000   Code   RO         2292    .ARM.Collect$$$$0000000F  mc_w.l(entry11a.o)
    0x080001cc   0x080001cc   0x00000004   Code   RO         2281    .ARM.Collect$$$$00002712  mc_w.l(entry2.o)
    0x080001d0   0x080001d0   0x00000024   Code   RO         1444    .text               startup_at32m412_416.o
    0x080001f4   0x080001f4   0x00000062   Code   RO         1938    .text               mc_w.l(uldiv.o)
    0x08000256   0x08000256   0x00000024   Code   RO         1940    .text               mc_w.l(memcpya.o)
    0x0800027a   0x0800027a   0x00000024   Code   RO         1942    .text               mc_w.l(memseta.o)
    0x0800029e   0x0800029e   0x0000001c   Code   RO         2235    .text               mc_w.l(calloc.o)
    0x080002ba   0x080002ba   0x0000014e   Code   RO         2237    .text               mf_w.l(dadd.o)
    0x08000408   0x08000408   0x000000e4   Code   RO         2239    .text               mf_w.l(dmul.o)
    0x080004ec   0x080004ec   0x000000de   Code   RO         2241    .text               mf_w.l(ddiv.o)
    0x080005ca   0x080005ca   0x00000022   Code   RO         2247    .text               mf_w.l(dflti.o)
    0x080005ec   0x080005ec   0x0000003e   Code   RO         2251    .text               mf_w.l(dfixi.o)
    0x0800062a   0x0800062a   0x00000026   Code   RO         2253    .text               mf_w.l(f2d.o)
    0x08000650   0x08000650   0x00000038   Code   RO         2255    .text               mf_w.l(d2f.o)
    0x08000688   0x08000688   0x0000001e   Code   RO         2310    .text               mc_w.l(llshl.o)
    0x080006a6   0x080006a6   0x00000020   Code   RO         2312    .text               mc_w.l(llushr.o)
    0x080006c6   0x080006c6   0x00000024   Code   RO         2314    .text               mc_w.l(llsshr.o)
    0x080006ea   0x080006ea   0x00000000   Code   RO         2325    .text               mc_w.l(iusefp.o)
    0x080006ea   0x080006ea   0x0000006e   Code   RO         2326    .text               mf_w.l(fepilogue.o)
    0x08000758   0x08000758   0x000000ba   Code   RO         2328    .text               mf_w.l(depilogue.o)
    0x08000812   0x08000812   0x00000002   PAD
    0x08000814   0x08000814   0x00000088   Code   RO         2334    .text               mf_w.l(drnd.o)
    0x0800089c   0x0800089c   0x00000030   Code   RO         2338    .text               mf_w.l(cdcmple.o)
    0x080008cc   0x080008cc   0x00000030   Code   RO         2340    .text               mf_w.l(cdrcmple.o)
    0x080008fc   0x080008fc   0x00000024   Code   RO         2342    .text               mc_w.l(init.o)
    0x08000920   0x08000920   0x00000056   Code   RO         2354    .text               mc_w.l(__dczerorl2.o)
    0x08000976   0x08000976   0x00000002   PAD
    0x08000978   0x08000978   0x000000cc   Code   RO           54    .text.ADC1_2_IRQHandler  mc_isr.o
    0x08000a44   0x08000a44   0x00000002   Code   RO           16    .text.BusFault_Handler  at32m412_416_int.o
    0x08000a46   0x08000a46   0x00000002   PAD
    0x08000a48   0x08000a48   0x00000002   Code   RO           22    .text.DebugMon_Handler  at32m412_416_int.o
    0x08000a4a   0x08000a4a   0x00000002   PAD
    0x08000a4c   0x08000a4c   0x000002ec   Code   RO         1867    .text.ESC_State_Init  mc_bldc_esc_state_sensorless.o
    0x08000d38   0x08000d38   0x00000392   Code   RO         1869    .text.ESC_State_Task  mc_bldc_esc_state_sensorless.o
    0x080010ca   0x080010ca   0x00000002   PAD
    0x080010cc   0x080010cc   0x00000002   Code   RO           12    .text.HardFault_Handler  at32m412_416_int.o
    0x080010ce   0x080010ce   0x00000002   PAD
    0x080010d0   0x080010d0   0x00000040   Code   RO         1807    .text.I_offset_init  motor_control_bldc.o
    0x08001110   0x08001110   0x000000b0   Code   RO         1811    .text.I_tune_manual  motor_control_bldc.o
    0x080011c0   0x080011c0   0x00000002   Code   RO           14    .text.MemManage_Handler  at32m412_416_int.o
    0x080011c2   0x080011c2   0x00000002   PAD
    0x080011c4   0x080011c4   0x00000002   Code   RO           10    .text.NMI_Handler   at32m412_416_int.o
    0x080011c6   0x080011c6   0x00000002   PAD
    0x080011c8   0x080011c8   0x00000002   Code   RO           24    .text.PendSV_Handler  at32m412_416_int.o
    0x080011ca   0x080011ca   0x00000002   PAD
    0x080011cc   0x080011cc   0x0000033e   Code   RO         1753    .text.RCP_ExecCmd   user_interface_bldc.o
    0x0800150a   0x0800150a   0x00000002   PAD
    0x0800150c   0x0800150c   0x00000554   Code   RO         1755    .text.RCP_GetReg    user_interface_bldc.o
    0x08001a60   0x08001a60   0x00000228   Code   RO         1747    .text.RCP_ReceivedFrameID  user_interface_bldc.o
    0x08001c88   0x08001c88   0x000001c6   Code   RO         1759    .text.RCP_SetMonitorDataAdress  user_interface_bldc.o
    0x08001e4e   0x08001e4e   0x00000002   PAD
    0x08001e50   0x08001e50   0x00001058   Code   RO         1757    .text.RCP_SetReg    user_interface_bldc.o
    0x08002ea8   0x08002ea8   0x00000002   Code   RO           20    .text.SVC_Handler   at32m412_416_int.o
    0x08002eaa   0x08002eaa   0x00000002   PAD
    0x08002eac   0x08002eac   0x0000013c   Code   RO           56    .text.SysTick_Handler  mc_isr.o
    0x08002fe8   0x08002fe8   0x0000006e   Code   RO         1429    .text.SystemInit    system_at32m412_416.o
    0x08003056   0x08003056   0x00000002   PAD
    0x08003058   0x08003058   0x00000122   Code   RO         1749    .text.TCP_SendFrame  user_interface_bldc.o
    0x0800317a   0x0800317a   0x00000002   PAD
    0x0800317c   0x0800317c   0x0000003c   Code   RO           48    .text.TMR1_BRK_TMR9_IRQHandler  mc_isr.o
    0x080031b8   0x080031b8   0x0000004e   Code   RO           58    .text.TMR1_CH_IRQHandler  mc_isr.o
    0x08003206   0x08003206   0x00000002   PAD
    0x08003208   0x08003208   0x000001ac   Code   RO           46    .text.TMR1_OVF_TMR10_IRQHandler  mc_isr.o
    0x080033b4   0x080033b4   0x000000e0   Code   RO           52    .text.TMR1_TRG_HALL_TMR11_IRQHandler  mc_isr.o
    0x08003494   0x08003494   0x00000068   Code   RO           50    .text.TMR3_GLOBAL_IRQHandler  mc_isr.o
    0x080034fc   0x080034fc   0x00000096   Code   RO         1523    .text.USART2_IRQHandler  mc_comm_uart.o
    0x08003592   0x08003592   0x00000002   PAD
    0x08003594   0x08003594   0x00000002   Code   RO           18    .text.UsageFault_Handler  at32m412_416_int.o
    0x08003596   0x08003596   0x00000002   PAD
    0x08003598   0x08003598   0x00000044   Code   RO          139    .text.adc_base_config  at32m412_416_adc.o
    0x080035dc   0x080035dc   0x00000008   Code   RO          137    .text.adc_base_default_para_init  at32m412_416_adc.o
    0x080035e4   0x080035e4   0x0000000a   Code   RO          153    .text.adc_calibration_init  at32m412_416_adc.o
    0x080035ee   0x080035ee   0x00000002   PAD
    0x080035f0   0x080035f0   0x00000008   Code   RO          155    .text.adc_calibration_init_status_get  at32m412_416_adc.o
    0x080035f8   0x080035f8   0x0000000a   Code   RO          157    .text.adc_calibration_start  at32m412_416_adc.o
    0x08003602   0x08003602   0x00000002   PAD
    0x08003604   0x08003604   0x00000008   Code   RO          159    .text.adc_calibration_status_get  at32m412_416_adc.o
    0x0800360c   0x0800360c   0x00000080   Code   RO          143    .text.adc_common_config  at32m412_416_adc.o
    0x0800368c   0x0800368c   0x00000008   Code   RO          141    .text.adc_common_default_para_init  at32m412_416_adc.o
    0x08003694   0x08003694   0x00000012   Code   RO          147    .text.adc_dma_mode_enable  at32m412_416_adc.o
    0x080036a6   0x080036a6   0x00000002   PAD
    0x080036a8   0x080036a8   0x00000012   Code   RO          149    .text.adc_dma_request_repeat_enable  at32m412_416_adc.o
    0x080036ba   0x080036ba   0x00000002   PAD
    0x080036bc   0x080036bc   0x0000000a   Code   RO          135    .text.adc_enable    at32m412_416_adc.o
    0x080036c6   0x080036c6   0x00000002   PAD
    0x080036c8   0x080036c8   0x00000006   Code   RO          211    .text.adc_flag_clear  at32m412_416_adc.o
    0x080036ce   0x080036ce   0x00000002   PAD
    0x080036d0   0x080036d0   0x0000000a   Code   RO          207    .text.adc_flag_get  at32m412_416_adc.o
    0x080036da   0x080036da   0x00000002   PAD
    0x080036dc   0x080036dc   0x0000001a   Code   RO          151    .text.adc_interrupt_enable  at32m412_416_adc.o
    0x080036f6   0x080036f6   0x00000002   PAD
    0x080036f8   0x080036f8   0x000002c2   Code   RO          167    .text.adc_ordinary_channel_set  at32m412_416_adc.o
    0x080039ba   0x080039ba   0x00000002   PAD
    0x080039bc   0x080039bc   0x00000196   Code   RO           86    .text.adc_ordinary_config  mc_hwio.o
    0x08003b52   0x08003b52   0x00000002   PAD
    0x08003b54   0x08003b54   0x0000002a   Code   RO          173    .text.adc_ordinary_conversion_trigger_set  at32m412_416_adc.o
    0x08003b7e   0x08003b7e   0x00000002   PAD
    0x08003b80   0x08003b80   0x00000012   Code   RO          193    .text.adc_ordinary_software_trigger_enable  at32m412_416_adc.o
    0x08003b92   0x08003b92   0x00000002   PAD
    0x08003b94   0x08003b94   0x00000014   Code   RO          169    .text.adc_preempt_channel_length_set  at32m412_416_adc.o
    0x08003ba8   0x08003ba8   0x0000024e   Code   RO          171    .text.adc_preempt_channel_set  at32m412_416_adc.o
    0x08003df6   0x08003df6   0x00000002   PAD
    0x08003df8   0x08003df8   0x0000016e   Code   RO           88    .text.adc_preempt_config  mc_hwio.o
    0x08003f66   0x08003f66   0x00000002   PAD
    0x08003f68   0x08003f68   0x00000026   Code   RO          205    .text.adc_preempt_conversion_data_get  at32m412_416_adc.o
    0x08003f8e   0x08003f8e   0x00000002   PAD
    0x08003f90   0x08003f90   0x0000002a   Code   RO          175    .text.adc_preempt_conversion_trigger_set  at32m412_416_adc.o
    0x08003fba   0x08003fba   0x00000002   PAD
    0x08003fbc   0x08003fbc   0x00000012   Code   RO          183    .text.adc_preempt_part_mode_enable  at32m412_416_adc.o
    0x08003fce   0x08003fce   0x00000002   PAD
    0x08003fd0   0x08003fd0   0x0000001a   Code   RO          197    .text.adc_preempt_software_trigger_enable  at32m412_416_adc.o
    0x08003fea   0x08003fea   0x00000002   PAD
    0x08003fec   0x08003fec   0x00000012   Code   RO          145    .text.adc_resolution_set  at32m412_416_adc.o
    0x08003ffe   0x08003ffe   0x00000002   PAD
    0x08004000   0x08004000   0x00000020   Code   RO          161    .text.adc_voltage_monitor_enable  at32m412_416_adc.o
    0x08004020   0x08004020   0x0000001c   Code   RO          163    .text.adc_voltage_monitor_threshold_value_set  at32m412_416_adc.o
    0x0800403c   0x0800403c   0x00000040   Code   RO         1717    .text.angle_init_func  mc_bldc_sensorless.o
    0x0800407c   0x0800407c   0x0000009c   Code   RO         1715    .text.bldc_detectEMF_param_init  mc_bldc_sensorless.o
    0x08004118   0x08004118   0x000000e8   Code   RO         1505    .text.bldc_open_loop_ctrl  mc_bldc.o
    0x08004200   0x08004200   0x00000052   Code   RO         1499    .text.bldc_output_config  mc_bldc.o
    0x08004252   0x08004252   0x00000002   PAD
    0x08004254   0x08004254   0x00000138   Code   RO         1727    .text.bldc_sensorless_change_phase  mc_bldc_sensorless.o
    0x0800438c   0x0800438c   0x00000112   Code   RO          118    .text.bldc_sensorless_detectEMF_config  mc_hwio.o
    0x0800449e   0x0800449e   0x00000002   PAD
    0x080044a0   0x080044a0   0x00000014   Code   RO         1797    .text.calcValueByVref  motor_control_bldc.o
    0x080044b4   0x080044b4   0x00000080   Code   RO         1885    .text.calc_adc_sample_point  mc_bldc_kernal.lib(mc_bldc_kernal.o)
    0x08004534   0x08004534   0x00000062   Code   RO         1829    .text.calc_motor_speed  motor_control_bldc.o
    0x08004596   0x08004596   0x00000002   PAD
    0x08004598   0x08004598   0x000000b0   Code   RO           92    .text.cmp2_config   mc_hwio.o
    0x08004648   0x08004648   0x0000002c   Code   RO          357    .text.cmp_blanking_config  at32m412_416_cmp.o
    0x08004674   0x08004674   0x00000008   Code   RO          347    .text.cmp_default_para_init  at32m412_416_cmp.o
    0x0800467c   0x0800467c   0x00000028   Code   RO          349    .text.cmp_enable    at32m412_416_cmp.o
    0x080046a4   0x080046a4   0x0000005c   Code   RO          355    .text.cmp_filter_config  at32m412_416_cmp.o
    0x08004700   0x08004700   0x0000009e   Code   RO          345    .text.cmp_init      at32m412_416_cmp.o
    0x0800479e   0x0800479e   0x00000002   PAD
    0x080047a0   0x080047a0   0x00000038   Code   RO         1551    .text.command_ramp  mc_pid_controller.o
    0x080047d8   0x080047d8   0x0000002e   Code   RO          431    .text.crm_ahb_div_set  at32m412_416_crm.o
    0x08004806   0x08004806   0x00000002   PAD
    0x08004808   0x08004808   0x0000001a   Code   RO          433    .text.crm_apb1_div_set  at32m412_416_crm.o
    0x08004822   0x08004822   0x00000002   PAD
    0x08004824   0x08004824   0x0000001a   Code   RO          435    .text.crm_apb2_div_set  at32m412_416_crm.o
    0x0800483e   0x0800483e   0x00000002   PAD
    0x08004840   0x08004840   0x0000001a   Code   RO          437    .text.crm_apb3_div_set  at32m412_416_crm.o
    0x0800485a   0x0800485a   0x00000002   PAD
    0x0800485c   0x0800485c   0x00000018   Code   RO          403    .text.crm_auto_step_mode_enable  at32m412_416_crm.o
    0x08004874   0x08004874   0x0000007a   Code   RO          423    .text.crm_clock_source_enable  at32m412_416_crm.o
    0x080048ee   0x080048ee   0x00000002   PAD
    0x080048f0   0x080048f0   0x000000e0   Code   RO          465    .text.crm_clocks_freq_get  at32m412_416_crm.o
    0x080049d0   0x080049d0   0x0000001a   Code   RO          409    .text.crm_flag_get  at32m412_416_crm.o
    0x080049ea   0x080049ea   0x00000002   PAD
    0x080049ec   0x080049ec   0x00000028   Code   RO          417    .text.crm_periph_clock_enable  at32m412_416_crm.o
    0x08004a14   0x08004a14   0x0000004c   Code   RO          459    .text.crm_pll_config  at32m412_416_crm.o
    0x08004a60   0x08004a60   0x0000006e   Code   RO          401    .text.crm_reset     at32m412_416_crm.o
    0x08004ace   0x08004ace   0x00000002   PAD
    0x08004ad0   0x08004ad0   0x00000026   Code   RO          461    .text.crm_sysclk_switch  at32m412_416_crm.o
    0x08004af6   0x08004af6   0x00000002   PAD
    0x08004af8   0x08004af8   0x00000010   Code   RO          463    .text.crm_sysclk_switch_status_get  at32m412_416_crm.o
    0x08004b08   0x08004b08   0x000001d0   Code   RO         1839    .text.current_auto_tuning  motor_control_bldc.o
    0x08004cd8   0x08004cd8   0x000000e8   Code   RO         1471    .text.current_offset_init  mc_curr_fdbk.o
    0x08004dc0   0x08004dc0   0x00000128   Code   RO         1809    .text.current_offset_tmr_setting  motor_control_bldc.o
    0x08004ee8   0x08004ee8   0x0000004c   Code   RO         1477    .text.current_read_bldc  mc_curr_fdbk.o
    0x08004f34   0x08004f34   0x00000012   Code   RO          500    .text.dac_1_data_set  at32m412_416_dac.o
    0x08004f46   0x08004f46   0x00000002   PAD
    0x08004f48   0x08004f48   0x0000002e   Code   RO          486    .text.dac_enable    at32m412_416_dac.o
    0x08004f76   0x08004f76   0x00000002   PAD
    0x08004f78   0x08004f78   0x00000036   Code   RO          514    .text.dac_reference_voltage_select  at32m412_416_dac.o
    0x08004fae   0x08004fae   0x00000002   PAD
    0x08004fb0   0x08004fb0   0x00000018   Code   RO          530    .text.debug_apb1_periph_mode_set  at32m412_416_debug.o
    0x08004fc8   0x08004fc8   0x00000018   Code   RO          532    .text.debug_apb2_periph_mode_set  at32m412_416_debug.o
    0x08004fe0   0x08004fe0   0x00000030   Code   RO         1805    .text.disable_mosfet  motor_control_bldc.o
    0x08005010   0x08005010   0x0000000a   Code   RO          552    .text.dma_channel_enable  at32m412_416_dma.o
    0x0800501a   0x0800501a   0x00000002   PAD
    0x0800501c   0x0800501c   0x00000006   Code   RO          548    .text.dma_data_number_get  at32m412_416_dma.o
    0x08005022   0x08005022   0x00000002   PAD
    0x08005024   0x08005024   0x00000004   Code   RO          546    .text.dma_data_number_set  at32m412_416_dma.o
    0x08005028   0x08005028   0x0000000e   Code   RO          560    .text.dma_default_para_init  at32m412_416_dma.o
    0x08005036   0x08005036   0x00000002   PAD
    0x08005038   0x08005038   0x00000016   Code   RO          564    .text.dma_flexible_config  at32m412_416_dma.o
    0x0800504e   0x0800504e   0x00000002   PAD
    0x08005050   0x08005050   0x0000007e   Code   RO          562    .text.dma_init      at32m412_416_dma.o
    0x080050ce   0x080050ce   0x00000002   PAD
    0x080050d0   0x080050d0   0x00000010   Code   RO          550    .text.dma_interrupt_enable  at32m412_416_dma.o
    0x080050e0   0x080050e0   0x00000042   Code   RO          544    .text.dma_reset     at32m412_416_dma.o
    0x08005122   0x08005122   0x00000002   PAD
    0x08005124   0x08005124   0x000000c0   Code   RO         1519    .text.dma_uart_configuration  mc_comm_uart.o
    0x080051e4   0x080051e4   0x0000000e   Code   RO          566    .text.dmamux_enable  at32m412_416_dma.o
    0x080051f2   0x080051f2   0x00000002   PAD
    0x080051f4   0x080051f4   0x00000046   Code   RO          576    .text.dmamux_generator_config  at32m412_416_dma.o
    0x0800523a   0x0800523a   0x00000002   PAD
    0x0800523c   0x0800523c   0x0000000a   Code   RO          574    .text.dmamux_generator_default_para_init  at32m412_416_dma.o
    0x08005246   0x08005246   0x00000002   PAD
    0x08005248   0x08005248   0x0000000a   Code   RO          568    .text.dmamux_init   at32m412_416_dma.o
    0x08005252   0x08005252   0x00000002   PAD
    0x08005254   0x08005254   0x000000a2   Code   RO         1843    .text.external_input_handler  motor_control_bldc.o
    0x080052f6   0x080052f6   0x00000002   PAD
    0x080052f8   0x080052f8   0x00000012   Code   RO          756    .text.flash_lock    at32m412_416_flash.o
    0x0800530a   0x0800530a   0x00000002   PAD
    0x0800530c   0x0800530c   0x00000082   Code   RO          758    .text.flash_sector_erase  at32m412_416_flash.o
    0x0800538e   0x0800538e   0x00000002   PAD
    0x08005390   0x08005390   0x0000001e   Code   RO          754    .text.flash_unlock  at32m412_416_flash.o
    0x080053ae   0x080053ae   0x00000002   PAD
    0x080053b0   0x080053b0   0x0000007a   Code   RO          766    .text.flash_word_program  at32m412_416_flash.o
    0x0800542a   0x0800542a   0x00000002   PAD
    0x0800542c   0x0800542c   0x00000110   Code   RO         1763    .text.flash_write_int  user_interface_bldc.o
    0x0800553c   0x0800553c   0x0000000c   Code   RO         1791    .text.get_fw_id     motor_control_bldc.o
    0x08005548   0x08005548   0x00000184   Code   RO          120    .text.get_int_vref_cal_ratio  mc_hwio.o
    0x080056cc   0x080056cc   0x0000000c   Code   RO          844    .text.gpio_bits_write  at32m412_416_gpio.o
    0x080056d8   0x080056d8   0x0000000e   Code   RO          828    .text.gpio_default_para_init  at32m412_416_gpio.o
    0x080056e6   0x080056e6   0x00000002   PAD
    0x080056e8   0x080056e8   0x00000074   Code   RO          826    .text.gpio_init     at32m412_416_gpio.o
    0x0800575c   0x0800575c   0x000000ca   Code   RO           94    .text.gpio_output_init  mc_hwio.o
    0x08005826   0x08005826   0x00000002   PAD
    0x08005828   0x08005828   0x00000028   Code   RO          852    .text.gpio_pin_mux_config  at32m412_416_gpio.o
    0x08005850   0x08005850   0x00000160   Code   RO         1801    .text.hall_to_tmr_register_setting  motor_control_bldc.o
    0x080059b0   0x080059b0   0x0000003c   Code   RO          114    .text.led_blink     mc_hwio.o
    0x080059ec   0x080059ec   0x00000056   Code   RO          112    .text.led_init      mc_hwio.o
    0x08005a42   0x08005a42   0x00000002   PAD
    0x08005a44   0x08005a44   0x00000004   Code   RO          108    .text.led_off       mc_hwio.o
    0x08005a48   0x08005a48   0x00000004   Code   RO          106    .text.led_on        mc_hwio.o
    0x08005a4c   0x08005a4c   0x00000008   Code   RO          110    .text.led_toggle    mc_hwio.o
    0x08005a54   0x08005a54   0x00000004   PAD
    0x08005a58   0x08005a58   0x00000088   Code   RO         1695    .text.lowpass_filter_init  mc_math.o
    0x08005ae0   0x08005ae0   0x00000040   Code   RO         1697    .text.lowpass_filtering  mc_math.o
    0x08005b20   0x08005b20   0x00000136   Code   RO           33    .text.main          main.o
    0x08005c56   0x08005c56   0x00000002   PAD
    0x08005c58   0x08005c58   0x00000036   Code   RO         1453    .text.mc_delay_init  mc_delay.o
    0x08005c8e   0x08005c8e   0x00000002   PAD
    0x08005c90   0x08005c90   0x00000024   Code   RO         1457    .text.mc_delay_ms   mc_delay.o
    0x08005cb4   0x08005cb4   0x00000276   Code   RO         1883    .text.mc_param_init  mc_bldc_kernal.lib(mc_bldc_kernal.o)
    0x08005f2a   0x08005f2a   0x00000002   PAD
    0x08005f2c   0x08005f2c   0x000000c0   Code   RO         1819    .text.motor_ccw_init  motor_control_bldc.o
    0x08005fec   0x08005fec   0x000000a6   Code   RO         1813    .text.motor_cw_init  motor_control_bldc.o
    0x08006092   0x08006092   0x00000002   PAD
    0x08006094   0x08006094   0x00000024   Code   RO         1687    .text.moving_average  mc_math.o
    0x080060b8   0x080060b8   0x00000052   Code   RO         1689    .text.moving_average_update  mc_math.o
    0x0800610a   0x0800610a   0x00000002   PAD
    0x0800610c   0x0800610c   0x00000036   Code   RO         1841    .text.normal_state_led_blink  motor_control_bldc.o
    0x08006142   0x08006142   0x00000002   PAD
    0x08006144   0x08006144   0x00000054   Code   RO           72    .text.nvic_config   mc_hwio.o
    0x08006198   0x08006198   0x00000074   Code   RO          957    .text.nvic_irq_enable  at32m412_416_misc.o
    0x0800620c   0x0800620c   0x00000020   Code   RO          961    .text.nvic_priority_group_config  at32m412_416_misc.o
    0x0800622c   0x0800622c   0x00000092   Code   RO           90    .text.ocp_cmp_config  mc_hwio.o
    0x080062be   0x080062be   0x00000002   PAD
    0x080062c0   0x080062c0   0x00000012   Code   RO         1001    .text.op_calibration_select  at32m412_416_op.o
    0x080062d2   0x080062d2   0x00000002   PAD
    0x080062d4   0x080062d4   0x00000008   Code   RO         1003    .text.op_calout_status_get  at32m412_416_op.o
    0x080062dc   0x080062dc   0x0000000a   Code   RO          977    .text.op_enable     at32m412_416_op.o
    0x080062e6   0x080062e6   0x00000002   PAD
    0x080062e8   0x080062e8   0x00000012   Code   RO          997    .text.op_internal_output_select  at32m412_416_op.o
    0x080062fa   0x080062fa   0x00000002   PAD
    0x080062fc   0x080062fc   0x00000026   Code   RO          981    .text.op_set_functional_mode  at32m412_416_op.o
    0x08006322   0x08006322   0x00000002   PAD
    0x08006324   0x08006324   0x00000012   Code   RO          985    .text.op_set_highspeed_mode_enable  at32m412_416_op.o
    0x08006336   0x08006336   0x00000002   PAD
    0x08006338   0x08006338   0x00000012   Code   RO          989    .text.op_set_input_inverting  at32m412_416_op.o
    0x0800634a   0x0800634a   0x00000002   PAD
    0x0800634c   0x0800634c   0x00000012   Code   RO          987    .text.op_set_input_non_inverting  at32m412_416_op.o
    0x0800635e   0x0800635e   0x00000002   PAD
    0x08006360   0x08006360   0x00000012   Code   RO          979    .text.op_set_mode   at32m412_416_op.o
    0x08006372   0x08006372   0x00000002   PAD
    0x08006374   0x08006374   0x0000002a   Code   RO         1005    .text.op_set_triming_value  at32m412_416_op.o
    0x0800639e   0x0800639e   0x00000002   PAD
    0x080063a0   0x080063a0   0x00000012   Code   RO          999    .text.op_set_trimming_mode  at32m412_416_op.o
    0x080063b2   0x080063b2   0x00000002   PAD
    0x080063b4   0x080063b4   0x00000088   Code   RO           98    .text.opa_calibration  mc_hwio.o
    0x0800643c   0x0800643c   0x000000aa   Code   RO           96    .text.opa_init      mc_hwio.o
    0x080064e6   0x080064e6   0x00000002   PAD
    0x080064e8   0x080064e8   0x0000005e   Code   RO         1831    .text.open_loop_cmd_ramp  motor_control_bldc.o
    0x08006546   0x08006546   0x00000002   PAD
    0x08006548   0x08006548   0x00000148   Code   RO         1795    .text.param_clear   motor_control_bldc.o
    0x08006690   0x08006690   0x00000062   Code   RO         1799    .text.param_init    motor_control_bldc.o
    0x080066f2   0x080066f2   0x00000002   PAD
    0x080066f4   0x080066f4   0x00000068   Code   RO         1553    .text.pid_controller_static_clamp  mc_pid_controller.o
    0x0800675c   0x0800675c   0x00000004   Code   RO         1537    .text.pid_set_ki    mc_pid_controller.o
    0x08006760   0x08006760   0x00000004   Code   RO         1535    .text.pid_set_kp    mc_pid_controller.o
    0x08006764   0x08006764   0x0000003c   Code   RO          104    .text.pull_up_config  mc_hwio.o
    0x080067a0   0x080067a0   0x00000022   Code   RO         1825    .text.pwm_duty_update  motor_control_bldc.o
    0x080067c2   0x080067c2   0x00000002   PAD
    0x080067c4   0x080067c4   0x00000064   Code   RO         1721    .text.rdy_to_close_loop_param  mc_bldc_sensorless.o
    0x08006828   0x08006828   0x00000044   Code   RO         1557    .text.readCurrentPidFromFlash  mc_pid_controller.o
    0x0800686c   0x0800686c   0x00000040   Code   RO         1559    .text.readSpeedVoltPidFromFlash  mc_pid_controller.o
    0x080068ac   0x080068ac   0x0000000c   Code   RO         1793    .text.remap_exint_clock_enable_config  motor_control_bldc.o
    0x080068b8   0x080068b8   0x0000000a   Code   RO         1691    .text.reset_ma_buffer  mc_math.o
    0x080068c2   0x080068c2   0x00000002   PAD
    0x080068c4   0x080068c4   0x00000020   Code   RO         1549    .text.set_current_pid_param  mc_pid_controller.o
    0x080068e4   0x080068e4   0x00000060   Code   RO         1713    .text.set_next_detect_hall_state  mc_bldc_sensorless.o
    0x08006944   0x08006944   0x00000030   Code   RO         1719    .text.set_starting_volt  mc_bldc_sensorless.o
    0x08006974   0x08006974   0x000000e8   Code   RO         1501    .text.start_bldc    mc_bldc.o
    0x08006a5c   0x08006a5c   0x00000072   Code   RO         1711    .text.start_up_config  mc_bldc_sensorless.o
    0x08006ace   0x08006ace   0x00000002   PAD
    0x08006ad0   0x08006ad0   0x0000009e   Code   RO            2    .text.system_clock_config  at32m412_416_clock.o
    0x08006b6e   0x08006b6e   0x00000002   PAD
    0x08006b70   0x08006b70   0x000000c4   Code   RO         1431    .text.system_core_clock_update  system_at32m412_416.o
    0x08006c34   0x08006c34   0x00000018   Code   RO          967    .text.systick_clock_source_config  at32m412_416_misc.o
    0x08006c4c   0x08006c4c   0x00000044   Code   RO         1451    .text.systick_init  mc_delay.o
    0x08006c90   0x08006c90   0x0000000e   Code   RO         1147    .text.tmr_base_init  at32m412_416_tmr.o
    0x08006c9e   0x08006c9e   0x00000002   PAD
    0x08006ca0   0x08006ca0   0x000000e0   Code   RO           82    .text.tmr_blank_init  mc_hwio.o
    0x08006d80   0x08006d80   0x0000010c   Code   RO           84    .text.tmr_blank_trigger_init  mc_hwio.o
    0x08006e8c   0x08006e8c   0x00000012   Code   RO         1255    .text.tmr_brk_filter_value_set  at32m412_416_tmr.o
    0x08006e9e   0x08006e9e   0x00000002   PAD
    0x08006ea0   0x08006ea0   0x00000086   Code   RO         1275    .text.tmr_brk_input_config  at32m412_416_tmr.o
    0x08006f26   0x08006f26   0x00000002   PAD
    0x08006f28   0x08006f28   0x0000007a   Code   RO         1253    .text.tmr_brkdt_config  at32m412_416_tmr.o
    0x08006fa2   0x08006fa2   0x00000002   PAD
    0x08006fa4   0x08006fa4   0x0000000a   Code   RO         1143    .text.tmr_brkdt_default_para_init  at32m412_416_tmr.o
    0x08006fae   0x08006fae   0x00000002   PAD
    0x08006fb0   0x08006fb0   0x0000000a   Code   RO         1213    .text.tmr_channel_buffer_enable  at32m412_416_tmr.o
    0x08006fba   0x08006fba   0x00000002   PAD
    0x08006fbc   0x08006fbc   0x00000012   Code   RO         1209    .text.tmr_channel_dma_select  at32m412_416_tmr.o
    0x08006fce   0x08006fce   0x00000002   PAD
    0x08006fd0   0x08006fd0   0x0000004e   Code   RO         1173    .text.tmr_channel_value_set  at32m412_416_tmr.o
    0x0800701e   0x0800701e   0x00000002   PAD
    0x08007020   0x08007020   0x00000012   Code   RO         1149    .text.tmr_clock_source_div_set  at32m412_416_tmr.o
    0x08007032   0x08007032   0x00000002   PAD
    0x08007034   0x08007034   0x00000012   Code   RO         1151    .text.tmr_cnt_dir_set  at32m412_416_tmr.o
    0x08007046   0x08007046   0x00000002   PAD
    0x08007048   0x08007048   0x0000006e   Code   RO           76    .text.tmr_comp_capture_init  mc_hwio.o
    0x080070b6   0x080070b6   0x00000002   PAD
    0x080070b8   0x080070b8   0x0000000a   Code   RO         1137    .text.tmr_counter_enable  at32m412_416_tmr.o
    0x080070c2   0x080070c2   0x00000002   PAD
    0x080070c4   0x080070c4   0x00000004   Code   RO         1157    .text.tmr_counter_value_set  at32m412_416_tmr.o
    0x080070c8   0x080070c8   0x0000001a   Code   RO         1221    .text.tmr_dma_request_enable  at32m412_416_tmr.o
    0x080070e2   0x080070e2   0x00000002   PAD
    0x080070e4   0x080070e4   0x00000008   Code   RO         1231    .text.tmr_event_sw_trigger  at32m412_416_tmr.o
    0x080070ec   0x080070ec   0x00000006   Code   RO         1229    .text.tmr_flag_clear  at32m412_416_tmr.o
    0x080070f2   0x080070f2   0x00000002   PAD
    0x080070f4   0x080070f4   0x0000000a   Code   RO         1227    .text.tmr_flag_get  at32m412_416_tmr.o
    0x080070fe   0x080070fe   0x00000002   PAD
    0x08007100   0x08007100   0x00000012   Code   RO         1211    .text.tmr_hall_select  at32m412_416_tmr.o
    0x08007112   0x08007112   0x00000002   PAD
    0x08007114   0x08007114   0x00000008   Code   RO         1279    .text.tmr_input_ch_select  at32m412_416_tmr.o
    0x0800711c   0x0800711c   0x000001c0   Code   RO         1191    .text.tmr_input_channel_init  at32m412_416_tmr.o
    0x080072dc   0x080072dc   0x0000001a   Code   RO         1223    .text.tmr_interrupt_enable  at32m412_416_tmr.o
    0x080072f6   0x080072f6   0x00000002   PAD
    0x080072f8   0x080072f8   0x00000012   Code   RO         1185    .text.tmr_one_cycle_mode_enable  at32m412_416_tmr.o
    0x0800730a   0x0800730a   0x00000002   PAD
    0x0800730c   0x0800730c   0x00000080   Code   RO         1179    .text.tmr_output_channel_buffer_enable  at32m412_416_tmr.o
    0x0800738c   0x0800738c   0x000002c4   Code   RO         1165    .text.tmr_output_channel_config  at32m412_416_tmr.o
    0x08007650   0x08007650   0x0000000a   Code   RO         1139    .text.tmr_output_default_para_init  at32m412_416_tmr.o
    0x0800765a   0x0800765a   0x00000002   PAD
    0x0800765c   0x0800765c   0x00000012   Code   RO         1233    .text.tmr_output_enable  at32m412_416_tmr.o
    0x0800766e   0x0800766e   0x00000002   PAD
    0x08007670   0x08007670   0x00000012   Code   RO         1177    .text.tmr_period_buffer_enable  at32m412_416_tmr.o
    0x08007682   0x08007682   0x00000002   PAD
    0x08007684   0x08007684   0x00000012   Code   RO         1205    .text.tmr_primary_mode_select  at32m412_416_tmr.o
    0x08007696   0x08007696   0x00000002   PAD
    0x08007698   0x08007698   0x000002a0   Code   RO           74    .text.tmr_pwm_init  mc_hwio.o
    0x08007938   0x08007938   0x00000044   Code   RO         1155    .text.tmr_repetition_counter_set  at32m412_416_tmr.o
    0x0800797c   0x0800797c   0x00000048   Code   RO           80    .text.tmr_sensorless_change_phase_init  mc_hwio.o
    0x080079c4   0x080079c4   0x0000001a   Code   RO         1207    .text.tmr_sub_mode_select  at32m412_416_tmr.o
    0x080079de   0x080079de   0x00000002   PAD
    0x080079e0   0x080079e0   0x00000012   Code   RO         1219    .text.tmr_sub_sync_mode_set  at32m412_416_tmr.o
    0x080079f2   0x080079f2   0x00000002   PAD
    0x080079f4   0x080079f4   0x00000012   Code   RO         1217    .text.tmr_trigger_input_select  at32m412_416_tmr.o
    0x08007a06   0x08007a06   0x00000002   PAD
    0x08007a08   0x08007a08   0x000000b2   Code   RO          100    .text.uart_init     mc_hwio.o
    0x08007aba   0x08007aba   0x00000002   PAD
    0x08007abc   0x08007abc   0x00000050   Code   RO         1521    .text.uart_rx_init  mc_comm_uart.o
    0x08007b0c   0x08007b0c   0x00000108   Code   RO         1743    .text.ui_rx_receive_handler  user_interface_bldc.o
    0x08007c14   0x08007c14   0x000000d2   Code   RO         1777    .text.ui_save_monitor_data  user_interface_bldc.o
    0x08007ce6   0x08007ce6   0x00000002   PAD
    0x08007ce8   0x08007ce8   0x00000012   Code   RO         1311    .text.usart_dma_receiver_enable  at32m412_416_usart.o
    0x08007cfa   0x08007cfa   0x00000002   PAD
    0x08007cfc   0x08007cfc   0x00000012   Code   RO         1309    .text.usart_dma_transmitter_enable  at32m412_416_usart.o
    0x08007d0e   0x08007d0e   0x00000002   PAD
    0x08007d10   0x08007d10   0x00000012   Code   RO         1297    .text.usart_enable  at32m412_416_usart.o
    0x08007d22   0x08007d22   0x00000002   PAD
    0x08007d24   0x08007d24   0x0000002c   Code   RO         1349    .text.usart_flag_clear  at32m412_416_usart.o
    0x08007d50   0x08007d50   0x0000000a   Code   RO         1345    .text.usart_flag_get  at32m412_416_usart.o
    0x08007d5a   0x08007d5a   0x00000002   PAD
    0x08007d5c   0x08007d5c   0x000000b0   Code   RO         1293    .text.usart_init    at32m412_416_usart.o
    0x08007e0c   0x08007e0c   0x00000020   Code   RO         1307    .text.usart_interrupt_enable  at32m412_416_usart.o
    0x08007e2c   0x08007e2c   0x00000012   Code   RO         1301    .text.usart_receiver_enable  at32m412_416_usart.o
    0x08007e3e   0x08007e3e   0x00000002   PAD
    0x08007e40   0x08007e40   0x00000012   Code   RO         1299    .text.usart_transmitter_enable  at32m412_416_usart.o
    0x08007e52   0x08007e52   0x00000002   PAD
    0x08007e54   0x08007e54   0x00000208   Code   RO         1761    .text.write_flash_cmd  user_interface_bldc.o
    0x0800805c   0x0800805c   0x00000004   PAD
    0x08008060   0x08008060   0x000003c4   Code   RO         1920    i.__hardfp_log      m_wm.l(log.o)
    0x08008424   0x08008424   0x00000004   PAD
    0x08008428   0x08008428   0x00000100   Code   RO         1927    i.__hardfp_log2     m_wm.l(log2.o)
    0x08008528   0x08008528   0x000000e0   Code   RO         1931    i.__hardfp_round    m_wm.l(round.o)
    0x08008608   0x08008608   0x000000f8   Code   RO         2277    i.__kernel_poly     m_wm.l(poly.o)
    0x08008700   0x08008700   0x00000030   Code   RO         2257    i.__mathlib_dbl_divzero  m_wm.l(dunder.o)
    0x08008730   0x08008730   0x00000014   Code   RO         2258    i.__mathlib_dbl_infnan  m_wm.l(dunder.o)
    0x08008744   0x08008744   0x00000004   PAD
    0x08008748   0x08008748   0x00000020   Code   RO         2260    i.__mathlib_dbl_invalid  m_wm.l(dunder.o)
    0x08008768   0x08008768   0x0000000e   Code   RO         2348    i.__scatterload_copy  mc_w.l(handlers.o)
    0x08008776   0x08008776   0x00000002   Code   RO         2349    i.__scatterload_null  mc_w.l(handlers.o)
    0x08008778   0x08008778   0x0000000e   Code   RO         2350    i.__scatterload_zeroinit  mc_w.l(handlers.o)
    0x08008786   0x08008786   0x00000002   PAD
    0x08008788   0x08008788   0x0000000c   Code   RO         2320    i.__set_errno       mc_w.l(errno.o)
    0x08008794   0x08008794   0x00000004   PAD
    0x08008798   0x08008798   0x0000008c   Code   RO         2273    i.frexp             m_wm.l(frexp.o)
    0x08008824   0x08008824   0x00000010   Code   RO         1922    i.log               m_wm.l(log.o)
    0x08008834   0x08008834   0x0000006c   Code   RO         2208    i.malloc            mc_w.l(malloc.o)
    0x080088a0   0x080088a0   0x00000038   Data   RO         1923    .constdata          m_wm.l(log.o)
    0x080088d8   0x080088d8   0x00000008   Data   RO         2279    .constdata          m_wm.l(qnan.o)
    0x080088e0   0x080088e0   0x00000008   Data   RO          475    .rodata.cst8        at32m412_416_crm.o
    0x080088e8   0x080088e8   0x00000007   Data   RO         1573    .rodata.emf_detect_cmp_channel  mc_bldc_globals.o
    0x080088ef   0x080088ef   0x00000007   Data   RO         1574    .rodata.emf_detect_cmp_polarity  mc_bldc_globals.o
    0x080088f6   0x080088f6   0x0000001c   Data   RO         1589    .rodata.output_hall_state  mc_bldc_globals.o
    0x08008912   0x08008912   0x0000001c   Data   RO         1588    .rodata.pwm_pattern  mc_bldc_globals.o
    0x0800892e   0x0800892e   0x00000020   Data   RO         1569    .rodata.s_fwVer     mc_bldc_globals.o
    0x0800894e   0x0800894e   0x00000002   PAD
    0x08008950   0x08008950   0x00000020   Data   RO         2347    Region$$Table       anon$$obj.o


    Execution Region RW_IRAM1 (Exec base: 0x20000000, Load base: 0x08008970, Size: 0x00001748, Max: 0x00004000, ABSOLUTE, COMPRESSED[0x00000138])

    Exec Addr    Load Addr    Size         Type   Attr      Idx    E Section Name        Object

    0x20000000   COMPRESSED   0x00000004   Data   RW         2316    .data               mc_w.l(mvars.o)
    0x20000004   COMPRESSED   0x00000004   Data   RW         2317    .data               mc_w.l(mvars.o)
    0x20000008   COMPRESSED   0x00000004   Data   RW         2321    .data               mc_w.l(errno.o)
    0x2000000c   COMPRESSED   0x00000004   PAD
    0x20000010   COMPRESSED   0x00000048   Data   RW         1637    .data.I_auto_tune   mc_bldc_globals.o
    0x20000058   COMPRESSED   0x00000040   Data   RW         1592    .data.adc_sample    mc_bldc_globals.o
    0x20000098   COMPRESSED   0x0000000c   Data   RW         1571    .data.blank         mc_bldc_globals.o
    0x200000a4   COMPRESSED   0x00000008   Data   RW         1570    .data.blank_trigger  mc_bldc_globals.o
    0x200000ac   COMPRESSED   0x00000002   Data   RW         1614    .data.buffer_index  mc_bldc_globals.o
    0x200000ae   COMPRESSED   0x00000002   PAD
    0x200000b0   COMPRESSED   0x00000068   Data   RW         1591    .data.current       mc_bldc_globals.o
    0x20000118   COMPRESSED   0x00000020   Data   RW         1604    .data.current_LPF   mc_bldc_globals.o
    0x20000138   COMPRESSED   0x00000002   Data   RW         1576    .data.error_code_mask  mc_bldc_globals.o
    0x2000013a   COMPRESSED   0x00000001   Data   RW         1626    .data.esc_state_old  mc_bldc_globals.o
    0x2000013b   COMPRESSED   0x00000001   PAD
    0x2000013c   COMPRESSED   0x00000038   Data   RW         1598    .data.hall          mc_bldc_globals.o
    0x20000174   COMPRESSED   0x00000048   Data   RW         1599    .data.hall_learn    mc_bldc_globals.o
    0x200001bc   COMPRESSED   0x00000004   PAD
    0x200001c0   COMPRESSED   0x00000048   Data   RW         1636    .data.motor_param_ident  mc_bldc_globals.o
    0x20000208   COMPRESSED   0x0000001c   Data   RW         1580    .data.next_hall_state  mc_bldc_globals.o
    0x20000224   COMPRESSED   0x00000030   Data   RW         1596    .data.pid_spd_volt  mc_bldc_globals.o
    0x20000254   COMPRESSED   0x00000002   Data   RW         1605    .data.pwm_pr        mc_bldc_globals.o
    0x20000256   COMPRESSED   0x00000002   PAD
    0x20000258   COMPRESSED   0x00000004   Data   RW         1635    .data.spd_last_cval  mc_bldc_globals.o
    0x2000025c   COMPRESSED   0x00000004   PAD
    0x20000260   COMPRESSED   0x00000020   Data   RW         1603    .data.speed_LPF     mc_bldc_globals.o
    0x20000280   COMPRESSED   0x0000000a   Data   RW         1525    .data.sync_frame    mc_comm_uart.o
    0x2000028a   COMPRESSED   0x00000002   PAD
    0x2000028c   COMPRESSED   0x00000004   Data   RW         1433    .data.system_core_clock  system_at32m412_416.o
    0x20000290   COMPRESSED   0x00000038   Data   RW         1578    .data.tmr_pwm_channel_mode  mc_bldc_globals.o
    0x200002c8   COMPRESSED   0x0000001c   Data   RW         1579    .data.tmr_pwm_output_mode  mc_bldc_globals.o
    0x200002e4   COMPRESSED   0x00000001   Data   RW         1615    .data.ui_receive_cmd_index  mc_bldc_globals.o
    0x200002e5   COMPRESSED   0x00000003   PAD
    0x200002e8   COMPRESSED   0x00000030   Data   RW         1600    .data.ui_usart      mc_bldc_globals.o
    0x20000318   COMPRESSED   0x00000002   Data   RW         1609    .data.vdc_ratio     mc_bldc_globals.o
    0x2000031a   COMPRESSED   0x00000006   PAD
    0x20000320        -       0x00000001   Zero   RW         1632    .bss.EMF_switch_sample_position  mc_bldc_globals.o
    0x20000321   COMPRESSED   0x00000001   PAD
    0x20000322        -       0x00000002   Zero   RW         1674    .bss.I_tune_count   mc_bldc_globals.o
    0x20000324        -       0x00000001   Zero   RW         1779    .bss.MonitorRegID_1  user_interface_bldc.o
    0x20000325        -       0x00000001   Zero   RW         1780    .bss.MonitorRegID_2  user_interface_bldc.o
    0x20000326        -       0x00000002   Zero   RW           64    .bss.SysTick_Handler.led_blink_cnt  mc_isr.o
    0x20000328        -       0x00000001   Zero   RW           62    .bss.TMR1_OVF_TMR10_IRQHandler.ui_count  mc_isr.o
    0x20000329   COMPRESSED   0x00000001   PAD
    0x2000032a        -       0x00000006   Zero   RW          124    .bss.adc_in_tab     mc_hwio.o
    0x20000330        -       0x00000001   Zero   RW         1620    .bss.bldc_rdy       mc_bldc_globals.o
    0x20000331        -       0x00000001   Zero   RW         1625    .bss.calc_spd_rdy   mc_bldc_globals.o
    0x20000332        -       0x00000001   Zero   RW         1619    .bss.change_phase_flag  mc_bldc_globals.o
    0x20000333        -       0x00000001   Zero   RW         1622    .bss.closeloop_rdy  mc_bldc_globals.o
    0x20000334        -       0x00000001   Zero   RW         1612    .bss.cmd_response_rdy  mc_bldc_globals.o
    0x20000335        -       0x00000005   Zero   RW         1638    .bss.cmp_init_struct  mc_bldc_globals.o
    0x2000033a        -       0x00000001   Zero   RW         1624    .bss.const_current_ctrl  mc_bldc_globals.o
    0x2000033b   COMPRESSED   0x00000001   PAD
    0x2000033c        -       0x00000010   Zero   RW           37    .bss.crm_clocks_freq_struct  main.o
    0x2000034c        -       0x00000001   Zero   RW         1640    .bss.ctrl_mode      mc_bldc_globals.o
    0x2000034d        -       0x00000001   Zero   RW         1644    .bss.ctrl_source    mc_bldc_globals.o
    0x2000034e        -       0x00000001   Zero   RW         1618    .bss.curr_offset_rdy  mc_bldc_globals.o
    0x2000034f        -       0x00000001   Zero   RW         1623    .bss.current_loop_ctrl  mc_bldc_globals.o
    0x20000350        -       0x00000001   Zero   RW         1485    .bss.current_offset_init.icount  mc_curr_fdbk.o
    0x20000351   COMPRESSED   0x00000001   PAD
    0x20000352        -       0x00000002   Zero   RW         1486    .bss.current_offset_init.temp1  mc_curr_fdbk.o
    0x20000354        -       0x00000002   Zero   RW         1487    .bss.current_offset_init.temp2  mc_curr_fdbk.o
    0x20000356        -       0x00000002   Zero   RW         1488    .bss.current_offset_init.temp3  mc_curr_fdbk.o
    0x20000358        -       0x00000002   Zero   RW         1678    .bss.current_tune_step_period  mc_bldc_globals.o
    0x2000035a        -       0x00000002   Zero   RW         1676    .bss.current_tune_target_current  mc_bldc_globals.o
    0x2000035c        -       0x00000002   Zero   RW         1677    .bss.current_tune_total_period  mc_bldc_globals.o
    0x2000035e        -       0x00000001   Zero   RW           61    .bss.detect_zcp_flag  mc_isr.o
    0x2000035f   COMPRESSED   0x00000001   PAD
    0x20000360        -       0x00000006   Zero   RW           63    .bss.emf_adc_val    mc_isr.o
    0x20000366        -       0x00000002   Zero   RW         1630    .bss.emf_avoid_noise_counter  mc_bldc_globals.o
    0x20000368        -       0x00000002   Zero   RW         1575    .bss.error_code     mc_bldc_globals.o
    0x2000036a        -       0x00000001   Zero   RW         1627    .bss.esc_state      mc_bldc_globals.o
    0x2000036b        -       0x00000024   Zero   RW         1613    .bss.extra_data_buffer  mc_bldc_globals.o
    0x2000038f   COMPRESSED   0x00000001   PAD
    0x20000390        -       0x00000004   Zero   RW         1462    .bss.fac_ms         mc_delay.o
    0x20000394        -       0x00000004   Zero   RW         1461    .bss.fac_us         mc_delay.o
    0x20000398        -       0x00000001   Zero   RW         1639    .bss.firmware_id    mc_bldc_globals.o
    0x20000399   COMPRESSED   0x00000003   PAD
    0x2000039c        -       0x00000400   Zero   RW         1781    .bss.flash_buf_int  user_interface_bldc.o
    0x2000079c        -       0x0000000c   Zero   RW         1582    .bss.hall_learn_state_table  mc_bldc_globals.o
    0x200007a8        -       0x00000004   Zero   RW         1673    .bss.i32_speed_filterd  mc_bldc_globals.o
    0x200007ac        -       0x00000002   Zero   RW         1656    .bss.iMosTemperature  mc_bldc_globals.o
    0x200007ae        -       0x00000002   Zero   RW         1641    .bss.ibus_filterd   mc_bldc_globals.o
    0x200007b0        -       0x00000004   Zero   RW         1679    .bss.intCoeffs32_p  mc_bldc_globals.o
    0x200007b4        -       0x00000004   Zero   RW         1669    .bss.interval_moving_average_fliter  mc_bldc_globals.o
    0x200007b8        -       0x00000002   Zero   RW         1645    .bss.max_current_pu  mc_bldc_globals.o
    0x200007ba        -       0x00000002   Zero   RW         1646    .bss.min_current_pu  mc_bldc_globals.o
    0x200007bc        -       0x00000008   Zero   RW         1652    .bss.monitor_data   mc_bldc_globals.o
    0x200007c4        -       0x0000045c   Zero   RW         1655    .bss.monitor_data_buffer  mc_bldc_globals.o
    0x20000c20        -       0x00000001   Zero   RW         1611    .bss.monitor_data_buffer_num  mc_bldc_globals.o
    0x20000c21   COMPRESSED   0x00000001   PAD
    0x20000c22        -       0x00000016   Zero   RW         1602    .bss.openloop       mc_bldc_globals.o
    0x20000c38        -       0x00000001   Zero   RW         1616    .bss.param_initial_rdy  mc_bldc_globals.o
    0x20000c39   COMPRESSED   0x00000003   PAD
    0x20000c3c        -       0x00000030   Zero   RW         1594    .bss.pid_is         mc_bldc_globals.o
    0x20000c6c        -       0x00000030   Zero   RW         1595    .bss.pid_spd        mc_bldc_globals.o
    0x20000c9c        -       0x00000002   Zero   RW         1643    .bss.pwm_comp_value  mc_bldc_globals.o
    0x20000c9e        -       0x00000002   Zero   RW         1845    .bss.ramp_cnt       motor_control_bldc.o
    0x20000ca0        -       0x00000018   Zero   RW         1590    .bss.rotor_speed    mc_bldc_globals.o
    0x20000cb8        -       0x0000000d   Zero   RW         1650    .bss.rx_data_command  mc_bldc_globals.o
    0x20000cc5   COMPRESSED   0x00000003   PAD
    0x20000cc8        -       0x00000400   Zero   RW         1653    .bss.save_param_buffer  mc_bldc_globals.o
    0x200010c8        -       0x00000002   Zero   RW         1629    .bss.sense_hall_steps  mc_bldc_globals.o
    0x200010ca        -       0x00000002   Zero   RW         1633    .bss.sp_value       mc_bldc_globals.o
    0x200010cc        -       0x00000004   Zero   RW         1634    .bss.spd_cval       mc_bldc_globals.o
    0x200010d0        -       0x00000004   Zero   RW         1672    .bss.spd_total_cval  mc_bldc_globals.o
    0x200010d4        -       0x0000000c   Zero   RW         1597    .bss.speed_ramp     mc_bldc_globals.o
    0x200010e0        -       0x00000002   Zero   RW         1647    .bss.start_current_cmd  mc_bldc_globals.o
    0x200010e2        -       0x00000002   Zero   RW         1649    .bss.start_period   mc_bldc_globals.o
    0x200010e4        -       0x00000001   Zero   RW         1628    .bss.start_state    mc_bldc_globals.o
    0x200010e5        -       0x00000001   Zero   RW         1617    .bss.start_stop_btn_flag  mc_bldc_globals.o
    0x200010e6        -       0x00000002   Zero   RW         1648    .bss.start_volt_cmd  mc_bldc_globals.o
    0x200010e8        -       0x00000002   Zero   RW         1606    .bss.sys_counter    mc_bldc_globals.o
    0x200010ea        -       0x00000028   Zero   RW         1651    .bss.tx_data_response  mc_bldc_globals.o
    0x20001112        -       0x00000014   Zero   RW         1601    .bss.ui_wave_param  mc_bldc_globals.o
    0x20001126        -       0x00000006   Zero   RW         1654    .bss.usart_data_idx  mc_bldc_globals.o
    0x2000112c        -       0x0000000c   Zero   RW         1526    .bss.usart_rx_buffer  mc_comm_uart.o
    0x20001138        -       0x00000002   Zero   RW         1642    .bss.volt_cmd       mc_bldc_globals.o
    0x2000113a        -       0x00000002   Zero   RW         1662    .bss.zcp_highspd_fall  mc_bldc_globals.o
    0x2000113c        -       0x00000002   Zero   RW         1663    .bss.zcp_highspd_rise  mc_bldc_globals.o
    0x2000113e        -       0x00000002   Zero   RW         1660    .bss.zcp_lowspd_fall  mc_bldc_globals.o
    0x20001140        -       0x00000002   Zero   RW         1661    .bss.zcp_lowspd_rise  mc_bldc_globals.o
    0x20001142   COMPRESSED   0x00000006   PAD
    0x20001148        -       0x00000200   Zero   RW         1442    HEAP                startup_at32m412_416.o
    0x20001348        -       0x00000400   Zero   RW         1441    STACK               startup_at32m412_416.o



  Load Region LR_IROM2 (Base: 0x0801fc00, Size: 0x00000400, Max: 0x00000400, ABSOLUTE)

    Execution Region ER_IROM2 (Exec base: 0x0801fc00, Load base: 0x0801fc00, Size: 0x00000400, Max: 0x00000400, ABSOLUTE)

    Exec Addr    Load Addr    Size         Type   Attr      Idx    E Section Name        Object

    0x0801fc00   0x0801fc00   0x00000320   Data   RO         1860    .ARM.__at_0x0801FC00  mc_flash_data_table_bldc.o
    0x0801ff20   0x0801ff20   0x000000e0   Data   RO         1861    .ARM.__at_0x0801FF20  mc_flash_data_table_bldc.o


==============================================================================

Image component sizes


      Code (inc. data)   RO Data    RW Data    ZI Data      Debug   Object Name

      1914        132          0          0          0      28171   at32m412_416_adc.o
       158          0          0          0          0       7659   at32m412_416_clock.o
       342          0          0          0          0       5487   at32m412_416_cmp.o
       800         30          8          0          0      24510   at32m412_416_crm.o
       118          0          0          0          0       7680   at32m412_416_dac.o
        48          0          0          0          0       3316   at32m412_416_debug.o
       368          0          0          0          0      14382   at32m412_416_dma.o
       300          0          0          0          0      22440   at32m412_416_flash.o
       182          0          0          0          0      11977   at32m412_416_gpio.o
        16          0          0          0          0        996   at32m412_416_int.o
       172          0          0          0          0       6838   at32m412_416_misc.o
       224          0          0          0          0       5886   at32m412_416_op.o
      2052         50          0          0          0      39946   at32m412_416_tmr.o
       352          0          0          0          0      14494   at32m412_416_usart.o
       310          0          0          0         16      11749   main.o
       546          0          0          0          0      20647   mc_bldc.o
      1662         30          0          0          0      23549   mc_bldc_esc_state_sensorless.o
         0          0        102        746       2515      36966   mc_bldc_globals.o
       890          0          0          0          0      25686   mc_bldc_sensorless.o
       422          0          0         10         12      10457   mc_comm_uart.o
       308          0          0          0          7      17898   mc_curr_fdbk.o
       158          0          0          0          8       5321   mc_delay.o
         0          0       1024          0          0        653   mc_flash_data_table_bldc.o
      4094          0          0          0          6      52387   mc_hwio.o
      1414          4          0          0         10      24694   mc_isr.o
       328         16          0          0          0       3553   mc_math.o
       332          0          0          0          0       9437   mc_pid_controller.o
      2670         32          0          0          2      38979   motor_control_bldc.o
        36          8        444          0       1536       1084   startup_at32m412_416.o
       306         24          0          4          0       9449   system_at32m412_416.o
      8940        842          0          0       1026      40388   user_interface_bldc.o

    ----------------------------------------------------------------------
     29716       1168       1612        780       5164     526679   Object Totals
         0          0         32          0          0          0   (incl. Generated)
       254          0          2         20         26          0   (incl. Padding)

    ----------------------------------------------------------------------

      Code (inc. data)   RO Data    RW Data    ZI Data      Debug   Library Member Name

       100         28          0          0          0        372   dunder.o
       140         22          0          0          0        132   frexp.o
       980         92         56          0          0        440   log.o
       256         36          0          0          0        164   log2.o
       248          0          0          0          0        152   poly.o
         0          0          8          0          0          0   qnan.o
       224         30          0          0          0        172   round.o
       758         72          0          0          0      22774   mc_bldc_kernal.o
        86          0          0          0          0          0   __dczerorl2.o
        28          0          0          0          0         76   calloc.o
         0          0          0          0          0          0   entry.o
         0          0          0          0          0          0   entry10a.o
         0          0          0          0          0          0   entry11a.o
         8          4          0          0          0          0   entry2.o
         4          0          0          0          0          0   entry5.o
         0          0          0          0          0          0   entry7b.o
         0          0          0          0          0          0   entry8b.o
         8          4          0          0          0          0   entry9a.o
        12          6          0          4          0         68   errno.o
        30          0          0          0          0          0   handlers.o
        36          8          0          0          0         68   init.o
         0          0          0          0          0          0   iusefp.o
        30          0          0          0          0         68   llshl.o
        36          0          0          0          0         68   llsshr.o
        32          0          0          0          0         68   llushr.o
       108         16          0          0          0         84   malloc.o
        36          0          0          0          0         68   memcpya.o
        36          0          0          0          0        108   memseta.o
         0          0          0          8          0          0   mvars.o
        98          0          0          0          0         92   uldiv.o
        48          0          0          0          0         68   cdcmple.o
        48          0          0          0          0         68   cdrcmple.o
        56          0          0          0          0         88   d2f.o
       334          0          0          0          0        148   dadd.o
       222          0          0          0          0        100   ddiv.o
       186          0          0          0          0        176   depilogue.o
        62          0          0          0          0         80   dfixi.o
        34          0          0          0          0         76   dflti.o
       228          0          0          0          0         96   dmul.o
       136          4          0          0          0         92   drnd.o
        38          0          0          0          0         68   f2d.o
       110          0          0          0          0        168   fepilogue.o

    ----------------------------------------------------------------------
      4816        330         64         16          0      26202   Library Totals
        20          8          0          4          0          0   (incl. Padding)

    ----------------------------------------------------------------------

      Code (inc. data)   RO Data    RW Data    ZI Data      Debug   Library Name

      1948        208         64          0          0       1432   m_wm.l
       758         72          0          0          0      22774   mc_bldc_kernal.lib
       588         38          0         12          0        768   mc_w.l
      1502          4          0          0          0       1228   mf_w.l

    ----------------------------------------------------------------------
      4816        330         64         16          0      26202   Library Totals

    ----------------------------------------------------------------------

==============================================================================


      Code (inc. data)   RO Data    RW Data    ZI Data      Debug   

     34532       1498       1676        796       5164     550817   Grand Totals
     34532       1498       1676        312       5164     550817   ELF Image Totals (compressed)
     34532       1498       1676        312          0          0   ROM Totals

==============================================================================

    Total RO  Size (Code + RO Data)                36208 (  35.36kB)
    Total RW  Size (RW Data + ZI Data)              5960 (   5.82kB)
    Total ROM Size (Code + RO Data + RW Data)      36520 (  35.66kB)

==============================================================================

