Component: Arm Compiler for Embedded 6.24 Tool: armlink [5f371500]

==============================================================================

Section Cross References

    at32m412_416_clock.o(.text.system_clock_config) refers to at32m412_416_crm.o(.text.crm_reset) for crm_reset
    at32m412_416_clock.o(.text.system_clock_config) refers to at32m412_416_crm.o(.text.crm_periph_clock_enable) for crm_periph_clock_enable
    at32m412_416_clock.o(.text.system_clock_config) refers to at32m412_416_crm.o(.text.crm_clock_source_enable) for crm_clock_source_enable
    at32m412_416_clock.o(.text.system_clock_config) refers to at32m412_416_crm.o(.text.crm_hext_stable_wait) for crm_hext_stable_wait
    at32m412_416_clock.o(.text.system_clock_config) refers to at32m412_416_crm.o(.text.crm_pll_config) for crm_pll_config
    at32m412_416_clock.o(.text.system_clock_config) refers to at32m412_416_crm.o(.text.crm_flag_get) for crm_flag_get
    at32m412_416_clock.o(.text.system_clock_config) refers to at32m412_416_crm.o(.text.crm_ahb_div_set) for crm_ahb_div_set
    at32m412_416_clock.o(.text.system_clock_config) refers to at32m412_416_crm.o(.text.crm_apb3_div_set) for crm_apb3_div_set
    at32m412_416_clock.o(.text.system_clock_config) refers to at32m412_416_crm.o(.text.crm_apb2_div_set) for crm_apb2_div_set
    at32m412_416_clock.o(.text.system_clock_config) refers to at32m412_416_crm.o(.text.crm_apb1_div_set) for crm_apb1_div_set
    at32m412_416_clock.o(.text.system_clock_config) refers to at32m412_416_crm.o(.text.crm_auto_step_mode_enable) for crm_auto_step_mode_enable
    at32m412_416_clock.o(.text.system_clock_config) refers to at32m412_416_crm.o(.text.crm_sysclk_switch) for crm_sysclk_switch
    at32m412_416_clock.o(.text.system_clock_config) refers to at32m412_416_crm.o(.text.crm_sysclk_switch_status_get) for crm_sysclk_switch_status_get
    at32m412_416_clock.o(.text.system_clock_config) refers to system_at32m412_416.o(.text.system_core_clock_update) for system_core_clock_update
    at32m412_416_clock.o(.ARM.exidx.text.system_clock_config) refers to at32m412_416_clock.o(.text.system_clock_config) for [Anonymous Symbol]
    at32m412_416_int.o(.ARM.exidx.text.NMI_Handler) refers to at32m412_416_int.o(.text.NMI_Handler) for [Anonymous Symbol]
    at32m412_416_int.o(.ARM.exidx.text.HardFault_Handler) refers to at32m412_416_int.o(.text.HardFault_Handler) for [Anonymous Symbol]
    at32m412_416_int.o(.ARM.exidx.text.MemManage_Handler) refers to at32m412_416_int.o(.text.MemManage_Handler) for [Anonymous Symbol]
    at32m412_416_int.o(.ARM.exidx.text.BusFault_Handler) refers to at32m412_416_int.o(.text.BusFault_Handler) for [Anonymous Symbol]
    at32m412_416_int.o(.ARM.exidx.text.UsageFault_Handler) refers to at32m412_416_int.o(.text.UsageFault_Handler) for [Anonymous Symbol]
    at32m412_416_int.o(.ARM.exidx.text.SVC_Handler) refers to at32m412_416_int.o(.text.SVC_Handler) for [Anonymous Symbol]
    at32m412_416_int.o(.ARM.exidx.text.DebugMon_Handler) refers to at32m412_416_int.o(.text.DebugMon_Handler) for [Anonymous Symbol]
    at32m412_416_int.o(.ARM.exidx.text.PendSV_Handler) refers to at32m412_416_int.o(.text.PendSV_Handler) for [Anonymous Symbol]
    main.o(.text.main) refers to at32m412_416_clock.o(.text.system_clock_config) for system_clock_config
    main.o(.text.main) refers to motor_control_bldc.o(.text.remap_exint_clock_enable_config) for remap_exint_clock_enable_config
    main.o(.text.main) refers to mc_delay.o(.text.systick_init) for systick_init
    main.o(.text.main) refers to mc_hwio.o(.text.opa_init) for opa_init
    main.o(.text.main) refers to mc_delay.o(.text.mc_delay_init) for mc_delay_init
    main.o(.text.main) refers to mc_hwio.o(.text.led_init) for led_init
    main.o(.text.main) refers to mc_hwio.o(.text.pull_up_config) for pull_up_config
    main.o(.text.main) refers to mc_hwio.o(.text.nvic_config) for nvic_config
    main.o(.text.main) refers to motor_control_bldc.o(.text.get_fw_id) for get_fw_id
    main.o(.text.main) refers to mc_bldc_globals.o(.bss.firmware_id) for firmware_id
    main.o(.text.main) refers to mc_bldc_kernal.o(.text.mc_param_init) for mc_param_init
    main.o(.text.main) refers to mc_bldc_globals.o(.bss.param_initial_rdy) for param_initial_rdy
    main.o(.text.main) refers to mc_hwio.o(.text.ocp_cmp_config) for ocp_cmp_config
    main.o(.text.main) refers to mc_hwio.o(.text.cmp2_config) for cmp2_config
    main.o(.text.main) refers to mc_hwio.o(.text.tmr_sensorless_change_phase_init) for tmr_sensorless_change_phase_init
    main.o(.text.main) refers to mc_hwio.o(.text.tmr_pwm_init) for tmr_pwm_init
    main.o(.text.main) refers to mc_hwio.o(.text.adc_preempt_config) for adc_preempt_config
    main.o(.text.main) refers to mc_hwio.o(.text.adc_ordinary_config) for adc_ordinary_config
    main.o(.text.main) refers to mc_delay.o(.text.mc_delay_ms) for mc_delay_ms
    main.o(.text.main) refers to mc_bldc_globals.o(.bss.error_code) for error_code
[...]
    adc_voltage_monitor_enable               0x080040b9   Thumb Code    32  at32m412_416_adc.o(.text.adc_voltage_monitor_enable)
    adc_voltage_monitor_threshold_value_set  0x080040d9   Thumb Code    28  at32m412_416_adc.o(.text.adc_voltage_monitor_threshold_value_set)
    angle_init_func                          0x080040f5   Thumb Code    64  mc_bldc_sensorless.o(.text.angle_init_func)
    bldc_detectEMF_param_init                0x08004135   Thumb Code   156  mc_bldc_sensorless.o(.text.bldc_detectEMF_param_init)
    bldc_open_loop_ctrl                      0x080041d1   Thumb Code   250  mc_bldc.o(.text.bldc_open_loop_ctrl)
    bldc_output_config                       0x080042cd   Thumb Code    82  mc_bldc.o(.text.bldc_output_config)
    bldc_sensorless_change_phase             0x08004321   Thumb Code   314  mc_bldc_sensorless.o(.text.bldc_sensorless_change_phase)
    bldc_sensorless_detectEMF_config         0x0800445d   Thumb Code   268  mc_hwio.o(.text.bldc_sensorless_detectEMF_config)
    calcValueByVref                          0x08004569   Thumb Code    20  motor_control_bldc.o(.text.calcValueByVref)
    calc_adc_sample_point                    0x0800457d   Thumb Code   128  mc_bldc_kernal.o(.text.calc_adc_sample_point)
    calc_motor_speed                         0x080045fd   Thumb Code    98  motor_control_bldc.o(.text.calc_motor_speed)
    cmp2_config                              0x08004661   Thumb Code   176  mc_hwio.o(.text.cmp2_config)
    cmp_blanking_config                      0x08004711   Thumb Code    44  at32m412_416_cmp.o(.text.cmp_blanking_config)
    cmp_default_para_init                    0x0800473d   Thumb Code     8  at32m412_416_cmp.o(.text.cmp_default_para_init)
    cmp_enable                               0x08004745   Thumb Code    40  at32m412_416_cmp.o(.text.cmp_enable)
    cmp_filter_config                        0x0800476d   Thumb Code    92  at32m412_416_cmp.o(.text.cmp_filter_config)
    cmp_init                                 0x080047c9   Thumb Code   158  at32m412_416_cmp.o(.text.cmp_init)
    command_ramp                             0x08004869   Thumb Code    60  mc_pid_controller.o(.text.command_ramp)
    crm_ahb_div_set                          0x080048a5   Thumb Code    46  at32m412_416_crm.o(.text.crm_ahb_div_set)
    crm_apb1_div_set                         0x080048d5   Thumb Code    26  at32m412_416_crm.o(.text.crm_apb1_div_set)
    crm_apb2_div_set                         0x080048f1   Thumb Code    26  at32m412_416_crm.o(.text.crm_apb2_div_set)
    crm_apb3_div_set                         0x0800490d   Thumb Code    26  at32m412_416_crm.o(.text.crm_apb3_div_set)
    crm_auto_step_mode_enable                0x08004929   Thumb Code    24  at32m412_416_crm.o(.text.crm_auto_step_mode_enable)
    crm_clock_source_enable                  0x08004941   Thumb Code   122  at32m412_416_crm.o(.text.crm_clock_source_enable)
    crm_clocks_freq_get                      0x080049bd   Thumb Code   204  at32m412_416_crm.o(.text.crm_clocks_freq_get)
    crm_flag_get                             0x08004aa1   Thumb Code    26  at32m412_416_crm.o(.text.crm_flag_get)
    crm_hext_stable_wait                     0x08004abd   Thumb Code    36  at32m412_416_crm.o(.text.crm_hext_stable_wait)
    crm_periph_clock_enable                  0x08004ae1   Thumb Code    40  at32m412_416_crm.o(.text.crm_periph_clock_enable)
    crm_pll_config                           0x08004b09   Thumb Code    76  at32m412_416_crm.o(.text.crm_pll_config)
    crm_reset                                0x08004b55   Thumb Code   110  at32m412_416_crm.o(.text.crm_reset)
    crm_sysclk_switch                        0x08004bc5   Thumb Code    38  at32m412_416_crm.o(.text.crm_sysclk_switch)
    crm_sysclk_switch_status_get             0x08004bed   Thumb Code    16  at32m412_416_crm.o(.text.crm_sysclk_switch_status_get)
    current_auto_tuning                      0x08004c01   Thumb Code   424  motor_control_bldc.o(.text.current_auto_tuning)
    current_offset_init                      0x08004db9   Thumb Code   222  mc_curr_fdbk.o(.text.current_offset_init)
    current_offset_tmr_setting               0x08004e99   Thumb Code   296  motor_control_bldc.o(.text.current_offset_tmr_setting)
    current_read_bldc                        0x08004fc1   Thumb Code    74  mc_curr_fdbk.o(.text.current_read_bldc)
    dac_1_data_set                           0x0800500d   Thumb Code    18  at32m412_416_dac.o(.text.dac_1_data_set)
    dac_enable                               0x08005021   Thumb Code    46  at32m412_416_dac.o(.text.dac_enable)
    dac_reference_voltage_select             0x08005051   Thumb Code    54  at32m412_416_dac.o(.text.dac_reference_voltage_select)
    debug_apb1_periph_mode_set               0x08005089   Thumb Code    24  at32m412_416_debug.o(.text.debug_apb1_periph_mode_set)
    debug_apb2_periph_mode_set               0x080050a1   Thumb Code    24  at32m412_416_debug.o(.text.debug_apb2_periph_mode_set)
    disable_mosfet                           0x080050b9   Thumb Code    48  motor_control_bldc.o(.text.disable_mosfet)
    dma_channel_enable                       0x080050e9   Thumb Code    10  at32m412_416_dma.o(.text.dma_channel_enable)
    dma_data_number_get                      0x080050f5   Thumb Code     6  at32m412_416_dma.o(.text.dma_data_number_get)
    dma_data_number_set                      0x080050fd   Thumb Code     4  at32m412_416_dma.o(.text.dma_data_number_set)
    dma_default_para_init                    0x08005101   Thumb Code    14  at32m412_416_dma.o(.text.dma_default_para_init)
    dma_flexible_config                      0x08005111   Thumb Code    22  at32m412_416_dma.o(.text.dma_flexible_config)
    dma_init                                 0x08005129   Thumb Code   126  at32m412_416_dma.o(.text.dma_init)
    dma_interrupt_enable                     0x080051a9   Thumb Code    16  at32m412_416_dma.o(.text.dma_interrupt_enable)
    dma_reset                                0x080051b9   Thumb Code    66  at32m412_416_dma.o(.text.dma_reset)
    dma_uart_configuration                   0x080051fd   Thumb Code   192  mc_comm_uart.o(.text.dma_uart_configuration)
    dmamux_enable                            0x080052bd   Thumb Code    14  at32m412_416_dma.o(.text.dmamux_enable)
    dmamux_generator_config                  0x080052cd   Thumb Code    70  at32m412_416_dma.o(.text.dmamux_generator_config)
    dmamux_generator_default_para_init       0x08005315   Thumb Code    10  at32m412_416_dma.o(.text.dmamux_generator_default_para_init)
    dmamux_init                              0x08005321   Thumb Code    10  at32m412_416_dma.o(.text.dmamux_init)
    external_input_handler                   0x0800532d   Thumb Code   162  motor_control_bldc.o(.text.external_input_handler)
    flash_lock                               0x080053d1   Thumb Code    18  at32m412_416_flash.o(.text.flash_lock)
    flash_sector_erase                       0x080053e5   Thumb Code   130  at32m412_416_flash.o(.text.flash_sector_erase)
    flash_unlock                             0x08005469   Thumb Code    30  at32m412_416_flash.o(.text.flash_unlock)
    flash_word_program                       0x08005489   Thumb Code   122  at32m412_416_flash.o(.text.flash_word_program)
    flash_write_int                          0x08005505   Thumb Code   268  user_interface_bldc.o(.text.flash_write_int)
    get_fw_id                                0x08005611   Thumb Code    12  motor_control_bldc.o(.text.get_fw_id)
    get_int_vref_cal_ratio                   0x0800561d   Thumb Code   392  mc_hwio.o(.text.get_int_vref_cal_ratio)
    gpio_bits_write                          0x080057a5   Thumb Code    12  at32m412_416_gpio.o(.text.gpio_bits_write)
    gpio_default_para_init                   0x080057b1   Thumb Code    14  at32m412_416_gpio.o(.text.gpio_default_para_init)
    gpio_init                                0x080057c1   Thumb Code   122  at32m412_416_gpio.o(.text.gpio_init)
    gpio_output_init                         0x0800583d   Thumb Code   202  mc_hwio.o(.text.gpio_output_init)
    gpio_pin_mux_config                      0x08005909   Thumb Code    40  at32m412_416_gpio.o(.text.gpio_pin_mux_config)
    hall_to_tmr_register_setting             0x08005931   Thumb Code   352  motor_control_bldc.o(.text.hall_to_tmr_register_setting)
    led_blink                                0x08005a91   Thumb Code    60  mc_hwio.o(.text.led_blink)
    led_init                                 0x08005acd   Thumb Code    86  mc_hwio.o(.text.led_init)
    led_off                                  0x08005b25   Thumb Code     4  mc_hwio.o(.text.led_off)
    led_on                                   0x08005b29   Thumb Code     4  mc_hwio.o(.text.led_on)
    led_toggle                               0x08005b2d   Thumb Code     8  mc_hwio.o(.text.led_toggle)
    lowpass_filter_init                      0x08005b39   Thumb Code   120  mc_math.o(.text.lowpass_filter_init)
    lowpass_filtering                        0x08005bc1   Thumb Code    64  mc_math.o(.text.lowpass_filtering)
    main                                     0x08005c01   Thumb Code   310  main.o(.text.main)
    mc_delay_init                            0x08005d39   Thumb Code    54  mc_delay.o(.text.mc_delay_init)
    mc_delay_ms                              0x08005d71   Thumb Code    36  mc_delay.o(.text.mc_delay_ms)
    mc_param_init                            0x08005d95   Thumb Code   630  mc_bldc_kernal.o(.text.mc_param_init)
    motor_ccw_init                           0x0800600d   Thumb Code   192  motor_control_bldc.o(.text.motor_ccw_init)
    motor_cw_init                            0x080060cd   Thumb Code   166  motor_control_bldc.o(.text.motor_cw_init)
    moving_average                           0x08006175   Thumb Code    36  mc_math.o(.text.moving_average)
    moving_average_update                    0x08006199   Thumb Code    76  mc_math.o(.text.moving_average_update)
    normal_state_led_blink                   0x080061e5   Thumb Code    54  motor_control_bldc.o(.text.normal_state_led_blink)
    nvic_config                              0x0800621d   Thumb Code    84  mc_hwio.o(.text.nvic_config)
    nvic_irq_enable                          0x08006271   Thumb Code   118  at32m412_416_misc.o(.text.nvic_irq_enable)
    nvic_priority_group_config               0x080062e9   Thumb Code    32  at32m412_416_misc.o(.text.nvic_priority_group_config)
    ocp_cmp_config                           0x08006309   Thumb Code   150  mc_hwio.o(.text.ocp_cmp_config)
    op_calibration_select                    0x080063a1   Thumb Code    18  at32m412_416_op.o(.text.op_calibration_select)
    op_calout_status_get                     0x080063b5   Thumb Code     8  at32m412_416_op.o(.text.op_calout_status_get)
    op_enable                                0x080063bd   Thumb Code    10  at32m412_416_op.o(.text.op_enable)
    op_internal_output_select                0x080063c9   Thumb Code    18  at32m412_416_op.o(.text.op_internal_output_select)
    op_set_functional_mode                   0x080063dd   Thumb Code    38  at32m412_416_op.o(.text.op_set_functional_mode)
    op_set_highspeed_mode_enable             0x08006405   Thumb Code    18  at32m412_416_op.o(.text.op_set_highspeed_mode_enable)
    op_set_input_inverting                   0x08006419   Thumb Code    18  at32m412_416_op.o(.text.op_set_input_inverting)
    op_set_input_non_inverting               0x0800642d   Thumb Code    18  at32m412_416_op.o(.text.op_set_input_non_inverting)
    op_set_mode                              0x08006441   Thumb Code    18  at32m412_416_op.o(.text.op_set_mode)
    op_set_triming_value                     0x08006455   Thumb Code    42  at32m412_416_op.o(.text.op_set_triming_value)
    op_set_trimming_mode                     0x08006481   Thumb Code    18  at32m412_416_op.o(.text.op_set_trimming_mode)
    opa_calibration                          0x08006495   Thumb Code   136  mc_hwio.o(.text.opa_calibration)
    opa_init                                 0x0800651d   Thumb Code   170  mc_hwio.o(.text.opa_init)
    open_loop_cmd_ramp                       0x080065c9   Thumb Code    98  motor_control_bldc.o(.text.open_loop_cmd_ramp)
    param_clear                              0x08006631   Thumb Code   312  motor_control_bldc.o(.text.param_clear)
    param_init                               0x08006779   Thumb Code    98  motor_control_bldc.o(.text.param_init)
    pid_controller_static_clamp              0x080067dd   Thumb Code   108  mc_pid_controller.o(.text.pid_controller_static_clamp)
    pid_set_ki                               0x08006849   Thumb Code     4  mc_pid_controller.o(.text.pid_set_ki)
    pid_set_kp                               0x0800684d   Thumb Code     4  mc_pid_controller.o(.text.pid_set_kp)
    pull_up_config                           0x08006851   Thumb Code    60  mc_hwio.o(.text.pull_up_config)
    pwm_duty_update                          0x0800688d   Thumb Code    34  motor_control_bldc.o(.text.pwm_duty_update)
    rdy_to_close_loop_param                  0x080068b1   Thumb Code   100  mc_bldc_sensorless.o(.text.rdy_to_close_loop_param)
    readCurrentPidFromFlash                  0x08006915   Thumb Code    68  mc_pid_controller.o(.text.readCurrentPidFromFlash)
    readSpeedVoltPidFromFlash                0x08006959   Thumb Code    64  mc_pid_controller.o(.text.readSpeedVoltPidFromFlash)
    remap_exint_clock_enable_config          0x08006999   Thumb Code    12  motor_control_bldc.o(.text.remap_exint_clock_enable_config)
    reset_ma_buffer                          0x080069a5   Thumb Code    10  mc_math.o(.text.reset_ma_buffer)
    set_current_pid_param                    0x080069b1   Thumb Code    32  mc_pid_controller.o(.text.set_current_pid_param)
    set_next_detect_hall_state               0x080069d1   Thumb Code    96  mc_bldc_sensorless.o(.text.set_next_detect_hall_state)
    set_starting_volt                        0x08006a31   Thumb Code    48  mc_bldc_sensorless.o(.text.set_starting_volt)
    start_bldc                               0x08006a61   Thumb Code   232  mc_bldc.o(.text.start_bldc)
    start_up_config                          0x08006b49   Thumb Code   114  mc_bldc_sensorless.o(.text.start_up_config)
    system_clock_config                      0x08006bbd   Thumb Code   154  at32m412_416_clock.o(.text.system_clock_config)
    system_core_clock_update                 0x08006c59   Thumb Code   172  system_at32m412_416.o(.text.system_core_clock_update)
    systick_clock_source_config              0x08006d1d   Thumb Code    24  at32m412_416_misc.o(.text.systick_clock_source_config)
    systick_init                             0x08006d35   Thumb Code    68  mc_delay.o(.text.systick_init)
    tmr_base_init                            0x08006d79   Thumb Code    14  at32m412_416_tmr.o(.text.tmr_base_init)
    tmr_blank_init                           0x08006d89   Thumb Code   228  mc_hwio.o(.text.tmr_blank_init)
    tmr_blank_trigger_init                   0x08006e6d   Thumb Code   272  mc_hwio.o(.text.tmr_blank_trigger_init)
    tmr_brk_filter_value_set                 0x08006f7d   Thumb Code    18  at32m412_416_tmr.o(.text.tmr_brk_filter_value_set)
    tmr_brk_input_config                     0x08006f91   Thumb Code   134  at32m412_416_tmr.o(.text.tmr_brk_input_config)
    tmr_brkdt_config                         0x08007019   Thumb Code   122  at32m412_416_tmr.o(.text.tmr_brkdt_config)
    tmr_brkdt_default_para_init              0x08007095   Thumb Code    10  at32m412_416_tmr.o(.text.tmr_brkdt_default_para_init)
    tmr_channel_buffer_enable                0x080070a1   Thumb Code    10  at32m412_416_tmr.o(.text.tmr_channel_buffer_enable)
    tmr_channel_dma_select                   0x080070ad   Thumb Code    18  at32m412_416_tmr.o(.text.tmr_channel_dma_select)
    tmr_channel_value_set                    0x080070c1   Thumb Code    78  at32m412_416_tmr.o(.text.tmr_channel_value_set)
    tmr_clock_source_div_set                 0x08007111   Thumb Code    18  at32m412_416_tmr.o(.text.tmr_clock_source_div_set)
    tmr_cnt_dir_set                          0x08007125   Thumb Code    18  at32m412_416_tmr.o(.text.tmr_cnt_dir_set)
    tmr_comp_capture_init                    0x08007139   Thumb Code   110  mc_hwio.o(.text.tmr_comp_capture_init)
    tmr_counter_enable                       0x080071a9   Thumb Code    10  at32m412_416_tmr.o(.text.tmr_counter_enable)
    tmr_counter_value_set                    0x080071b5   Thumb Code     4  at32m412_416_tmr.o(.text.tmr_counter_value_set)
    tmr_dma_request_enable                   0x080071b9   Thumb Code    26  at32m412_416_tmr.o(.text.tmr_dma_request_enable)
    tmr_event_sw_trigger                     0x080071d5   Thumb Code     8  at32m412_416_tmr.o(.text.tmr_event_sw_trigger)
    tmr_flag_clear                           0x080071dd   Thumb Code     6  at32m412_416_tmr.o(.text.tmr_flag_clear)
    tmr_flag_get                             0x080071e5   Thumb Code    10  at32m412_416_tmr.o(.text.tmr_flag_get)
    tmr_hall_select                          0x080071f1   Thumb Code    18  at32m412_416_tmr.o(.text.tmr_hall_select)
    tmr_input_ch_select                      0x08007205   Thumb Code     8  at32m412_416_tmr.o(.text.tmr_input_ch_select)
    tmr_input_channel_init                   0x0800720d   Thumb Code   448  at32m412_416_tmr.o(.text.tmr_input_channel_init)
    tmr_interrupt_enable                     0x080073cd   Thumb Code    26  at32m412_416_tmr.o(.text.tmr_interrupt_enable)
    tmr_one_cycle_mode_enable                0x080073e9   Thumb Code    18  at32m412_416_tmr.o(.text.tmr_one_cycle_mode_enable)
    tmr_output_channel_buffer_enable         0x080073fd   Thumb Code   126  at32m412_416_tmr.o(.text.tmr_output_channel_buffer_enable)
    tmr_output_channel_config                0x0800747d   Thumb Code   702  at32m412_416_tmr.o(.text.tmr_output_channel_config)
    tmr_output_default_para_init             0x0800773d   Thumb Code    10  at32m412_416_tmr.o(.text.tmr_output_default_para_init)
    tmr_output_enable                        0x08007749   Thumb Code    18  at32m412_416_tmr.o(.text.tmr_output_enable)
    tmr_period_buffer_enable                 0x0800775d   Thumb Code    18  at32m412_416_tmr.o(.text.tmr_period_buffer_enable)
    tmr_primary_mode_select                  0x08007771   Thumb Code    18  at32m412_416_tmr.o(.text.tmr_primary_mode_select)
    tmr_pwm_init                             0x08007785   Thumb Code   674  mc_hwio.o(.text.tmr_pwm_init)
    tmr_repetition_counter_set               0x08007a29   Thumb Code    68  at32m412_416_tmr.o(.text.tmr_repetition_counter_set)
    tmr_sensorless_change_phase_init         0x08007a6d   Thumb Code    72  mc_hwio.o(.text.tmr_sensorless_change_phase_init)
    tmr_sub_mode_select                      0x08007ab5   Thumb Code    26  at32m412_416_tmr.o(.text.tmr_sub_mode_select)
    tmr_sub_sync_mode_set                    0x08007ad1   Thumb Code    18  at32m412_416_tmr.o(.text.tmr_sub_sync_mode_set)
    tmr_trigger_input_select                 0x08007ae5   Thumb Code    18  at32m412_416_tmr.o(.text.tmr_trigger_input_select)
    uart_init                                0x08007af9   Thumb Code   178  mc_hwio.o(.text.uart_init)
    uart_rx_init                             0x08007bad   Thumb Code    80  mc_comm_uart.o(.text.uart_rx_init)
    ui_rx_receive_handler                    0x08007bfd   Thumb Code   264  user_interface_bldc.o(.text.ui_rx_receive_handler)
    ui_save_monitor_data                     0x08007d05   Thumb Code   210  user_interface_bldc.o(.text.ui_save_monitor_data)
    usart_dma_receiver_enable                0x08007dd9   Thumb Code    18  at32m412_416_usart.o(.text.usart_dma_receiver_enable)
    usart_dma_transmitter_enable             0x08007ded   Thumb Code    18  at32m412_416_usart.o(.text.usart_dma_transmitter_enable)
    usart_enable                             0x08007e01   Thumb Code    18  at32m412_416_usart.o(.text.usart_enable)
    usart_flag_clear                         0x08007e15   Thumb Code    44  at32m412_416_usart.o(.text.usart_flag_clear)
    usart_flag_get                           0x08007e41   Thumb Code    10  at32m412_416_usart.o(.text.usart_flag_get)
    usart_init                               0x08007e4d   Thumb Code   160  at32m412_416_usart.o(.text.usart_init)
    usart_interrupt_enable                   0x08007eed   Thumb Code    32  at32m412_416_usart.o(.text.usart_interrupt_enable)
    usart_receiver_enable                    0x08007f0d   Thumb Code    18  at32m412_416_usart.o(.text.usart_receiver_enable)
    usart_transmitter_enable                 0x08007f21   Thumb Code    18  at32m412_416_usart.o(.text.usart_transmitter_enable)
    write_flash_cmd                          0x08007f35   Thumb Code   520  user_interface_bldc.o(.text.write_flash_cmd)
    __hardfp_log                             0x08008141   Thumb Code   872  log.o(i.__hardfp_log)
    __hardfp_log2                            0x08008509   Thumb Code   220  log2.o(i.__hardfp_log2)
    __hardfp_round                           0x08008609   Thumb Code   194  round.o(i.__hardfp_round)
    __kernel_poly                            0x080086e9   Thumb Code   248  poly.o(i.__kernel_poly)
    __mathlib_dbl_divzero                    0x080087e1   Thumb Code    28  dunder.o(i.__mathlib_dbl_divzero)
    __mathlib_dbl_infnan                     0x08008811   Thumb Code    20  dunder.o(i.__mathlib_dbl_infnan)
    __mathlib_dbl_invalid                    0x08008829   Thumb Code    24  dunder.o(i.__mathlib_dbl_invalid)
    __scatterload_copy                       0x08008849   Thumb Code    14  handlers.o(i.__scatterload_copy)
    __scatterload_null                       0x08008857   Thumb Code     2  handlers.o(i.__scatterload_null)
    __scatterload_zeroinit                   0x08008859   Thumb Code    14  handlers.o(i.__scatterload_zeroinit)
    __set_errno                              0x08008869   Thumb Code     6  errno.o(i.__set_errno)
    frexp                                    0x08008879   Thumb Code   118  frexp.o(i.frexp)
    log                                      0x08008905   Thumb Code    16  log.o(i.log)
    malloc                                   0x08008915   Thumb Code    92  malloc.o(i.malloc)
    __mathlib_zero                           0x080089b8   Data           8  qnan.o(.constdata)
    emf_detect_cmp_channel                   0x080089c8   Data           7  mc_bldc_globals.o(.rodata.emf_detect_cmp_channel)
    emf_detect_cmp_polarity                  0x080089cf   Data           7  mc_bldc_globals.o(.rodata.emf_detect_cmp_polarity)
    output_hall_state                        0x080089d6   Data          28  mc_bldc_globals.o(.rodata.output_hall_state)
    pwm_pattern                              0x080089f2   Data          28  mc_bldc_globals.o(.rodata.pwm_pattern)
    s_fwVer                                  0x08008a0e   Data          32  mc_bldc_globals.o(.rodata.s_fwVer)
    Region$$Table$$Base                      0x08008a30   Number         0  anon$$obj.o(Region$$Table)
    Region$$Table$$Limit                     0x08008a50   Number         0  anon$$obj.o(Region$$Table)
    intCoeffs32                              0x0801fc00   Data         800  mc_flash_data_table_bldc.o(.ARM.__at_0x0801FC00)
    floatCoeffs32                            0x0801ff20   Data         224  mc_flash_data_table_bldc.o(.ARM.__at_0x0801FF20)
    __microlib_freelist                      0x20000000   Data           4  mvars.o(.data)
    __microlib_freelist_initialised          0x20000004   Data           4  mvars.o(.data)
    I_auto_tune                              0x20000010   Data          72  mc_bldc_globals.o(.data.I_auto_tune)
    adc_sample                               0x20000058   Data          64  mc_bldc_globals.o(.data.adc_sample)
    blank                                    0x20000098   Data          12  mc_bldc_globals.o(.data.blank)
    blank_trigger                            0x200000a4   Data           8  mc_bldc_globals.o(.data.blank_trigger)
    buffer_index                             0x200000ac   Data           2  mc_bldc_globals.o(.data.buffer_index)
    current                                  0x200000b0   Data         104  mc_bldc_globals.o(.data.current)
    current_LPF                              0x20000118   Data          32  mc_bldc_globals.o(.data.current_LPF)
    error_code_mask                          0x20000138   Data           2  mc_bldc_globals.o(.data.error_code_mask)
    esc_state_old                            0x2000013a   Data           1  mc_bldc_globals.o(.data.esc_state_old)
    hall                                     0x2000013c   Data          56  mc_bldc_globals.o(.data.hall)
    hall_learn                               0x20000174   Data          72  mc_bldc_globals.o(.data.hall_learn)
    motor_param_ident                        0x200001c0   Data          72  mc_bldc_globals.o(.data.motor_param_ident)
    next_hall_state                          0x20000208   Data          28  mc_bldc_globals.o(.data.next_hall_state)
    pid_spd_volt                             0x20000224   Data          48  mc_bldc_globals.o(.data.pid_spd_volt)
    pwm_pr                                   0x20000254   Data           2  mc_bldc_globals.o(.data.pwm_pr)
    spd_last_cval                            0x20000258   Data           4  mc_bldc_globals.o(.data.spd_last_cval)
    speed_LPF                                0x20000260   Data          32  mc_bldc_globals.o(.data.speed_LPF)
    sync_frame                               0x20000280   Data          10  mc_comm_uart.o(.data.sync_frame)
    system_core_clock                        0x2000028c   Data           4  system_at32m412_416.o(.data.system_core_clock)
    tmr_pwm_channel_mode                     0x20000290   Data          56  mc_bldc_globals.o(.data.tmr_pwm_channel_mode)
    tmr_pwm_output_mode                      0x200002c8   Data          28  mc_bldc_globals.o(.data.tmr_pwm_output_mode)
    ui_receive_cmd_index                     0x200002e4   Data           1  mc_bldc_globals.o(.data.ui_receive_cmd_index)
    ui_usart                                 0x200002e8   Data          48  mc_bldc_globals.o(.data.ui_usart)
    vdc_ratio                                0x20000318   Data           2  mc_bldc_globals.o(.data.vdc_ratio)
    EMF_switch_sample_position               0x20000320   Data           1  mc_bldc_globals.o(.bss.EMF_switch_sample_position)
    I_tune_count                             0x20000322   Data           2  mc_bldc_globals.o(.bss.I_tune_count)
    MonitorRegID_1                           0x20000324   Data           1  user_interface_bldc.o(.bss.MonitorRegID_1)
    MonitorRegID_2                           0x20000325   Data           1  user_interface_bldc.o(.bss.MonitorRegID_2)
    adc_in_tab                               0x2000032a   Data           6  mc_hwio.o(.bss.adc_in_tab)
    bldc_rdy                                 0x20000330   Data           1  mc_bldc_globals.o(.bss.bldc_rdy)
    calc_spd_rdy                             0x20000331   Data           1  mc_bldc_globals.o(.bss.calc_spd_rdy)
    change_phase_flag                        0x20000332   Data           1  mc_bldc_globals.o(.bss.change_phase_flag)
    closeloop_rdy                            0x20000333   Data           1  mc_bldc_globals.o(.bss.closeloop_rdy)
    cmd_response_rdy                         0x20000334   Data           1  mc_bldc_globals.o(.bss.cmd_response_rdy)
    cmp_init_struct                          0x20000335   Data           5  mc_bldc_globals.o(.bss.cmp_init_struct)
    const_current_ctrl                       0x2000033a   Data           1  mc_bldc_globals.o(.bss.const_current_ctrl)
    crm_clocks_freq_struct                   0x2000033c   Data          16  main.o(.bss.crm_clocks_freq_struct)
    ctrl_mode                                0x2000034c   Data           1  mc_bldc_globals.o(.bss.ctrl_mode)
    ctrl_source                              0x2000034d   Data           1  mc_bldc_globals.o(.bss.ctrl_source)
    curr_offset_rdy                          0x2000034e   Data           1  mc_bldc_globals.o(.bss.curr_offset_rdy)
    current_loop_ctrl                        0x2000034f   Data           1  mc_bldc_globals.o(.bss.current_loop_ctrl)
    current_tune_step_period                 0x20000358   Data           2  mc_bldc_globals.o(.bss.current_tune_step_period)
    current_tune_target_current              0x2000035a   Data           2  mc_bldc_globals.o(.bss.current_tune_target_current)
    current_tune_total_period                0x2000035c   Data           2  mc_bldc_globals.o(.bss.current_tune_total_period)
    detect_zcp_flag                          0x2000035e   Data           1  mc_isr.o(.bss.detect_zcp_flag)
    emf_adc_val                              0x20000360   Data           6  mc_isr.o(.bss.emf_adc_val)
    emf_avoid_noise_counter                  0x20000366   Data           2  mc_bldc_globals.o(.bss.emf_avoid_noise_counter)
    error_code                               0x20000368   Data           2  mc_bldc_globals.o(.bss.error_code)
    esc_state                                0x2000036a   Data           1  mc_bldc_globals.o(.bss.esc_state)
    extra_data_buffer                        0x2000036b   Data          36  mc_bldc_globals.o(.bss.extra_data_buffer)
    firmware_id                              0x20000398   Data           1  mc_bldc_globals.o(.bss.firmware_id)
    flash_buf_int                            0x2000039c   Data        1024  user_interface_bldc.o(.bss.flash_buf_int)
    hall_learn_state_table                   0x2000079c   Data          12  mc_bldc_globals.o(.bss.hall_learn_state_table)
    i32_speed_filterd                        0x200007a8   Data           4  mc_bldc_globals.o(.bss.i32_speed_filterd)
    iMosTemperature                          0x200007ac   Data           2  mc_bldc_globals.o(.bss.iMosTemperature)
    ibus_filterd                             0x200007ae   Data           2  mc_bldc_globals.o(.bss.ibus_filterd)
    intCoeffs32_p                            0x200007b0   Data           4  mc_bldc_globals.o(.bss.intCoeffs32_p)
    interval_moving_average_fliter           0x200007b4   Data           4  mc_bldc_globals.o(.bss.interval_moving_average_fliter)
    max_current_pu                           0x200007b8   Data           2  mc_bldc_globals.o(.bss.max_current_pu)
    min_current_pu                           0x200007ba   Data           2  mc_bldc_globals.o(.bss.min_current_pu)
    monitor_data                             0x200007bc   Data           8  mc_bldc_globals.o(.bss.monitor_data)
    monitor_data_buffer                      0x200007c4   Data        1116  mc_bldc_globals.o(.bss.monitor_data_buffer)
    monitor_data_buffer_num                  0x20000c20   Data           1  mc_bldc_globals.o(.bss.monitor_data_buffer_num)
    openloop                                 0x20000c22   Data          22  mc_bldc_globals.o(.bss.openloop)
    param_initial_rdy                        0x20000c38   Data           1  mc_bldc_globals.o(.bss.param_initial_rdy)
    pid_is                                   0x20000c3c   Data          48  mc_bldc_globals.o(.bss.pid_is)
    pid_spd                                  0x20000c6c   Data          48  mc_bldc_globals.o(.bss.pid_spd)
    pwm_comp_value                           0x20000c9c   Data           2  mc_bldc_globals.o(.bss.pwm_comp_value)
    ramp_cnt                                 0x20000c9e   Data           2  motor_control_bldc.o(.bss.ramp_cnt)
    rotor_speed                              0x20000ca0   Data          24  mc_bldc_globals.o(.bss.rotor_speed)
    rx_data_command                          0x20000cb8   Data          13  mc_bldc_globals.o(.bss.rx_data_command)
    save_param_buffer                        0x20000cc8   Data        1024  mc_bldc_globals.o(.bss.save_param_buffer)
    sense_hall_steps                         0x200010c8   Data           2  mc_bldc_globals.o(.bss.sense_hall_steps)
    sp_value                                 0x200010ca   Data           2  mc_bldc_globals.o(.bss.sp_value)
    spd_cval                                 0x200010cc   Data           4  mc_bldc_globals.o(.bss.spd_cval)
    spd_total_cval                           0x200010d0   Data           4  mc_bldc_globals.o(.bss.spd_total_cval)
    speed_ramp                               0x200010d4   Data          12  mc_bldc_globals.o(.bss.speed_ramp)
    start_current_cmd                        0x200010e0   Data           2  mc_bldc_globals.o(.bss.start_current_cmd)
    start_period                             0x200010e2   Data           2  mc_bldc_globals.o(.bss.start_period)
    start_state                              0x200010e4   Data           1  mc_bldc_globals.o(.bss.start_state)
    start_stop_btn_flag                      0x200010e5   Data           1  mc_bldc_globals.o(.bss.start_stop_btn_flag)
    start_volt_cmd                           0x200010e6   Data           2  mc_bldc_globals.o(.bss.start_volt_cmd)
    sys_counter                              0x200010e8   Data           2  mc_bldc_globals.o(.bss.sys_counter)
    tx_data_response                         0x200010ea   Data          40  mc_bldc_globals.o(.bss.tx_data_response)
    ui_wave_param                            0x20001112   Data          20  mc_bldc_globals.o(.bss.ui_wave_param)
    usart_data_idx                           0x20001126   Data           6  mc_bldc_globals.o(.bss.usart_data_idx)
    usart_rx_buffer                          0x2000112c   Data          12  mc_comm_uart.o(.bss.usart_rx_buffer)
    volt_cmd                                 0x20001138   Data           2  mc_bldc_globals.o(.bss.volt_cmd)
    zcp_highspd_fall                         0x2000113a   Data           2  mc_bldc_globals.o(.bss.zcp_highspd_fall)
    zcp_highspd_rise                         0x2000113c   Data           2  mc_bldc_globals.o(.bss.zcp_highspd_rise)
    zcp_lowspd_fall                          0x2000113e   Data           2  mc_bldc_globals.o(.bss.zcp_lowspd_fall)
    zcp_lowspd_rise                          0x20001140   Data           2  mc_bldc_globals.o(.bss.zcp_lowspd_rise)
    __heap_base                              0x20001148   Data           0  startup_at32m412_416.o(HEAP)
    __heap_limit                             0x20001348   Data           0  startup_at32m412_416.o(HEAP)
    __initial_sp                             0x20001748   Data           0  startup_at32m412_416.o(STACK)



==============================================================================

Memory Map of the image

  Image Entry point : 0x080001bd

  Load Region LR_IROM1 (Base: 0x08000000, Size: 0x00008d70, Max: 0x0001fc00, ABSOLUTE, COMPRESSED[0x00008b80])

    Execution Region ER_IROM1 (Exec base: 0x08000000, Load base: 0x08000000, Size: 0x00008a50, Max: 0x0001fc00, ABSOLUTE)

    Exec Addr    Load Addr    Size         Type   Attr      Idx    E Section Name        Object

    0x08000000   0x08000000   0x000001bc   Data   RO         1443    RESET               startup_at32m412_416.o
    0x080001bc   0x080001bc   0x00000000   Code   RO         1935  * .ARM.Collect$$$$00000000  mc_w.l(entry.o)
    0x080001bc   0x080001bc   0x00000004   Code   RO         2280    .ARM.Collect$$$$00000001  mc_w.l(entry2.o)
    0x080001c0   0x080001c0   0x00000004   Code   RO         2283    .ARM.Collect$$$$00000004  mc_w.l(entry5.o)
    0x080001c4   0x080001c4   0x00000000   Code   RO         2285    .ARM.Collect$$$$00000008  mc_w.l(entry7b.o)
    0x080001c4   0x080001c4   0x00000000   Code   RO         2287    .ARM.Collect$$$$0000000A  mc_w.l(entry8b.o)
    0x080001c4   0x080001c4   0x00000008   Code   RO         2288    .ARM.Collect$$$$0000000B  mc_w.l(entry9a.o)
    0x080001cc   0x080001cc   0x00000000   Code   RO         2290    .ARM.Collect$$$$0000000D  mc_w.l(entry10a.o)
    0x080001cc   0x080001cc   0x00000000   Code   RO         2292    .ARM.Collect$$$$0000000F  mc_w.l(entry11a.o)
    0x080001cc   0x080001cc   0x00000004   Code   RO         2281    .ARM.Collect$$$$00002712  mc_w.l(entry2.o)
    0x080001d0   0x080001d0   0x00000024   Code   RO         1444    .text               startup_at32m412_416.o
    0x080001f4   0x080001f4   0x00000062   Code   RO         1938    .text               mc_w.l(uldiv.o)
    0x08000256   0x08000256   0x00000024   Code   RO         1940    .text               mc_w.l(memcpya.o)
    0x0800027a   0x0800027a   0x00000024   Code   RO         1942    .text               mc_w.l(memseta.o)
    0x0800029e   0x0800029e   0x0000001c   Code   RO         2235    .text               mc_w.l(calloc.o)
    0x080002ba   0x080002ba   0x0000014e   Code   RO         2237    .text               mf_w.l(dadd.o)
    0x08000408   0x08000408   0x000000e4   Code   RO         2239    .text               mf_w.l(dmul.o)
    0x080004ec   0x080004ec   0x000000de   Code   RO         2241    .text               mf_w.l(ddiv.o)
    0x080005ca   0x080005ca   0x00000022   Code   RO         2247    .text               mf_w.l(dflti.o)
    0x080005ec   0x080005ec   0x0000001a   Code   RO         2249    .text               mf_w.l(dfltui.o)
    0x08000606   0x08000606   0x0000003e   Code   RO         2251    .text               mf_w.l(dfixi.o)
    0x08000644   0x08000644   0x00000026   Code   RO         2253    .text               mf_w.l(f2d.o)
    0x0800066a   0x0800066a   0x00000038   Code   RO         2255    .text               mf_w.l(d2f.o)
    0x080006a2   0x080006a2   0x0000001e   Code   RO         2310    .text               mc_w.l(llshl.o)
    0x080006c0   0x080006c0   0x00000020   Code   RO         2312    .text               mc_w.l(llushr.o)
    0x080006e0   0x080006e0   0x00000024   Code   RO         2314    .text               mc_w.l(llsshr.o)
    0x08000704   0x08000704   0x00000000   Code   RO         2325    .text               mc_w.l(iusefp.o)
    0x08000704   0x08000704   0x0000006e   Code   RO         2326    .text               mf_w.l(fepilogue.o)
    0x08000772   0x08000772   0x000000ba   Code   RO         2328    .text               mf_w.l(depilogue.o)
    0x0800082c   0x0800082c   0x00000088   Code   RO         2334    .text               mf_w.l(drnd.o)
    0x080008b4   0x080008b4   0x00000030   Code   RO         2338    .text               mf_w.l(cdcmple.o)
    0x080008e4   0x080008e4   0x00000030   Code   RO         2340    .text               mf_w.l(cdrcmple.o)
    0x08000914   0x08000914   0x00000030   Code   RO         2342    .text               mc_w.l(init.o)
    0x08000944   0x08000944   0x00000056   Code   RO         2354    .text               mc_w.l(__dczerorl2.o)
    0x0800099a   0x0800099a   0x00000002   PAD
    0x0800099c   0x0800099c   0x000000c8   Code   RO           54    .text.ADC1_2_IRQHandler  mc_isr.o
    0x08000a64   0x08000a64   0x00000002   Code   RO           16    .text.BusFault_Handler  at32m412_416_int.o
    0x08000a66   0x08000a66   0x00000002   PAD
    0x08000a68   0x08000a68   0x00000002   Code   RO           22    .text.DebugMon_Handler  at32m412_416_int.o
    0x08000a6a   0x08000a6a   0x00000002   PAD
    0x08000a6c   0x08000a6c   0x000002ec   Code   RO         1867    .text.ESC_State_Init  mc_bldc_esc_state_sensorless.o
    0x08000d58   0x08000d58   0x00000378   Code   RO         1869    .text.ESC_State_Task  mc_bldc_esc_state_sensorless.o
    0x080010d0   0x080010d0   0x00000002   Code   RO           12    .text.HardFault_Handler  at32m412_416_int.o
    0x080010d2   0x080010d2   0x00000002   PAD
    0x080010d4   0x080010d4   0x00000040   Code   RO         1807    .text.I_offset_init  motor_control_bldc.o
    0x08001114   0x08001114   0x000000b0   Code   RO         1811    .text.I_tune_manual  motor_control_bldc.o
    0x080011c4   0x080011c4   0x00000002   Code   RO           14    .text.MemManage_Handler  at32m412_416_int.o
    0x080011c6   0x080011c6   0x00000002   PAD
    0x080011c8   0x080011c8   0x00000002   Code   RO           10    .text.NMI_Handler   at32m412_416_int.o
    0x080011ca   0x080011ca   0x00000002   PAD
    0x080011cc   0x080011cc   0x00000002   Code   RO           24    .text.PendSV_Handler  at32m412_416_int.o
    0x080011ce   0x080011ce   0x00000002   PAD
    0x080011d0   0x080011d0   0x0000033e   Code   RO         1753    .text.RCP_ExecCmd   user_interface_bldc.o
    0x0800150e   0x0800150e   0x00000002   PAD
    0x08001510   0x08001510   0x00000554   Code   RO         1755    .text.RCP_GetReg    user_interface_bldc.o
    0x08001a64   0x08001a64   0x0000029c   Code   RO         1747    .text.RCP_ReceivedFrameID  user_interface_bldc.o
    0x08001d00   0x08001d00   0x000001c6   Code   RO         1759    .text.RCP_SetMonitorDataAdress  user_interface_bldc.o
    0x08001ec6   0x08001ec6   0x00000002   PAD
    0x08001ec8   0x08001ec8   0x0000105c   Code   RO         1757    .text.RCP_SetReg    user_interface_bldc.o
    0x08002f24   0x08002f24   0x00000002   Code   RO           20    .text.SVC_Handler   at32m412_416_int.o
    0x08002f26   0x08002f26   0x00000002   PAD
    0x08002f28   0x08002f28   0x0000013c   Code   RO           56    .text.SysTick_Handler  mc_isr.o
    0x08003064   0x08003064   0x0000006e   Code   RO         1429    .text.SystemInit    system_at32m412_416.o
    0x080030d2   0x080030d2   0x00000002   PAD
    0x080030d4   0x080030d4   0x00000160   Code   RO         1749    .text.TCP_SendFrame  user_interface_bldc.o
    0x08003234   0x08003234   0x00000040   Code   RO           48    .text.TMR1_BRK_TMR9_IRQHandler  mc_isr.o
    0x08003274   0x08003274   0x00000050   Code   RO           58    .text.TMR1_CH_IRQHandler  mc_isr.o
    0x080032c4   0x080032c4   0x000001a8   Code   RO           46    .text.TMR1_OVF_TMR10_IRQHandler  mc_isr.o
    0x0800346c   0x0800346c   0x000000e0   Code   RO           52    .text.TMR1_TRG_HALL_TMR11_IRQHandler  mc_isr.o
    0x0800354c   0x0800354c   0x00000060   Code   RO           50    .text.TMR3_GLOBAL_IRQHandler  mc_isr.o
    0x080035ac   0x080035ac   0x00000096   Code   RO         1523    .text.USART2_IRQHandler  mc_comm_uart.o
    0x08003642   0x08003642   0x00000002   PAD
    0x08003644   0x08003644   0x00000002   Code   RO           18    .text.UsageFault_Handler  at32m412_416_int.o
    0x08003646   0x08003646   0x00000002   PAD
    0x08003648   0x08003648   0x00000044   Code   RO          139    .text.adc_base_config  at32m412_416_adc.o
    0x0800368c   0x0800368c   0x00000008   Code   RO          137    .text.adc_base_default_para_init  at32m412_416_adc.o
    0x08003694   0x08003694   0x0000000a   Code   RO          153    .text.adc_calibration_init  at32m412_416_adc.o
    0x0800369e   0x0800369e   0x00000002   PAD
    0x080036a0   0x080036a0   0x00000008   Code   RO          155    .text.adc_calibration_init_status_get  at32m412_416_adc.o
    0x080036a8   0x080036a8   0x0000000a   Code   RO          157    .text.adc_calibration_start  at32m412_416_adc.o
    0x080036b2   0x080036b2   0x00000002   PAD
    0x080036b4   0x080036b4   0x00000008   Code   RO          159    .text.adc_calibration_status_get  at32m412_416_adc.o
    0x080036bc   0x080036bc   0x00000080   Code   RO          143    .text.adc_common_config  at32m412_416_adc.o
    0x0800373c   0x0800373c   0x00000008   Code   RO          141    .text.adc_common_default_para_init  at32m412_416_adc.o
    0x08003744   0x08003744   0x00000012   Code   RO          147    .text.adc_dma_mode_enable  at32m412_416_adc.o
    0x08003756   0x08003756   0x00000002   PAD
    0x08003758   0x08003758   0x00000012   Code   RO          149    .text.adc_dma_request_repeat_enable  at32m412_416_adc.o
    0x0800376a   0x0800376a   0x00000002   PAD
    0x0800376c   0x0800376c   0x0000000a   Code   RO          135    .text.adc_enable    at32m412_416_adc.o
    0x08003776   0x08003776   0x00000002   PAD
    0x08003778   0x08003778   0x00000006   Code   RO          211    .text.adc_flag_clear  at32m412_416_adc.o
    0x0800377e   0x0800377e   0x00000002   PAD
    0x08003780   0x08003780   0x0000000a   Code   RO          207    .text.adc_flag_get  at32m412_416_adc.o
    0x0800378a   0x0800378a   0x00000002   PAD
    0x0800378c   0x0800378c   0x0000001a   Code   RO          151    .text.adc_interrupt_enable  at32m412_416_adc.o
    0x080037a6   0x080037a6   0x00000002   PAD
    0x080037a8   0x080037a8   0x000002c2   Code   RO          167    .text.adc_ordinary_channel_set  at32m412_416_adc.o
    0x08003a6a   0x08003a6a   0x00000002   PAD
    0x08003a6c   0x08003a6c   0x0000019a   Code   RO           86    .text.adc_ordinary_config  mc_hwio.o
    0x08003c06   0x08003c06   0x00000002   PAD
    0x08003c08   0x08003c08   0x00000038   Code   RO          173    .text.adc_ordinary_conversion_trigger_set  at32m412_416_adc.o
    0x08003c40   0x08003c40   0x00000012   Code   RO          193    .text.adc_ordinary_software_trigger_enable  at32m412_416_adc.o
    0x08003c52   0x08003c52   0x00000002   PAD
    0x08003c54   0x08003c54   0x00000014   Code   RO          169    .text.adc_preempt_channel_length_set  at32m412_416_adc.o
    0x08003c68   0x08003c68   0x0000024c   Code   RO          171    .text.adc_preempt_channel_set  at32m412_416_adc.o
    0x08003eb4   0x08003eb4   0x00000172   Code   RO           88    .text.adc_preempt_config  mc_hwio.o
    0x08004026   0x08004026   0x00000002   PAD
    0x08004028   0x08004028   0x00000014   Code   RO          205    .text.adc_preempt_conversion_data_get  at32m412_416_adc.o
    0x0800403c   0x0800403c   0x00000038   Code   RO          175    .text.adc_preempt_conversion_trigger_set  at32m412_416_adc.o
    0x08004074   0x08004074   0x00000012   Code   RO          183    .text.adc_preempt_part_mode_enable  at32m412_416_adc.o
    0x08004086   0x08004086   0x00000002   PAD
    0x08004088   0x08004088   0x0000001a   Code   RO          197    .text.adc_preempt_software_trigger_enable  at32m412_416_adc.o
    0x080040a2   0x080040a2   0x00000002   PAD
    0x080040a4   0x080040a4   0x00000012   Code   RO          145    .text.adc_resolution_set  at32m412_416_adc.o
    0x080040b6   0x080040b6   0x00000002   PAD
    0x080040b8   0x080040b8   0x00000020   Code   RO          161    .text.adc_voltage_monitor_enable  at32m412_416_adc.o
    0x080040d8   0x080040d8   0x0000001c   Code   RO          163    .text.adc_voltage_monitor_threshold_value_set  at32m412_416_adc.o
    0x080040f4   0x080040f4   0x00000040   Code   RO         1717    .text.angle_init_func  mc_bldc_sensorless.o
    0x08004134   0x08004134   0x0000009c   Code   RO         1715    .text.bldc_detectEMF_param_init  mc_bldc_sensorless.o
    0x080041d0   0x080041d0   0x000000fa   Code   RO         1505    .text.bldc_open_loop_ctrl  mc_bldc.o
    0x080042ca   0x080042ca   0x00000002   PAD
    0x080042cc   0x080042cc   0x00000052   Code   RO         1499    .text.bldc_output_config  mc_bldc.o
    0x0800431e   0x0800431e   0x00000002   PAD
    0x08004320   0x08004320   0x0000013a   Code   RO         1727    .text.bldc_sensorless_change_phase  mc_bldc_sensorless.o
    0x0800445a   0x0800445a   0x00000002   PAD
    0x0800445c   0x0800445c   0x0000010c   Code   RO          118    .text.bldc_sensorless_detectEMF_config  mc_hwio.o
    0x08004568   0x08004568   0x00000014   Code   RO         1797    .text.calcValueByVref  motor_control_bldc.o
    0x0800457c   0x0800457c   0x00000080   Code   RO         1885    .text.calc_adc_sample_point  mc_bldc_kernal.lib(mc_bldc_kernal.o)
    0x080045fc   0x080045fc   0x00000062   Code   RO         1829    .text.calc_motor_speed  motor_control_bldc.o
    0x0800465e   0x0800465e   0x00000002   PAD
    0x08004660   0x08004660   0x000000b0   Code   RO           92    .text.cmp2_config   mc_hwio.o
    0x08004710   0x08004710   0x0000002c   Code   RO          357    .text.cmp_blanking_config  at32m412_416_cmp.o
    0x0800473c   0x0800473c   0x00000008   Code   RO          347    .text.cmp_default_para_init  at32m412_416_cmp.o
    0x08004744   0x08004744   0x00000028   Code   RO          349    .text.cmp_enable    at32m412_416_cmp.o
    0x0800476c   0x0800476c   0x0000005c   Code   RO          355    .text.cmp_filter_config  at32m412_416_cmp.o
    0x080047c8   0x080047c8   0x0000009e   Code   RO          345    .text.cmp_init      at32m412_416_cmp.o
    0x08004866   0x08004866   0x00000002   PAD
    0x08004868   0x08004868   0x0000003c   Code   RO         1551    .text.command_ramp  mc_pid_controller.o
    0x080048a4   0x080048a4   0x0000002e   Code   RO          431    .text.crm_ahb_div_set  at32m412_416_crm.o
    0x080048d2   0x080048d2   0x00000002   PAD
    0x080048d4   0x080048d4   0x0000001a   Code   RO          433    .text.crm_apb1_div_set  at32m412_416_crm.o
    0x080048ee   0x080048ee   0x00000002   PAD
    0x080048f0   0x080048f0   0x0000001a   Code   RO          435    .text.crm_apb2_div_set  at32m412_416_crm.o
    0x0800490a   0x0800490a   0x00000002   PAD
    0x0800490c   0x0800490c   0x0000001a   Code   RO          437    .text.crm_apb3_div_set  at32m412_416_crm.o
    0x08004926   0x08004926   0x00000002   PAD
    0x08004928   0x08004928   0x00000018   Code   RO          403    .text.crm_auto_step_mode_enable  at32m412_416_crm.o
    0x08004940   0x08004940   0x0000007a   Code   RO          423    .text.crm_clock_source_enable  at32m412_416_crm.o
    0x080049ba   0x080049ba   0x00000002   PAD
    0x080049bc   0x080049bc   0x000000e4   Code   RO          465    .text.crm_clocks_freq_get  at32m412_416_crm.o
    0x08004aa0   0x08004aa0   0x0000001a   Code   RO          409    .text.crm_flag_get  at32m412_416_crm.o
    0x08004aba   0x08004aba   0x00000002   PAD
    0x08004abc   0x08004abc   0x00000024   Code   RO          411    .text.crm_hext_stable_wait  at32m412_416_crm.o
    0x08004ae0   0x08004ae0   0x00000028   Code   RO          417    .text.crm_periph_clock_enable  at32m412_416_crm.o
    0x08004b08   0x08004b08   0x0000004c   Code   RO          459    .text.crm_pll_config  at32m412_416_crm.o
    0x08004b54   0x08004b54   0x0000006e   Code   RO          401    .text.crm_reset     at32m412_416_crm.o
    0x08004bc2   0x08004bc2   0x00000002   PAD
    0x08004bc4   0x08004bc4   0x00000026   Code   RO          461    .text.crm_sysclk_switch  at32m412_416_crm.o
    0x08004bea   0x08004bea   0x00000002   PAD
    0x08004bec   0x08004bec   0x00000010   Code   RO          463    .text.crm_sysclk_switch_status_get  at32m412_416_crm.o
    0x08004bfc   0x08004bfc   0x00000004   PAD
    0x08004c00   0x08004c00   0x000001b8   Code   RO         1839    .text.current_auto_tuning  motor_control_bldc.o
    0x08004db8   0x08004db8   0x000000de   Code   RO         1471    .text.current_offset_init  mc_curr_fdbk.o
    0x08004e96   0x08004e96   0x00000002   PAD
    0x08004e98   0x08004e98   0x00000128   Code   RO         1809    .text.current_offset_tmr_setting  motor_control_bldc.o
    0x08004fc0   0x08004fc0   0x0000004a   Code   RO         1477    .text.current_read_bldc  mc_curr_fdbk.o
    0x0800500a   0x0800500a   0x00000002   PAD
    0x0800500c   0x0800500c   0x00000012   Code   RO          500    .text.dac_1_data_set  at32m412_416_dac.o
    0x0800501e   0x0800501e   0x00000002   PAD
    0x08005020   0x08005020   0x0000002e   Code   RO          486    .text.dac_enable    at32m412_416_dac.o
    0x0800504e   0x0800504e   0x00000002   PAD
    0x08005050   0x08005050   0x00000036   Code   RO          514    .text.dac_reference_voltage_select  at32m412_416_dac.o
    0x08005086   0x08005086   0x00000002   PAD
    0x08005088   0x08005088   0x00000018   Code   RO          530    .text.debug_apb1_periph_mode_set  at32m412_416_debug.o
    0x080050a0   0x080050a0   0x00000018   Code   RO          532    .text.debug_apb2_periph_mode_set  at32m412_416_debug.o
    0x080050b8   0x080050b8   0x00000030   Code   RO         1805    .text.disable_mosfet  motor_control_bldc.o
    0x080050e8   0x080050e8   0x0000000a   Code   RO          552    .text.dma_channel_enable  at32m412_416_dma.o
    0x080050f2   0x080050f2   0x00000002   PAD
    0x080050f4   0x080050f4   0x00000006   Code   RO          548    .text.dma_data_number_get  at32m412_416_dma.o
    0x080050fa   0x080050fa   0x00000002   PAD
    0x080050fc   0x080050fc   0x00000004   Code   RO          546    .text.dma_data_number_set  at32m412_416_dma.o
    0x08005100   0x08005100   0x0000000e   Code   RO          560    .text.dma_default_para_init  at32m412_416_dma.o
    0x0800510e   0x0800510e   0x00000002   PAD
    0x08005110   0x08005110   0x00000016   Code   RO          564    .text.dma_flexible_config  at32m412_416_dma.o
    0x08005126   0x08005126   0x00000002   PAD
    0x08005128   0x08005128   0x0000007e   Code   RO          562    .text.dma_init      at32m412_416_dma.o
    0x080051a6   0x080051a6   0x00000002   PAD
    0x080051a8   0x080051a8   0x00000010   Code   RO          550    .text.dma_interrupt_enable  at32m412_416_dma.o
    0x080051b8   0x080051b8   0x00000042   Code   RO          544    .text.dma_reset     at32m412_416_dma.o
    0x080051fa   0x080051fa   0x00000002   PAD
    0x080051fc   0x080051fc   0x000000c0   Code   RO         1519    .text.dma_uart_configuration  mc_comm_uart.o
    0x080052bc   0x080052bc   0x0000000e   Code   RO          566    .text.dmamux_enable  at32m412_416_dma.o
    0x080052ca   0x080052ca   0x00000002   PAD
    0x080052cc   0x080052cc   0x00000046   Code   RO          576    .text.dmamux_generator_config  at32m412_416_dma.o
    0x08005312   0x08005312   0x00000002   PAD
    0x08005314   0x08005314   0x0000000a   Code   RO          574    .text.dmamux_generator_default_para_init  at32m412_416_dma.o
    0x0800531e   0x0800531e   0x00000002   PAD
    0x08005320   0x08005320   0x0000000a   Code   RO          568    .text.dmamux_init   at32m412_416_dma.o
    0x0800532a   0x0800532a   0x00000002   PAD
    0x0800532c   0x0800532c   0x000000a2   Code   RO         1843    .text.external_input_handler  motor_control_bldc.o
    0x080053ce   0x080053ce   0x00000002   PAD
    0x080053d0   0x080053d0   0x00000012   Code   RO          756    .text.flash_lock    at32m412_416_flash.o
    0x080053e2   0x080053e2   0x00000002   PAD
    0x080053e4   0x080053e4   0x00000082   Code   RO          758    .text.flash_sector_erase  at32m412_416_flash.o
    0x08005466   0x08005466   0x00000002   PAD
    0x08005468   0x08005468   0x0000001e   Code   RO          754    .text.flash_unlock  at32m412_416_flash.o
    0x08005486   0x08005486   0x00000002   PAD
    0x08005488   0x08005488   0x0000007a   Code   RO          766    .text.flash_word_program  at32m412_416_flash.o
    0x08005502   0x08005502   0x00000002   PAD
    0x08005504   0x08005504   0x0000010c   Code   RO         1763    .text.flash_write_int  user_interface_bldc.o
    0x08005610   0x08005610   0x0000000c   Code   RO         1791    .text.get_fw_id     motor_control_bldc.o
    0x0800561c   0x0800561c   0x00000188   Code   RO          120    .text.get_int_vref_cal_ratio  mc_hwio.o
    0x080057a4   0x080057a4   0x0000000c   Code   RO          844    .text.gpio_bits_write  at32m412_416_gpio.o
    0x080057b0   0x080057b0   0x0000000e   Code   RO          828    .text.gpio_default_para_init  at32m412_416_gpio.o
    0x080057be   0x080057be   0x00000002   PAD
    0x080057c0   0x080057c0   0x0000007a   Code   RO          826    .text.gpio_init     at32m412_416_gpio.o
    0x0800583a   0x0800583a   0x00000002   PAD
    0x0800583c   0x0800583c   0x000000ca   Code   RO           94    .text.gpio_output_init  mc_hwio.o
    0x08005906   0x08005906   0x00000002   PAD
    0x08005908   0x08005908   0x00000028   Code   RO          852    .text.gpio_pin_mux_config  at32m412_416_gpio.o
    0x08005930   0x08005930   0x00000160   Code   RO         1801    .text.hall_to_tmr_register_setting  motor_control_bldc.o
    0x08005a90   0x08005a90   0x0000003c   Code   RO          114    .text.led_blink     mc_hwio.o
    0x08005acc   0x08005acc   0x00000056   Code   RO          112    .text.led_init      mc_hwio.o
    0x08005b22   0x08005b22   0x00000002   PAD
    0x08005b24   0x08005b24   0x00000004   Code   RO          108    .text.led_off       mc_hwio.o
    0x08005b28   0x08005b28   0x00000004   Code   RO          106    .text.led_on        mc_hwio.o
    0x08005b2c   0x08005b2c   0x00000008   Code   RO          110    .text.led_toggle    mc_hwio.o
    0x08005b34   0x08005b34   0x00000004   PAD
    0x08005b38   0x08005b38   0x00000088   Code   RO         1695    .text.lowpass_filter_init  mc_math.o
    0x08005bc0   0x08005bc0   0x00000040   Code   RO         1697    .text.lowpass_filtering  mc_math.o
    0x08005c00   0x08005c00   0x00000136   Code   RO           33    .text.main          main.o
    0x08005d36   0x08005d36   0x00000002   PAD
    0x08005d38   0x08005d38   0x00000036   Code   RO         1453    .text.mc_delay_init  mc_delay.o
    0x08005d6e   0x08005d6e   0x00000002   PAD
    0x08005d70   0x08005d70   0x00000024   Code   RO         1457    .text.mc_delay_ms   mc_delay.o
    0x08005d94   0x08005d94   0x00000276   Code   RO         1883    .text.mc_param_init  mc_bldc_kernal.lib(mc_bldc_kernal.o)
    0x0800600a   0x0800600a   0x00000002   PAD
    0x0800600c   0x0800600c   0x000000c0   Code   RO         1819    .text.motor_ccw_init  motor_control_bldc.o
    0x080060cc   0x080060cc   0x000000a6   Code   RO         1813    .text.motor_cw_init  motor_control_bldc.o
    0x08006172   0x08006172   0x00000002   PAD
    0x08006174   0x08006174   0x00000024   Code   RO         1687    .text.moving_average  mc_math.o
    0x08006198   0x08006198   0x0000004c   Code   RO         1689    .text.moving_average_update  mc_math.o
    0x080061e4   0x080061e4   0x00000036   Code   RO         1841    .text.normal_state_led_blink  motor_control_bldc.o
    0x0800621a   0x0800621a   0x00000002   PAD
    0x0800621c   0x0800621c   0x00000054   Code   RO           72    .text.nvic_config   mc_hwio.o
    0x08006270   0x08006270   0x00000076   Code   RO          957    .text.nvic_irq_enable  at32m412_416_misc.o
    0x080062e6   0x080062e6   0x00000002   PAD
    0x080062e8   0x080062e8   0x00000020   Code   RO          961    .text.nvic_priority_group_config  at32m412_416_misc.o
    0x08006308   0x08006308   0x00000096   Code   RO           90    .text.ocp_cmp_config  mc_hwio.o
    0x0800639e   0x0800639e   0x00000002   PAD
    0x080063a0   0x080063a0   0x00000012   Code   RO         1001    .text.op_calibration_select  at32m412_416_op.o
    0x080063b2   0x080063b2   0x00000002   PAD
    0x080063b4   0x080063b4   0x00000008   Code   RO         1003    .text.op_calout_status_get  at32m412_416_op.o
    0x080063bc   0x080063bc   0x0000000a   Code   RO          977    .text.op_enable     at32m412_416_op.o
    0x080063c6   0x080063c6   0x00000002   PAD
    0x080063c8   0x080063c8   0x00000012   Code   RO          997    .text.op_internal_output_select  at32m412_416_op.o
    0x080063da   0x080063da   0x00000002   PAD
    0x080063dc   0x080063dc   0x00000026   Code   RO          981    .text.op_set_functional_mode  at32m412_416_op.o
    0x08006402   0x08006402   0x00000002   PAD
    0x08006404   0x08006404   0x00000012   Code   RO          985    .text.op_set_highspeed_mode_enable  at32m412_416_op.o
    0x08006416   0x08006416   0x00000002   PAD
    0x08006418   0x08006418   0x00000012   Code   RO          989    .text.op_set_input_inverting  at32m412_416_op.o
    0x0800642a   0x0800642a   0x00000002   PAD
    0x0800642c   0x0800642c   0x00000012   Code   RO          987    .text.op_set_input_non_inverting  at32m412_416_op.o
    0x0800643e   0x0800643e   0x00000002   PAD
    0x08006440   0x08006440   0x00000012   Code   RO          979    .text.op_set_mode   at32m412_416_op.o
    0x08006452   0x08006452   0x00000002   PAD
    0x08006454   0x08006454   0x0000002a   Code   RO         1005    .text.op_set_triming_value  at32m412_416_op.o
    0x0800647e   0x0800647e   0x00000002   PAD
    0x08006480   0x08006480   0x00000012   Code   RO          999    .text.op_set_trimming_mode  at32m412_416_op.o
    0x08006492   0x08006492   0x00000002   PAD
    0x08006494   0x08006494   0x00000088   Code   RO           98    .text.opa_calibration  mc_hwio.o
    0x0800651c   0x0800651c   0x000000aa   Code   RO           96    .text.opa_init      mc_hwio.o
    0x080065c6   0x080065c6   0x00000002   PAD
    0x080065c8   0x080065c8   0x00000062   Code   RO         1831    .text.open_loop_cmd_ramp  motor_control_bldc.o
    0x0800662a   0x0800662a   0x00000006   PAD
    0x08006630   0x08006630   0x00000148   Code   RO         1795    .text.param_clear   motor_control_bldc.o
    0x08006778   0x08006778   0x00000062   Code   RO         1799    .text.param_init    motor_control_bldc.o
    0x080067da   0x080067da   0x00000002   PAD
    0x080067dc   0x080067dc   0x0000006c   Code   RO         1553    .text.pid_controller_static_clamp  mc_pid_controller.o
    0x08006848   0x08006848   0x00000004   Code   RO         1537    .text.pid_set_ki    mc_pid_controller.o
    0x0800684c   0x0800684c   0x00000004   Code   RO         1535    .text.pid_set_kp    mc_pid_controller.o
    0x08006850   0x08006850   0x0000003c   Code   RO          104    .text.pull_up_config  mc_hwio.o
    0x0800688c   0x0800688c   0x00000022   Code   RO         1825    .text.pwm_duty_update  motor_control_bldc.o
    0x080068ae   0x080068ae   0x00000002   PAD
    0x080068b0   0x080068b0   0x00000064   Code   RO         1721    .text.rdy_to_close_loop_param  mc_bldc_sensorless.o
    0x08006914   0x08006914   0x00000044   Code   RO         1557    .text.readCurrentPidFromFlash  mc_pid_controller.o
    0x08006958   0x08006958   0x00000040   Code   RO         1559    .text.readSpeedVoltPidFromFlash  mc_pid_controller.o
    0x08006998   0x08006998   0x0000000c   Code   RO         1793    .text.remap_exint_clock_enable_config  motor_control_bldc.o
    0x080069a4   0x080069a4   0x0000000a   Code   RO         1691    .text.reset_ma_buffer  mc_math.o
    0x080069ae   0x080069ae   0x00000002   PAD
    0x080069b0   0x080069b0   0x00000020   Code   RO         1549    .text.set_current_pid_param  mc_pid_controller.o
    0x080069d0   0x080069d0   0x00000060   Code   RO         1713    .text.set_next_detect_hall_state  mc_bldc_sensorless.o
    0x08006a30   0x08006a30   0x00000030   Code   RO         1719    .text.set_starting_volt  mc_bldc_sensorless.o
    0x08006a60   0x08006a60   0x000000e8   Code   RO         1501    .text.start_bldc    mc_bldc.o
    0x08006b48   0x08006b48   0x00000072   Code   RO         1711    .text.start_up_config  mc_bldc_sensorless.o
    0x08006bba   0x08006bba   0x00000002   PAD
    0x08006bbc   0x08006bbc   0x0000009a   Code   RO            2    .text.system_clock_config  at32m412_416_clock.o
    0x08006c56   0x08006c56   0x00000002   PAD
    0x08006c58   0x08006c58   0x000000c4   Code   RO         1431    .text.system_core_clock_update  system_at32m412_416.o
    0x08006d1c   0x08006d1c   0x00000018   Code   RO          967    .text.systick_clock_source_config  at32m412_416_misc.o
    0x08006d34   0x08006d34   0x00000044   Code   RO         1451    .text.systick_init  mc_delay.o
    0x08006d78   0x08006d78   0x0000000e   Code   RO         1147    .text.tmr_base_init  at32m412_416_tmr.o
    0x08006d86   0x08006d86   0x00000002   PAD
    0x08006d88   0x08006d88   0x000000e4   Code   RO           82    .text.tmr_blank_init  mc_hwio.o
    0x08006e6c   0x08006e6c   0x00000110   Code   RO           84    .text.tmr_blank_trigger_init  mc_hwio.o
    0x08006f7c   0x08006f7c   0x00000012   Code   RO         1255    .text.tmr_brk_filter_value_set  at32m412_416_tmr.o
    0x08006f8e   0x08006f8e   0x00000002   PAD
    0x08006f90   0x08006f90   0x00000086   Code   RO         1275    .text.tmr_brk_input_config  at32m412_416_tmr.o
    0x08007016   0x08007016   0x00000002   PAD
    0x08007018   0x08007018   0x0000007a   Code   RO         1253    .text.tmr_brkdt_config  at32m412_416_tmr.o
    0x08007092   0x08007092   0x00000002   PAD
    0x08007094   0x08007094   0x0000000a   Code   RO         1143    .text.tmr_brkdt_default_para_init  at32m412_416_tmr.o
    0x0800709e   0x0800709e   0x00000002   PAD
    0x080070a0   0x080070a0   0x0000000a   Code   RO         1213    .text.tmr_channel_buffer_enable  at32m412_416_tmr.o
    0x080070aa   0x080070aa   0x00000002   PAD
    0x080070ac   0x080070ac   0x00000012   Code   RO         1209    .text.tmr_channel_dma_select  at32m412_416_tmr.o
    0x080070be   0x080070be   0x00000002   PAD
    0x080070c0   0x080070c0   0x0000004e   Code   RO         1173    .text.tmr_channel_value_set  at32m412_416_tmr.o
    0x0800710e   0x0800710e   0x00000002   PAD
    0x08007110   0x08007110   0x00000012   Code   RO         1149    .text.tmr_clock_source_div_set  at32m412_416_tmr.o
    0x08007122   0x08007122   0x00000002   PAD
    0x08007124   0x08007124   0x00000012   Code   RO         1151    .text.tmr_cnt_dir_set  at32m412_416_tmr.o
    0x08007136   0x08007136   0x00000002   PAD
    0x08007138   0x08007138   0x0000006e   Code   RO           76    .text.tmr_comp_capture_init  mc_hwio.o
    0x080071a6   0x080071a6   0x00000002   PAD
    0x080071a8   0x080071a8   0x0000000a   Code   RO         1137    .text.tmr_counter_enable  at32m412_416_tmr.o
    0x080071b2   0x080071b2   0x00000002   PAD
    0x080071b4   0x080071b4   0x00000004   Code   RO         1157    .text.tmr_counter_value_set  at32m412_416_tmr.o
    0x080071b8   0x080071b8   0x0000001a   Code   RO         1221    .text.tmr_dma_request_enable  at32m412_416_tmr.o
    0x080071d2   0x080071d2   0x00000002   PAD
    0x080071d4   0x080071d4   0x00000008   Code   RO         1231    .text.tmr_event_sw_trigger  at32m412_416_tmr.o
    0x080071dc   0x080071dc   0x00000006   Code   RO         1229    .text.tmr_flag_clear  at32m412_416_tmr.o
    0x080071e2   0x080071e2   0x00000002   PAD
    0x080071e4   0x080071e4   0x0000000a   Code   RO         1227    .text.tmr_flag_get  at32m412_416_tmr.o
    0x080071ee   0x080071ee   0x00000002   PAD
    0x080071f0   0x080071f0   0x00000012   Code   RO         1211    .text.tmr_hall_select  at32m412_416_tmr.o
    0x08007202   0x08007202   0x00000002   PAD
    0x08007204   0x08007204   0x00000008   Code   RO         1279    .text.tmr_input_ch_select  at32m412_416_tmr.o
    0x0800720c   0x0800720c   0x000001c0   Code   RO         1191    .text.tmr_input_channel_init  at32m412_416_tmr.o
    0x080073cc   0x080073cc   0x0000001a   Code   RO         1223    .text.tmr_interrupt_enable  at32m412_416_tmr.o
    0x080073e6   0x080073e6   0x00000002   PAD
    0x080073e8   0x080073e8   0x00000012   Code   RO         1185    .text.tmr_one_cycle_mode_enable  at32m412_416_tmr.o
    0x080073fa   0x080073fa   0x00000002   PAD
    0x080073fc   0x080073fc   0x0000007e   Code   RO         1179    .text.tmr_output_channel_buffer_enable  at32m412_416_tmr.o
    0x0800747a   0x0800747a   0x00000002   PAD
    0x0800747c   0x0800747c   0x000002be   Code   RO         1165    .text.tmr_output_channel_config  at32m412_416_tmr.o
    0x0800773a   0x0800773a   0x00000002   PAD
    0x0800773c   0x0800773c   0x0000000a   Code   RO         1139    .text.tmr_output_default_para_init  at32m412_416_tmr.o
    0x08007746   0x08007746   0x00000002   PAD
    0x08007748   0x08007748   0x00000012   Code   RO         1233    .text.tmr_output_enable  at32m412_416_tmr.o
    0x0800775a   0x0800775a   0x00000002   PAD
    0x0800775c   0x0800775c   0x00000012   Code   RO         1177    .text.tmr_period_buffer_enable  at32m412_416_tmr.o
    0x0800776e   0x0800776e   0x00000002   PAD
    0x08007770   0x08007770   0x00000012   Code   RO         1205    .text.tmr_primary_mode_select  at32m412_416_tmr.o
    0x08007782   0x08007782   0x00000002   PAD
    0x08007784   0x08007784   0x000002a2   Code   RO           74    .text.tmr_pwm_init  mc_hwio.o
    0x08007a26   0x08007a26   0x00000002   PAD
    0x08007a28   0x08007a28   0x00000044   Code   RO         1155    .text.tmr_repetition_counter_set  at32m412_416_tmr.o
    0x08007a6c   0x08007a6c   0x00000048   Code   RO           80    .text.tmr_sensorless_change_phase_init  mc_hwio.o
    0x08007ab4   0x08007ab4   0x0000001a   Code   RO         1207    .text.tmr_sub_mode_select  at32m412_416_tmr.o
    0x08007ace   0x08007ace   0x00000002   PAD
    0x08007ad0   0x08007ad0   0x00000012   Code   RO         1219    .text.tmr_sub_sync_mode_set  at32m412_416_tmr.o
    0x08007ae2   0x08007ae2   0x00000002   PAD
    0x08007ae4   0x08007ae4   0x00000012   Code   RO         1217    .text.tmr_trigger_input_select  at32m412_416_tmr.o
    0x08007af6   0x08007af6   0x00000002   PAD
    0x08007af8   0x08007af8   0x000000b2   Code   RO          100    .text.uart_init     mc_hwio.o
    0x08007baa   0x08007baa   0x00000002   PAD
    0x08007bac   0x08007bac   0x00000050   Code   RO         1521    .text.uart_rx_init  mc_comm_uart.o
    0x08007bfc   0x08007bfc   0x00000108   Code   RO         1743    .text.ui_rx_receive_handler  user_interface_bldc.o
    0x08007d04   0x08007d04   0x000000d2   Code   RO         1777    .text.ui_save_monitor_data  user_interface_bldc.o
    0x08007dd6   0x08007dd6   0x00000002   PAD
    0x08007dd8   0x08007dd8   0x00000012   Code   RO         1311    .text.usart_dma_receiver_enable  at32m412_416_usart.o
    0x08007dea   0x08007dea   0x00000002   PAD
    0x08007dec   0x08007dec   0x00000012   Code   RO         1309    .text.usart_dma_transmitter_enable  at32m412_416_usart.o
    0x08007dfe   0x08007dfe   0x00000002   PAD
    0x08007e00   0x08007e00   0x00000012   Code   RO         1297    .text.usart_enable  at32m412_416_usart.o
    0x08007e12   0x08007e12   0x00000002   PAD
    0x08007e14   0x08007e14   0x0000002c   Code   RO         1349    .text.usart_flag_clear  at32m412_416_usart.o
    0x08007e40   0x08007e40   0x0000000a   Code   RO         1345    .text.usart_flag_get  at32m412_416_usart.o
    0x08007e4a   0x08007e4a   0x00000002   PAD
    0x08007e4c   0x08007e4c   0x000000a0   Code   RO         1293    .text.usart_init    at32m412_416_usart.o
    0x08007eec   0x08007eec   0x00000020   Code   RO         1307    .text.usart_interrupt_enable  at32m412_416_usart.o
    0x08007f0c   0x08007f0c   0x00000012   Code   RO         1301    .text.usart_receiver_enable  at32m412_416_usart.o
    0x08007f1e   0x08007f1e   0x00000002   PAD
    0x08007f20   0x08007f20   0x00000012   Code   RO         1299    .text.usart_transmitter_enable  at32m412_416_usart.o
    0x08007f32   0x08007f32   0x00000002   PAD
    0x08007f34   0x08007f34   0x00000208   Code   RO         1761    .text.write_flash_cmd  user_interface_bldc.o
    0x0800813c   0x0800813c   0x00000004   PAD
    0x08008140   0x08008140   0x000003c4   Code   RO         1920    i.__hardfp_log      m_wm.l(log.o)
    0x08008504   0x08008504   0x00000004   PAD
    0x08008508   0x08008508   0x00000100   Code   RO         1927    i.__hardfp_log2     m_wm.l(log2.o)
    0x08008608   0x08008608   0x000000e0   Code   RO         1931    i.__hardfp_round    m_wm.l(round.o)
    0x080086e8   0x080086e8   0x000000f8   Code   RO         2277    i.__kernel_poly     m_wm.l(poly.o)
    0x080087e0   0x080087e0   0x00000030   Code   RO         2257    i.__mathlib_dbl_divzero  m_wm.l(dunder.o)
    0x08008810   0x08008810   0x00000014   Code   RO         2258    i.__mathlib_dbl_infnan  m_wm.l(dunder.o)
    0x08008824   0x08008824   0x00000004   PAD
    0x08008828   0x08008828   0x00000020   Code   RO         2260    i.__mathlib_dbl_invalid  m_wm.l(dunder.o)
    0x08008848   0x08008848   0x0000000e   Code   RO         2348    i.__scatterload_copy  mc_w.l(handlers.o)
    0x08008856   0x08008856   0x00000002   Code   RO         2349    i.__scatterload_null  mc_w.l(handlers.o)
    0x08008858   0x08008858   0x0000000e   Code   RO         2350    i.__scatterload_zeroinit  mc_w.l(handlers.o)
    0x08008866   0x08008866   0x00000002   PAD
    0x08008868   0x08008868   0x0000000c   Code   RO         2320    i.__set_errno       mc_w.l(errno.o)
    0x08008874   0x08008874   0x00000004   PAD
    0x08008878   0x08008878   0x0000008c   Code   RO         2273    i.frexp             m_wm.l(frexp.o)
    0x08008904   0x08008904   0x00000010   Code   RO         1922    i.log               m_wm.l(log.o)
    0x08008914   0x08008914   0x0000006c   Code   RO         2208    i.malloc            mc_w.l(malloc.o)
    0x08008980   0x08008980   0x00000038   Data   RO         1923    .constdata          m_wm.l(log.o)
    0x080089b8   0x080089b8   0x00000008   Data   RO         2279    .constdata          m_wm.l(qnan.o)
    0x080089c0   0x080089c0   0x00000008   Data   RO          475    .rodata.cst8        at32m412_416_crm.o
    0x080089c8   0x080089c8   0x00000007   Data   RO         1573    .rodata.emf_detect_cmp_channel  mc_bldc_globals.o
    0x080089cf   0x080089cf   0x00000007   Data   RO         1574    .rodata.emf_detect_cmp_polarity  mc_bldc_globals.o
    0x080089d6   0x080089d6   0x0000001c   Data   RO         1589    .rodata.output_hall_state  mc_bldc_globals.o
    0x080089f2   0x080089f2   0x0000001c   Data   RO         1588    .rodata.pwm_pattern  mc_bldc_globals.o
    0x08008a0e   0x08008a0e   0x00000020   Data   RO         1569    .rodata.s_fwVer     mc_bldc_globals.o
    0x08008a2e   0x08008a2e   0x00000002   PAD
    0x08008a30   0x08008a30   0x00000020   Data   RO         2347    Region$$Table       anon$$obj.o


    Execution Region RW_IRAM1 (Exec base: 0x20000000, Load base: 0x08008a50, Size: 0x00001748, Max: 0x00004000, ABSOLUTE, COMPRESSED[0x00000130])

    Exec Addr    Load Addr    Size         Type   Attr      Idx    E Section Name        Object

    0x20000000   COMPRESSED   0x00000004   Data   RW         2316    .data               mc_w.l(mvars.o)
    0x20000004   COMPRESSED   0x00000004   Data   RW         2317    .data               mc_w.l(mvars.o)
    0x20000008   COMPRESSED   0x00000004   Data   RW         2321    .data               mc_w.l(errno.o)
    0x2000000c   COMPRESSED   0x00000004   PAD
    0x20000010   COMPRESSED   0x00000048   Data   RW         1637    .data.I_auto_tune   mc_bldc_globals.o
    0x20000058   COMPRESSED   0x00000040   Data   RW         1592    .data.adc_sample    mc_bldc_globals.o
    0x20000098   COMPRESSED   0x0000000c   Data   RW         1571    .data.blank         mc_bldc_globals.o
    0x200000a4   COMPRESSED   0x00000008   Data   RW         1570    .data.blank_trigger  mc_bldc_globals.o
    0x200000ac   COMPRESSED   0x00000002   Data   RW         1614    .data.buffer_index  mc_bldc_globals.o
    0x200000ae   COMPRESSED   0x00000002   PAD
    0x200000b0   COMPRESSED   0x00000068   Data   RW         1591    .data.current       mc_bldc_globals.o
    0x20000118   COMPRESSED   0x00000020   Data   RW         1604    .data.current_LPF   mc_bldc_globals.o
    0x20000138   COMPRESSED   0x00000002   Data   RW         1576    .data.error_code_mask  mc_bldc_globals.o
    0x2000013a   COMPRESSED   0x00000001   Data   RW         1626    .data.esc_state_old  mc_bldc_globals.o
    0x2000013b   COMPRESSED   0x00000001   PAD
    0x2000013c   COMPRESSED   0x00000038   Data   RW         1598    .data.hall          mc_bldc_globals.o
    0x20000174   COMPRESSED   0x00000048   Data   RW         1599    .data.hall_learn    mc_bldc_globals.o
    0x200001bc   COMPRESSED   0x00000004   PAD
    0x200001c0   COMPRESSED   0x00000048   Data   RW         1636    .data.motor_param_ident  mc_bldc_globals.o
    0x20000208   COMPRESSED   0x0000001c   Data   RW         1580    .data.next_hall_state  mc_bldc_globals.o
    0x20000224   COMPRESSED   0x00000030   Data   RW         1596    .data.pid_spd_volt  mc_bldc_globals.o
    0x20000254   COMPRESSED   0x00000002   Data   RW         1605    .data.pwm_pr        mc_bldc_globals.o
    0x20000256   COMPRESSED   0x00000002   PAD
    0x20000258   COMPRESSED   0x00000004   Data   RW         1635    .data.spd_last_cval  mc_bldc_globals.o
    0x2000025c   COMPRESSED   0x00000004   PAD
    0x20000260   COMPRESSED   0x00000020   Data   RW         1603    .data.speed_LPF     mc_bldc_globals.o
    0x20000280   COMPRESSED   0x0000000a   Data   RW         1525    .data.sync_frame    mc_comm_uart.o
    0x2000028a   COMPRESSED   0x00000002   PAD
    0x2000028c   COMPRESSED   0x00000004   Data   RW         1433    .data.system_core_clock  system_at32m412_416.o
    0x20000290   COMPRESSED   0x00000038   Data   RW         1578    .data.tmr_pwm_channel_mode  mc_bldc_globals.o
    0x200002c8   COMPRESSED   0x0000001c   Data   RW         1579    .data.tmr_pwm_output_mode  mc_bldc_globals.o
    0x200002e4   COMPRESSED   0x00000001   Data   RW         1615    .data.ui_receive_cmd_index  mc_bldc_globals.o
    0x200002e5   COMPRESSED   0x00000003   PAD
    0x200002e8   COMPRESSED   0x00000030   Data   RW         1600    .data.ui_usart      mc_bldc_globals.o
    0x20000318   COMPRESSED   0x00000002   Data   RW         1609    .data.vdc_ratio     mc_bldc_globals.o
    0x2000031a   COMPRESSED   0x00000006   PAD
    0x20000320        -       0x00000001   Zero   RW         1632    .bss.EMF_switch_sample_position  mc_bldc_globals.o
    0x20000321   COMPRESSED   0x00000001   PAD
    0x20000322        -       0x00000002   Zero   RW         1674    .bss.I_tune_count   mc_bldc_globals.o
    0x20000324        -       0x00000001   Zero   RW         1779    .bss.MonitorRegID_1  user_interface_bldc.o
    0x20000325        -       0x00000001   Zero   RW         1780    .bss.MonitorRegID_2  user_interface_bldc.o
    0x20000326        -       0x00000002   Zero   RW           64    .bss.SysTick_Handler.led_blink_cnt  mc_isr.o
    0x20000328        -       0x00000001   Zero   RW           62    .bss.TMR1_OVF_TMR10_IRQHandler.ui_count  mc_isr.o
    0x20000329   COMPRESSED   0x00000001   PAD
    0x2000032a        -       0x00000006   Zero   RW          124    .bss.adc_in_tab     mc_hwio.o
    0x20000330        -       0x00000001   Zero   RW         1620    .bss.bldc_rdy       mc_bldc_globals.o
    0x20000331        -       0x00000001   Zero   RW         1625    .bss.calc_spd_rdy   mc_bldc_globals.o
    0x20000332        -       0x00000001   Zero   RW         1619    .bss.change_phase_flag  mc_bldc_globals.o
    0x20000333        -       0x00000001   Zero   RW         1622    .bss.closeloop_rdy  mc_bldc_globals.o
    0x20000334        -       0x00000001   Zero   RW         1612    .bss.cmd_response_rdy  mc_bldc_globals.o
    0x20000335        -       0x00000005   Zero   RW         1638    .bss.cmp_init_struct  mc_bldc_globals.o
    0x2000033a        -       0x00000001   Zero   RW         1624    .bss.const_current_ctrl  mc_bldc_globals.o
    0x2000033b   COMPRESSED   0x00000001   PAD
    0x2000033c        -       0x00000010   Zero   RW           37    .bss.crm_clocks_freq_struct  main.o
    0x2000034c        -       0x00000001   Zero   RW         1640    .bss.ctrl_mode      mc_bldc_globals.o
    0x2000034d        -       0x00000001   Zero   RW         1644    .bss.ctrl_source    mc_bldc_globals.o
    0x2000034e        -       0x00000001   Zero   RW         1618    .bss.curr_offset_rdy  mc_bldc_globals.o
    0x2000034f        -       0x00000001   Zero   RW         1623    .bss.current_loop_ctrl  mc_bldc_globals.o
    0x20000350        -       0x00000001   Zero   RW         1485    .bss.current_offset_init.icount  mc_curr_fdbk.o
    0x20000351   COMPRESSED   0x00000001   PAD
    0x20000352        -       0x00000002   Zero   RW         1486    .bss.current_offset_init.temp1  mc_curr_fdbk.o
    0x20000354        -       0x00000002   Zero   RW         1487    .bss.current_offset_init.temp2  mc_curr_fdbk.o
    0x20000356        -       0x00000002   Zero   RW         1488    .bss.current_offset_init.temp3  mc_curr_fdbk.o
    0x20000358        -       0x00000002   Zero   RW         1678    .bss.current_tune_step_period  mc_bldc_globals.o
    0x2000035a        -       0x00000002   Zero   RW         1676    .bss.current_tune_target_current  mc_bldc_globals.o
    0x2000035c        -       0x00000002   Zero   RW         1677    .bss.current_tune_total_period  mc_bldc_globals.o
    0x2000035e        -       0x00000001   Zero   RW           61    .bss.detect_zcp_flag  mc_isr.o
    0x2000035f   COMPRESSED   0x00000001   PAD
    0x20000360        -       0x00000006   Zero   RW           63    .bss.emf_adc_val    mc_isr.o
    0x20000366        -       0x00000002   Zero   RW         1630    .bss.emf_avoid_noise_counter  mc_bldc_globals.o
    0x20000368        -       0x00000002   Zero   RW         1575    .bss.error_code     mc_bldc_globals.o
    0x2000036a        -       0x00000001   Zero   RW         1627    .bss.esc_state      mc_bldc_globals.o
    0x2000036b        -       0x00000024   Zero   RW         1613    .bss.extra_data_buffer  mc_bldc_globals.o
    0x2000038f   COMPRESSED   0x00000001   PAD
    0x20000390        -       0x00000004   Zero   RW         1462    .bss.fac_ms         mc_delay.o
    0x20000394        -       0x00000004   Zero   RW         1461    .bss.fac_us         mc_delay.o
    0x20000398        -       0x00000001   Zero   RW         1639    .bss.firmware_id    mc_bldc_globals.o
    0x20000399   COMPRESSED   0x00000003   PAD
    0x2000039c        -       0x00000400   Zero   RW         1781    .bss.flash_buf_int  user_interface_bldc.o
    0x2000079c        -       0x0000000c   Zero   RW         1582    .bss.hall_learn_state_table  mc_bldc_globals.o
    0x200007a8        -       0x00000004   Zero   RW         1673    .bss.i32_speed_filterd  mc_bldc_globals.o
    0x200007ac        -       0x00000002   Zero   RW         1656    .bss.iMosTemperature  mc_bldc_globals.o
    0x200007ae        -       0x00000002   Zero   RW         1641    .bss.ibus_filterd   mc_bldc_globals.o
    0x200007b0        -       0x00000004   Zero   RW         1679    .bss.intCoeffs32_p  mc_bldc_globals.o
    0x200007b4        -       0x00000004   Zero   RW         1669    .bss.interval_moving_average_fliter  mc_bldc_globals.o
    0x200007b8        -       0x00000002   Zero   RW         1645    .bss.max_current_pu  mc_bldc_globals.o
    0x200007ba        -       0x00000002   Zero   RW         1646    .bss.min_current_pu  mc_bldc_globals.o
    0x200007bc        -       0x00000008   Zero   RW         1652    .bss.monitor_data   mc_bldc_globals.o
    0x200007c4        -       0x0000045c   Zero   RW         1655    .bss.monitor_data_buffer  mc_bldc_globals.o
    0x20000c20        -       0x00000001   Zero   RW         1611    .bss.monitor_data_buffer_num  mc_bldc_globals.o
    0x20000c21   COMPRESSED   0x00000001   PAD
    0x20000c22        -       0x00000016   Zero   RW         1602    .bss.openloop       mc_bldc_globals.o
    0x20000c38        -       0x00000001   Zero   RW         1616    .bss.param_initial_rdy  mc_bldc_globals.o
    0x20000c39   COMPRESSED   0x00000003   PAD
    0x20000c3c        -       0x00000030   Zero   RW         1594    .bss.pid_is         mc_bldc_globals.o
    0x20000c6c        -       0x00000030   Zero   RW         1595    .bss.pid_spd        mc_bldc_globals.o
    0x20000c9c        -       0x00000002   Zero   RW         1643    .bss.pwm_comp_value  mc_bldc_globals.o
    0x20000c9e        -       0x00000002   Zero   RW         1845    .bss.ramp_cnt       motor_control_bldc.o
    0x20000ca0        -       0x00000018   Zero   RW         1590    .bss.rotor_speed    mc_bldc_globals.o
    0x20000cb8        -       0x0000000d   Zero   RW         1650    .bss.rx_data_command  mc_bldc_globals.o
    0x20000cc5   COMPRESSED   0x00000003   PAD
    0x20000cc8        -       0x00000400   Zero   RW         1653    .bss.save_param_buffer  mc_bldc_globals.o
    0x200010c8        -       0x00000002   Zero   RW         1629    .bss.sense_hall_steps  mc_bldc_globals.o
    0x200010ca        -       0x00000002   Zero   RW         1633    .bss.sp_value       mc_bldc_globals.o
    0x200010cc        -       0x00000004   Zero   RW         1634    .bss.spd_cval       mc_bldc_globals.o
    0x200010d0        -       0x00000004   Zero   RW         1672    .bss.spd_total_cval  mc_bldc_globals.o
    0x200010d4        -       0x0000000c   Zero   RW         1597    .bss.speed_ramp     mc_bldc_globals.o
    0x200010e0        -       0x00000002   Zero   RW         1647    .bss.start_current_cmd  mc_bldc_globals.o
    0x200010e2        -       0x00000002   Zero   RW         1649    .bss.start_period   mc_bldc_globals.o
    0x200010e4        -       0x00000001   Zero   RW         1628    .bss.start_state    mc_bldc_globals.o
    0x200010e5        -       0x00000001   Zero   RW         1617    .bss.start_stop_btn_flag  mc_bldc_globals.o
    0x200010e6        -       0x00000002   Zero   RW         1648    .bss.start_volt_cmd  mc_bldc_globals.o
    0x200010e8        -       0x00000002   Zero   RW         1606    .bss.sys_counter    mc_bldc_globals.o
    0x200010ea        -       0x00000028   Zero   RW         1651    .bss.tx_data_response  mc_bldc_globals.o
    0x20001112        -       0x00000014   Zero   RW         1601    .bss.ui_wave_param  mc_bldc_globals.o
    0x20001126        -       0x00000006   Zero   RW         1654    .bss.usart_data_idx  mc_bldc_globals.o
    0x2000112c        -       0x0000000c   Zero   RW         1526    .bss.usart_rx_buffer  mc_comm_uart.o
    0x20001138        -       0x00000002   Zero   RW         1642    .bss.volt_cmd       mc_bldc_globals.o
    0x2000113a        -       0x00000002   Zero   RW         1662    .bss.zcp_highspd_fall  mc_bldc_globals.o
    0x2000113c        -       0x00000002   Zero   RW         1663    .bss.zcp_highspd_rise  mc_bldc_globals.o
    0x2000113e        -       0x00000002   Zero   RW         1660    .bss.zcp_lowspd_fall  mc_bldc_globals.o
    0x20001140        -       0x00000002   Zero   RW         1661    .bss.zcp_lowspd_rise  mc_bldc_globals.o
    0x20001142   COMPRESSED   0x00000006   PAD
    0x20001148        -       0x00000200   Zero   RW         1442    HEAP                startup_at32m412_416.o
    0x20001348        -       0x00000400   Zero   RW         1441    STACK               startup_at32m412_416.o



  Load Region LR_IROM2 (Base: 0x0801fc00, Size: 0x00000400, Max: 0x00000400, ABSOLUTE)

    Execution Region ER_IROM2 (Exec base: 0x0801fc00, Load base: 0x0801fc00, Size: 0x00000400, Max: 0x00000400, ABSOLUTE)

    Exec Addr    Load Addr    Size         Type   Attr      Idx    E Section Name        Object

    0x0801fc00   0x0801fc00   0x00000320   Data   RO         1860    .ARM.__at_0x0801FC00  mc_flash_data_table_bldc.o
    0x0801ff20   0x0801ff20   0x000000e0   Data   RO         1861    .ARM.__at_0x0801FF20  mc_flash_data_table_bldc.o


==============================================================================

Image component sizes


      Code (inc. data)   RO Data    RW Data    ZI Data      Debug   Object Name

      1922        128          0          0          0      27702   at32m412_416_adc.o
       154          0          0          0          0       7512   at32m412_416_clock.o
       342          0          0          0          0       5433   at32m412_416_cmp.o
       840         34          8          0          0      24275   at32m412_416_crm.o
       118          0          0          0          0       7611   at32m412_416_dac.o
        48          0          0          0          0       3261   at32m412_416_debug.o
       368          0          0          0          0      14166   at32m412_416_dma.o
       300          0          0          0          0      22559   at32m412_416_flash.o
       188          0          0          0          0      11578   at32m412_416_gpio.o
        16          0          0          0          0        996   at32m412_416_int.o
       174          0          0          0          0       6856   at32m412_416_misc.o
       224          0          0          0          0       5841   at32m412_416_op.o
      2044         50          0          0          0      39787   at32m412_416_tmr.o
       336          0          0          0          0      14346   at32m412_416_usart.o
       310          0          0          0         16      11242   main.o
       564          0          0          0          0      19680   mc_bldc.o
      1636         40          0          0          0      22342   mc_bldc_esc_state_sensorless.o
         0          0        102        746       2515      35580   mc_bldc_globals.o
       892          0          0          0          0      24490   mc_bldc_sensorless.o
       422          0          0         10         12      10052   mc_comm_uart.o
       296          0          0          0          7      17130   mc_curr_fdbk.o
       158          0          0          0          8       5371   mc_delay.o
         0          0       1024          0          0       1037   mc_flash_data_table_bldc.o
      4114          0          0          0          6      51313   mc_hwio.o
      1404          4          0          0         10      23498   mc_isr.o
       322         16          0          0          0       3538   mc_math.o
       340          0          0          0          0       9426   mc_pid_controller.o
      2650         32          0          0          2      37764   motor_control_bldc.o
        36          8        444          0       1536       1072   startup_at32m412_416.o
       306         24          0          4          0       8965   system_at32m412_416.o
      9118        842          0          0       1026      39852   user_interface_bldc.o

    ----------------------------------------------------------------------
     29904       1178       1612        780       5164     514275   Object Totals
         0          0         32          0          0          0   (incl. Generated)
       262          0          2         20         26          0   (incl. Padding)

    ----------------------------------------------------------------------

      Code (inc. data)   RO Data    RW Data    ZI Data      Debug   Library Member Name

       100         28          0          0          0        372   dunder.o
       140         22          0          0          0        132   frexp.o
       980         92         56          0          0        440   log.o
       256         36          0          0          0        164   log2.o
       248          0          0          0          0        152   poly.o
         0          0          8          0          0          0   qnan.o
       224         30          0          0          0        172   round.o
       758         72          0          0          0      22774   mc_bldc_kernal.o
        86          0          0          0          0          0   __dczerorl2.o
        28          0          0          0          0         76   calloc.o
         0          0          0          0          0          0   entry.o
         0          0          0          0          0          0   entry10a.o
         0          0          0          0          0          0   entry11a.o
         8          4          0          0          0          0   entry2.o
         4          0          0          0          0          0   entry5.o
         0          0          0          0          0          0   entry7b.o
         0          0          0          0          0          0   entry8b.o
         8          4          0          0          0          0   entry9a.o
        12          6          0          4          0         68   errno.o
        30          0          0          0          0          0   handlers.o
        48         10          0          0          0         68   init.o
         0          0          0          0          0          0   iusefp.o
        30          0          0          0          0         68   llshl.o
        36          0          0          0          0         68   llsshr.o
        32          0          0          0          0         68   llushr.o
       108         16          0          0          0         84   malloc.o
        36          0          0          0          0         68   memcpya.o
        36          0          0          0          0        108   memseta.o
         0          0          0          8          0          0   mvars.o
        98          0          0          0          0         92   uldiv.o
        48          0          0          0          0         68   cdcmple.o
        48          0          0          0          0         68   cdrcmple.o
        56          0          0          0          0         88   d2f.o
       334          0          0          0          0        148   dadd.o
       222          0          0          0          0        100   ddiv.o
       186          0          0          0          0        176   depilogue.o
        62          0          0          0          0         80   dfixi.o
        34          0          0          0          0         76   dflti.o
        26          0          0          0          0         76   dfltui.o
       228          0          0          0          0         96   dmul.o
       136          4          0          0          0         92   drnd.o
        38          0          0          0          0         68   f2d.o
       110          0          0          0          0        168   fepilogue.o

    ----------------------------------------------------------------------
      4852        332         64         16          0      26278   Library Totals
        18          8          0          4          0          0   (incl. Padding)

    ----------------------------------------------------------------------

      Code (inc. data)   RO Data    RW Data    ZI Data      Debug   Library Name

      1948        208         64          0          0       1432   m_wm.l
       758         72          0          0          0      22774   mc_bldc_kernal.lib
       600         40          0         12          0        768   mc_w.l
      1528          4          0          0          0       1304   mf_w.l

    ----------------------------------------------------------------------
      4852        332         64         16          0      26278   Library Totals

    ----------------------------------------------------------------------

==============================================================================


      Code (inc. data)   RO Data    RW Data    ZI Data      Debug   

     34756       1510       1676        796       5164     538437   Grand Totals
     34756       1510       1676        304       5164     538437   ELF Image Totals (compressed)
     34756       1510       1676        304          0          0   ROM Totals

==============================================================================

    Total RO  Size (Code + RO Data)                36432 (  35.58kB)
    Total RW  Size (RW Data + ZI Data)              5960 (   5.82kB)
    Total ROM Size (Code + RO Data + RW Data)      36736 (  35.88kB)

==============================================================================

